Component: ARM Compiler 5.06 update 7 (build 960) Tool: armlink [4d3601]

==============================================================================

Section Cross References

    main.o(.text) refers to sdo.o(.text) for writeNetworkDict
    main.o(.text) refers to misc.o(.text) for NVIC_PriorityGroupConfig
    main.o(.text) refers to delay.o(.text) for delay_init
    main.o(.text) refers to usart.o(.text) for uart_init
    main.o(.text) refers to led.o(.text) for LED_Init
    main.o(.text) refers to key.o(.text) for KEY_Init
    main.o(.text) refers to canfestival_timer.o(.text) for TIM3_Int_Init
    main.o(.text) refers to canfestival_can.o(.text) for canfestival_can_init
    main.o(.text) refers to states.o(.text) for setNodeId
    main.o(.text) refers to sync.o(.text) for stopSYNC
    main.o(.text) refers to rt_memcpy_w.o(.text) for __aeabi_memcpy4
    main.o(.text) refers to canfestival_master.o(.data) for Master_Data
    main.o(.text) refers to main.o(.constdata) for .constdata
    system_stm32f4xx.o(.text) refers to system_stm32f4xx.o(.data) for SystemCoreClock
    led.o(.text) refers to stm32f4xx_rcc.o(.text) for RCC_AHB1PeriphClockCmd
    led.o(.text) refers to stm32f4xx_gpio.o(.text) for GPIO_Init
    key.o(.text) refers to stm32f4xx_rcc.o(.text) for RCC_AHB1PeriphClockCmd
    key.o(.text) refers to stm32f4xx_gpio.o(.text) for GPIO_Init
    key.o(.text) refers to delay.o(.text) for delay_ms
    key.o(.text) refers to key.o(.data) for key_up
    canfestival_can.o(.text) refers to stm32f4xx_rcc.o(.text) for RCC_AHB1PeriphClockCmd
    canfestival_can.o(.text) refers to stm32f4xx_gpio.o(.text) for GPIO_Init
    canfestival_can.o(.text) refers to stm32f4xx_can.o(.text) for CAN_Init
    canfestival_can.o(.text) refers to misc.o(.text) for NVIC_Init
    canfestival_can.o(.text) refers to rt_memcpy_v6.o(.text) for __aeabi_memcpy
    canfestival_can.o(.text) refers to states.o(.text) for canDispatch
    canfestival_can.o(.text) refers to canfestival_master.o(.data) for Master_Data
    canfestival_timer.o(.text) refers to stm32f4xx_rcc.o(.text) for RCC_APB1PeriphClockCmd
    canfestival_timer.o(.text) refers to stm32f4xx_tim.o(.text) for TIM_TimeBaseInit
    canfestival_timer.o(.text) refers to misc.o(.text) for NVIC_Init
    canfestival_timer.o(.text) refers to timer.o(.text) for TimeDispatch
    canfestival_master.o(.text) refers to canfestival_master.o(.constdata) for Master_objdict
    canfestival_master.o(.constdata) refers to canfestival_master.o(.data) for Master_Index1000
    canfestival_master.o(.data) refers to canfestival_master.o(.constdata) for Master_objdict
    canfestival_master.o(.data) refers to pdo.o(.text) for _RxPDO_EventTimers_Handler
    canfestival_master.o(.data) refers to canfestival_master.o(.text) for Master_valueRangeTest
    canfestival_master.o(.data) refers to states.o(.text) for _initialisation
    canfestival_master.o(.data) refers to lifegrd.o(.text) for _heartbeatError
    canfestival_master.o(.data) refers to sync.o(.text) for _post_sync
    canfestival_master.o(.data) refers to objacces.o(.text) for _storeODSubIndex
    canfestival_master.o(.data) refers to emcy.o(.text) for _post_emcy
    delay.o(.text) refers to misc.o(.text) for SysTick_CLKSourceConfig
    delay.o(.text) refers to delay.o(.data) for fac_us
    usart.o(.rev16_text) refers (Special) to use_no_semi_2.o(.text) for __use_no_semihosting
    usart.o(.revsh_text) refers (Special) to use_no_semi_2.o(.text) for __use_no_semihosting
    usart.o(.text) refers (Special) to use_no_semi_2.o(.text) for __use_no_semihosting
    usart.o(.text) refers to stm32f4xx_rcc.o(.text) for RCC_AHB1PeriphClockCmd
    usart.o(.text) refers to stm32f4xx_gpio.o(.text) for GPIO_PinAFConfig
    usart.o(.text) refers to stm32f4xx_usart.o(.text) for USART_Init
    usart.o(.text) refers to misc.o(.text) for NVIC_Init
    usart.o(.text) refers to usart.o(.data) for USART_RX_STA
    usart.o(.text) refers to usart.o(.bss) for USART_RX_BUF
    usart.o(.bss) refers (Special) to use_no_semi_2.o(.text) for __use_no_semihosting
    usart.o(.data) refers (Special) to use_no_semi_2.o(.text) for __use_no_semihosting
    startup_stm32f40_41xxx.o(STACK) refers (Special) to heapauxi.o(.text) for __use_two_region_memory
    startup_stm32f40_41xxx.o(HEAP) refers (Special) to heapauxi.o(.text) for __use_two_region_memory
    startup_stm32f40_41xxx.o(RESET) refers (Special) to heapauxi.o(.text) for __use_two_region_memory
    startup_stm32f40_41xxx.o(RESET) refers to startup_stm32f40_41xxx.o(STACK) for __initial_sp
    startup_stm32f40_41xxx.o(RESET) refers to startup_stm32f40_41xxx.o(.text) for Reset_Handler
    startup_stm32f40_41xxx.o(RESET) refers to stm32f4xx_it.o(.text) for NMI_Handler
    startup_stm32f40_41xxx.o(RESET) refers to canfestival_timer.o(.text) for TIM3_IRQHandler
    startup_stm32f40_41xxx.o(RESET) refers to usart.o(.text) for USART1_IRQHandler
[...]
    .text                                    0x08001ba0   Section        0  stm32f4xx_can.o(.text)
    CheckITStatus                            0x080023a3   Thumb Code    18  stm32f4xx_can.o(.text)
    .text                                    0x08002590   Section        0  stm32f4xx_tim.o(.text)
    TI4_Config                               0x08002d2f   Thumb Code    80  stm32f4xx_tim.o(.text)
    TI3_Config                               0x08002d91   Thumb Code    72  stm32f4xx_tim.o(.text)
    TI2_Config                               0x08002df3   Thumb Code    90  stm32f4xx_tim.o(.text)
    TI1_Config                               0x08002e5f   Thumb Code    58  stm32f4xx_tim.o(.text)
    .text                                    0x08003234   Section        0  emcy.o(.text)
    .text                                    0x080034d8   Section        0  lifegrd.o(.text)
    .text                                    0x080038d0   Section        0  nmtmaster.o(.text)
    .text                                    0x08003954   Section        0  nmtslave.o(.text)
    .text                                    0x08003a64   Section        0  objacces.o(.text)
    .text                                    0x08003cc4   Section        0  pdo.o(.text)
    sendPdo                                  0x08003eff   Thumb Code    44  pdo.o(.text)
    .text                                    0x08004724   Section        0  sdo.o(.text)
    .text                                    0x080083a0   Section        0  timer.o(.text)
    .text                                    0x08008538   Section        0  sync.o(.text)
    .text                                    0x08008658   Section        0  states.o(.text)
    .text                                    0x08008ab8   Section        2  use_no_semi_2.o(.text)
    .text                                    0x08008aba   Section        0  memcmp.o(.text)
    .text                                    0x08008b12   Section      138  rt_memcpy_v6.o(.text)
    .text                                    0x08008b9c   Section      100  rt_memcpy_w.o(.text)
    .text                                    0x08008c00   Section        0  heapauxi.o(.text)
    .text                                    0x08008c06   Section        2  use_no_semi.o(.text)
    .text                                    0x08008c08   Section       74  sys_stackheap_outer.o(.text)
    .text                                    0x08008c52   Section        0  exit.o(.text)
    .text                                    0x08008c64   Section        8  libspace.o(.text)
    x$fpl$fpinit                             0x08008c6c   Section       10  fpinit.o(x$fpl$fpinit)
    $v0                                      0x08008c6c   Number         0  fpinit.o(x$fpl$fpinit)
    .constdata                               0x08008c78   Section      144  main.o(.constdata)
    .constdata                               0x08008d08   Section      302  canfestival_master.o(.constdata)
    .constdata                               0x08008e38   Section       64  states.o(.constdata)
    .data                                    0x20000000   Section       20  system_stm32f4xx.o(.data)
    .data                                    0x20000014   Section        1  key.o(.data)
    key_up                                   0x20000014   Data           1  key.o(.data)
    .data                                    0x20000018   Section     2668  canfestival_master.o(.data)
    .data                                    0x20000a84   Section        4  delay.o(.data)
    fac_us                                   0x20000a84   Data           1  delay.o(.data)
    fac_ms                                   0x20000a86   Data           2  delay.o(.data)
    .data                                    0x20000a88   Section        6  usart.o(.data)
    .data                                    0x20000a8e   Section       16  stm32f4xx_rcc.o(.data)
    APBAHBPrescTable                         0x20000a8e   Data          16  stm32f4xx_rcc.o(.data)
    .data                                    0x20000aa0   Section       12  timer.o(.data)
    .bss                                     0x20000aac   Section      200  usart.o(.bss)
    .bss                                     0x20000b74   Section      192  timer.o(.bss)
    .bss                                     0x20000c34   Section       96  libspace.o(.bss)
    HEAP                                     0x20000c98   Section      512  startup_stm32f40_41xxx.o(HEAP)
    Heap_Mem                                 0x20000c98   Data         512  startup_stm32f40_41xxx.o(HEAP)
    STACK                                    0x20000e98   Section     1024  startup_stm32f40_41xxx.o(STACK)
    Stack_Mem                                0x20000e98   Data        1024  startup_stm32f40_41xxx.o(STACK)
    __initial_sp                             0x20001298   Data           0  startup_stm32f40_41xxx.o(STACK)

    Global Symbols

    Symbol Name                              Value     Ov Type        Size  Object(Section)

    BuildAttributes$$THM_ISAv4$E$P$D$K$B$S$7EM$VFPi3$EXTD16$VFPS$VFMA$PE$A:L22UL41UL21$X:L11$S22US41US21$IEEE1$IW$USESV6$~STKCKD$USESV7$~SHL$OSPACE$ROPI$EBA8$UX$STANDARDLIB$REQ8$PRES8$EABIv2 0x00000000   Number         0  anon$$obj.o ABSOLUTE
    __ARM_use_no_argv                        0x00000000   Number         0  main.o ABSOLUTE
    __ARM_exceptions_init                     - Undefined Weak Reference
    __alloca_initialize                       - Undefined Weak Reference
    __arm_fini_                               - Undefined Weak Reference
    __arm_preinit_                            - Undefined Weak Reference
    __cpp_initialize__aeabi_                  - Undefined Weak Reference
    __cxa_finalize                            - Undefined Weak Reference
    __rt_locale                               - Undefined Weak Reference
    __sigvec_lookup                           - Undefined Weak Reference
    _atexit_init                              - Undefined Weak Reference
    _call_atexit_fns                          - Undefined Weak Reference
    _clock_init                               - Undefined Weak Reference
    _fp_trap_init                             - Undefined Weak Reference
    _fp_trap_shutdown                         - Undefined Weak Reference
    _get_lc_collate                           - Undefined Weak Reference
    _get_lc_ctype                             - Undefined Weak Reference
    _get_lc_monetary                          - Undefined Weak Reference
    _get_lc_numeric                           - Undefined Weak Reference
    _get_lc_time                              - Undefined Weak Reference
    _getenv_init                              - Undefined Weak Reference
    _handle_redirection                       - Undefined Weak Reference
    _init_alloc                               - Undefined Weak Reference
    _init_user_alloc                          - Undefined Weak Reference
    _initio                                   - Undefined Weak Reference
    _rand_init                                - Undefined Weak Reference
    _signal_finish                            - Undefined Weak Reference
    _signal_init                              - Undefined Weak Reference
    _terminate_alloc                          - Undefined Weak Reference
    _terminate_user_alloc                     - Undefined Weak Reference
    _terminateio                              - Undefined Weak Reference
    __Vectors_Size                           0x00000188   Number         0  startup_stm32f40_41xxx.o ABSOLUTE
    __Vectors                                0x08000000   Data           4  startup_stm32f40_41xxx.o(RESET)
    __Vectors_End                            0x08000188   Data           0  startup_stm32f40_41xxx.o(RESET)
    __main                                   0x08000189   Thumb Code     8  __main.o(!!!main)
    __scatterload                            0x08000191   Thumb Code     0  __scatter.o(!!!scatter)
    __scatterload_rt2                        0x08000191   Thumb Code    44  __scatter.o(!!!scatter)
    __scatterload_rt2_thumb_only             0x08000191   Thumb Code     0  __scatter.o(!!!scatter)
    __scatterload_null                       0x0800019f   Thumb Code     0  __scatter.o(!!!scatter)
    __decompress                             0x080001c5   Thumb Code    90  __dczerorl2.o(!!dczerorl2)
    __decompress1                            0x080001c5   Thumb Code     0  __dczerorl2.o(!!dczerorl2)
    __scatterload_zeroinit                   0x08000221   Thumb Code    28  __scatter_zi.o(!!handler_zi)
    __rt_lib_init                            0x0800023d   Thumb Code     0  libinit.o(.ARM.Collect$$libinit$$00000000)
    __rt_lib_init_fp_1                       0x0800023f   Thumb Code     0  libinit2.o(.ARM.Collect$$libinit$$00000001)
    __rt_lib_init_alloca_1                   0x08000243   Thumb Code     0  libinit2.o(.ARM.Collect$$libinit$$0000002E)
    __rt_lib_init_argv_1                     0x08000243   Thumb Code     0  libinit2.o(.ARM.Collect$$libinit$$0000002C)
    __rt_lib_init_atexit_1                   0x08000243   Thumb Code     0  libinit2.o(.ARM.Collect$$libinit$$0000001B)
    __rt_lib_init_clock_1                    0x08000243   Thumb Code     0  libinit2.o(.ARM.Collect$$libinit$$00000021)
    __rt_lib_init_cpp_1                      0x08000243   Thumb Code     0  libinit2.o(.ARM.Collect$$libinit$$00000032)
    __rt_lib_init_exceptions_1               0x08000243   Thumb Code     0  libinit2.o(.ARM.Collect$$libinit$$00000030)
    __rt_lib_init_fp_trap_1                  0x08000243   Thumb Code     0  libinit2.o(.ARM.Collect$$libinit$$0000001F)
    __rt_lib_init_getenv_1                   0x08000243   Thumb Code     0  libinit2.o(.ARM.Collect$$libinit$$00000023)
    __rt_lib_init_heap_1                     0x08000243   Thumb Code     0  libinit2.o(.ARM.Collect$$libinit$$0000000A)
    __rt_lib_init_lc_collate_1               0x08000243   Thumb Code     0  libinit2.o(.ARM.Collect$$libinit$$00000011)
    __rt_lib_init_lc_ctype_1                 0x08000243   Thumb Code     0  libinit2.o(.ARM.Collect$$libinit$$00000013)
    __rt_lib_init_lc_monetary_1              0x08000243   Thumb Code     0  libinit2.o(.ARM.Collect$$libinit$$00000015)
    __rt_lib_init_lc_numeric_1               0x08000243   Thumb Code     0  libinit2.o(.ARM.Collect$$libinit$$00000017)
    __rt_lib_init_lc_time_1                  0x08000243   Thumb Code     0  libinit2.o(.ARM.Collect$$libinit$$00000019)
    __rt_lib_init_preinit_1                  0x08000243   Thumb Code     0  libinit2.o(.ARM.Collect$$libinit$$00000004)
    __rt_lib_init_rand_1                     0x08000243   Thumb Code     0  libinit2.o(.ARM.Collect$$libinit$$0000000E)
    __rt_lib_init_return                     0x08000243   Thumb Code     0  libinit2.o(.ARM.Collect$$libinit$$00000033)
    __rt_lib_init_signal_1                   0x08000243   Thumb Code     0  libinit2.o(.ARM.Collect$$libinit$$0000001D)
    __rt_lib_init_stdio_1                    0x08000243   Thumb Code     0  libinit2.o(.ARM.Collect$$libinit$$00000025)
    __rt_lib_init_user_alloc_1               0x08000243   Thumb Code     0  libinit2.o(.ARM.Collect$$libinit$$0000000C)
    __rt_lib_shutdown                        0x08000245   Thumb Code     0  libshutdown.o(.ARM.Collect$$libshutdown$$00000000)
    __rt_lib_shutdown_cpp_1                  0x08000247   Thumb Code     0  libshutdown2.o(.ARM.Collect$$libshutdown$$00000004)
    __rt_lib_shutdown_fini_1                 0x08000247   Thumb Code     0  libshutdown2.o(.ARM.Collect$$libshutdown$$00000002)
    __rt_lib_shutdown_fp_trap_1              0x08000247   Thumb Code     0  libshutdown2.o(.ARM.Collect$$libshutdown$$00000009)
    __rt_lib_shutdown_heap_1                 0x08000247   Thumb Code     0  libshutdown2.o(.ARM.Collect$$libshutdown$$00000011)
    __rt_lib_shutdown_return                 0x08000247   Thumb Code     0  libshutdown2.o(.ARM.Collect$$libshutdown$$00000012)
    __rt_lib_shutdown_signal_1               0x08000247   Thumb Code     0  libshutdown2.o(.ARM.Collect$$libshutdown$$0000000C)
    __rt_lib_shutdown_stdio_1                0x08000247   Thumb Code     0  libshutdown2.o(.ARM.Collect$$libshutdown$$00000006)
    __rt_lib_shutdown_user_alloc_1           0x08000247   Thumb Code     0  libshutdown2.o(.ARM.Collect$$libshutdown$$0000000E)
    __rt_entry                               0x08000249   Thumb Code     0  __rtentry.o(.ARM.Collect$$rtentry$$00000000)
    __rt_entry_presh_1                       0x08000249   Thumb Code     0  __rtentry2.o(.ARM.Collect$$rtentry$$00000002)
    __rt_entry_sh                            0x08000249   Thumb Code     0  __rtentry4.o(.ARM.Collect$$rtentry$$00000004)
    __rt_entry_li                            0x0800024f   Thumb Code     0  __rtentry2.o(.ARM.Collect$$rtentry$$0000000A)
    __rt_entry_postsh_1                      0x0800024f   Thumb Code     0  __rtentry2.o(.ARM.Collect$$rtentry$$00000009)
    __rt_entry_main                          0x08000253   Thumb Code     0  __rtentry2.o(.ARM.Collect$$rtentry$$0000000D)
    __rt_entry_postli_1                      0x08000253   Thumb Code     0  __rtentry2.o(.ARM.Collect$$rtentry$$0000000C)
    __rt_exit                                0x0800025b   Thumb Code     0  rtexit.o(.ARM.Collect$$rtexit$$00000000)
    __rt_exit_ls                             0x0800025d   Thumb Code     0  rtexit2.o(.ARM.Collect$$rtexit$$00000003)
    __rt_exit_prels_1                        0x0800025d   Thumb Code     0  rtexit2.o(.ARM.Collect$$rtexit$$00000002)
    __rt_exit_exit                           0x08000261   Thumb Code     0  rtexit2.o(.ARM.Collect$$rtexit$$00000004)
    canopen_send_sdo                         0x08000269   Thumb Code   114  main.o(.text)
    main                                     0x080002db   Thumb Code   184  main.o(.text)
    NMI_Handler                              0x080003a1   Thumb Code     2  stm32f4xx_it.o(.text)
    HardFault_Handler                        0x080003a3   Thumb Code     4  stm32f4xx_it.o(.text)
    MemManage_Handler                        0x080003a7   Thumb Code     4  stm32f4xx_it.o(.text)
    BusFault_Handler                         0x080003ab   Thumb Code     4  stm32f4xx_it.o(.text)
    UsageFault_Handler                       0x080003af   Thumb Code     4  stm32f4xx_it.o(.text)
    SVC_Handler                              0x080003b3   Thumb Code     2  stm32f4xx_it.o(.text)
    DebugMon_Handler                         0x080003b5   Thumb Code     2  stm32f4xx_it.o(.text)
    PendSV_Handler                           0x080003b7   Thumb Code     2  stm32f4xx_it.o(.text)
    SysTick_Handler                          0x080003b9   Thumb Code     2  stm32f4xx_it.o(.text)
    SystemInit                               0x08000499   Thumb Code    88  system_stm32f4xx.o(.text)
    SystemCoreClockUpdate                    0x080004f1   Thumb Code   174  system_stm32f4xx.o(.text)
    LED_Init                                 0x080005cd   Thumb Code    60  led.o(.text)
    KEY_Init                                 0x0800060d   Thumb Code    60  key.o(.text)
    KEY_Scan                                 0x08000649   Thumb Code   188  key.o(.text)
    canfestival_can_init                     0x08000711   Thumb Code   248  canfestival_can.o(.text)
    USB_LP_CAN1_RX0_IRQHandler               0x08000809   Thumb Code    72  canfestival_can.o(.text)
    canSend                                  0x08000851   Thumb Code    98  canfestival_can.o(.text)
    TIM3_Int_Init                            0x080008c1   Thumb Code    88  canfestival_timer.o(.text)
    TIM3_IRQHandler                          0x08000919   Thumb Code    26  canfestival_timer.o(.text)
    setTimer                                 0x08000933   Thumb Code    16  canfestival_timer.o(.text)
    getElapsedTime                           0x08000943   Thumb Code     8  canfestival_timer.o(.text)
    Master_valueRangeTest                    0x08000951   Thumb Code    22  canfestival_master.o(.text)
    Master_scanIndexOD                       0x08000967   Thumb Code   382  canfestival_master.o(.text)
    delay_init                               0x08000af1   Thumb Code    52  delay.o(.text)
    delay_us                                 0x08000b25   Thumb Code    72  delay.o(.text)
    delay_xms                                0x08000b6d   Thumb Code    72  delay.o(.text)
    delay_ms                                 0x08000bb5   Thumb Code    56  delay.o(.text)
    _sys_exit                                0x08000bf5   Thumb Code     4  usart.o(.text)
    fputc                                    0x08000bf9   Thumb Code    22  usart.o(.text)
    uart_init                                0x08000c0f   Thumb Code   164  usart.o(.text)
    USART1_IRQHandler                        0x08000cb3   Thumb Code   122  usart.o(.text)
    Reset_Handler                            0x08000d3d   Thumb Code     8  startup_stm32f40_41xxx.o(.text)
    ADC_IRQHandler                           0x08000d57   Thumb Code     0  startup_stm32f40_41xxx.o(.text)
    CAN1_RX0_IRQHandler                      0x08000d57   Thumb Code     0  startup_stm32f40_41xxx.o(.text)
    CAN1_RX1_IRQHandler                      0x08000d57   Thumb Code     0  startup_stm32f40_41xxx.o(.text)
    CAN1_SCE_IRQHandler                      0x08000d57   Thumb Code     0  startup_stm32f40_41xxx.o(.text)
    CAN1_TX_IRQHandler                       0x08000d57   Thumb Code     0  startup_stm32f40_41xxx.o(.text)
    CAN2_RX0_IRQHandler                      0x08000d57   Thumb Code     0  startup_stm32f40_41xxx.o(.text)
    CAN2_RX1_IRQHandler                      0x08000d57   Thumb Code     0  startup_stm32f40_41xxx.o(.text)
    CAN2_SCE_IRQHandler                      0x08000d57   Thumb Code     0  startup_stm32f40_41xxx.o(.text)
    CAN2_TX_IRQHandler                       0x08000d57   Thumb Code     0  startup_stm32f40_41xxx.o(.text)
    CRYP_IRQHandler                          0x08000d57   Thumb Code     0  startup_stm32f40_41xxx.o(.text)
    DCMI_IRQHandler                          0x08000d57   Thumb Code     0  startup_stm32f40_41xxx.o(.text)
    DMA1_Stream0_IRQHandler                  0x08000d57   Thumb Code     0  startup_stm32f40_41xxx.o(.text)
    DMA1_Stream1_IRQHandler                  0x08000d57   Thumb Code     0  startup_stm32f40_41xxx.o(.text)
    DMA1_Stream2_IRQHandler                  0x08000d57   Thumb Code     0  startup_stm32f40_41xxx.o(.text)
    DMA1_Stream3_IRQHandler                  0x08000d57   Thumb Code     0  startup_stm32f40_41xxx.o(.text)
    DMA1_Stream4_IRQHandler                  0x08000d57   Thumb Code     0  startup_stm32f40_41xxx.o(.text)
    DMA1_Stream5_IRQHandler                  0x08000d57   Thumb Code     0  startup_stm32f40_41xxx.o(.text)
    DMA1_Stream6_IRQHandler                  0x08000d57   Thumb Code     0  startup_stm32f40_41xxx.o(.text)
    DMA1_Stream7_IRQHandler                  0x08000d57   Thumb Code     0  startup_stm32f40_41xxx.o(.text)
    DMA2_Stream0_IRQHandler                  0x08000d57   Thumb Code     0  startup_stm32f40_41xxx.o(.text)
    DMA2_Stream1_IRQHandler                  0x08000d57   Thumb Code     0  startup_stm32f40_41xxx.o(.text)
    DMA2_Stream2_IRQHandler                  0x08000d57   Thumb Code     0  startup_stm32f40_41xxx.o(.text)
    DMA2_Stream3_IRQHandler                  0x08000d57   Thumb Code     0  startup_stm32f40_41xxx.o(.text)
    DMA2_Stream4_IRQHandler                  0x08000d57   Thumb Code     0  startup_stm32f40_41xxx.o(.text)
    DMA2_Stream5_IRQHandler                  0x08000d57   Thumb Code     0  startup_stm32f40_41xxx.o(.text)
    DMA2_Stream6_IRQHandler                  0x08000d57   Thumb Code     0  startup_stm32f40_41xxx.o(.text)
    DMA2_Stream7_IRQHandler                  0x08000d57   Thumb Code     0  startup_stm32f40_41xxx.o(.text)
    ETH_IRQHandler                           0x08000d57   Thumb Code     0  startup_stm32f40_41xxx.o(.text)
    ETH_WKUP_IRQHandler                      0x08000d57   Thumb Code     0  startup_stm32f40_41xxx.o(.text)
    EXTI0_IRQHandler                         0x08000d57   Thumb Code     0  startup_stm32f40_41xxx.o(.text)
    EXTI15_10_IRQHandler                     0x08000d57   Thumb Code     0  startup_stm32f40_41xxx.o(.text)
    EXTI1_IRQHandler                         0x08000d57   Thumb Code     0  startup_stm32f40_41xxx.o(.text)
    EXTI2_IRQHandler                         0x08000d57   Thumb Code     0  startup_stm32f40_41xxx.o(.text)
    EXTI3_IRQHandler                         0x08000d57   Thumb Code     0  startup_stm32f40_41xxx.o(.text)
    EXTI4_IRQHandler                         0x08000d57   Thumb Code     0  startup_stm32f40_41xxx.o(.text)
    EXTI9_5_IRQHandler                       0x08000d57   Thumb Code     0  startup_stm32f40_41xxx.o(.text)
    FLASH_IRQHandler                         0x08000d57   Thumb Code     0  startup_stm32f40_41xxx.o(.text)
    FPU_IRQHandler                           0x08000d57   Thumb Code     0  startup_stm32f40_41xxx.o(.text)
    FSMC_IRQHandler                          0x08000d57   Thumb Code     0  startup_stm32f40_41xxx.o(.text)
    HASH_RNG_IRQHandler                      0x08000d57   Thumb Code     0  startup_stm32f40_41xxx.o(.text)
    I2C1_ER_IRQHandler                       0x08000d57   Thumb Code     0  startup_stm32f40_41xxx.o(.text)
    I2C1_EV_IRQHandler                       0x08000d57   Thumb Code     0  startup_stm32f40_41xxx.o(.text)
    I2C2_ER_IRQHandler                       0x08000d57   Thumb Code     0  startup_stm32f40_41xxx.o(.text)
    I2C2_EV_IRQHandler                       0x08000d57   Thumb Code     0  startup_stm32f40_41xxx.o(.text)
    I2C3_ER_IRQHandler                       0x08000d57   Thumb Code     0  startup_stm32f40_41xxx.o(.text)
    I2C3_EV_IRQHandler                       0x08000d57   Thumb Code     0  startup_stm32f40_41xxx.o(.text)
    OTG_FS_IRQHandler                        0x08000d57   Thumb Code     0  startup_stm32f40_41xxx.o(.text)
    OTG_FS_WKUP_IRQHandler                   0x08000d57   Thumb Code     0  startup_stm32f40_41xxx.o(.text)
    OTG_HS_EP1_IN_IRQHandler                 0x08000d57   Thumb Code     0  startup_stm32f40_41xxx.o(.text)
    OTG_HS_EP1_OUT_IRQHandler                0x08000d57   Thumb Code     0  startup_stm32f40_41xxx.o(.text)
    OTG_HS_IRQHandler                        0x08000d57   Thumb Code     0  startup_stm32f40_41xxx.o(.text)
    OTG_HS_WKUP_IRQHandler                   0x08000d57   Thumb Code     0  startup_stm32f40_41xxx.o(.text)
    PVD_IRQHandler                           0x08000d57   Thumb Code     0  startup_stm32f40_41xxx.o(.text)
    RCC_IRQHandler                           0x08000d57   Thumb Code     0  startup_stm32f40_41xxx.o(.text)
    RTC_Alarm_IRQHandler                     0x08000d57   Thumb Code     0  startup_stm32f40_41xxx.o(.text)
    RTC_WKUP_IRQHandler                      0x08000d57   Thumb Code     0  startup_stm32f40_41xxx.o(.text)
    SDIO_IRQHandler                          0x08000d57   Thumb Code     0  startup_stm32f40_41xxx.o(.text)
    SPI1_IRQHandler                          0x08000d57   Thumb Code     0  startup_stm32f40_41xxx.o(.text)
    SPI2_IRQHandler                          0x08000d57   Thumb Code     0  startup_stm32f40_41xxx.o(.text)
    SPI3_IRQHandler                          0x08000d57   Thumb Code     0  startup_stm32f40_41xxx.o(.text)
    TAMP_STAMP_IRQHandler                    0x08000d57   Thumb Code     0  startup_stm32f40_41xxx.o(.text)
    TIM1_BRK_TIM9_IRQHandler                 0x08000d57   Thumb Code     0  startup_stm32f40_41xxx.o(.text)
    TIM1_CC_IRQHandler                       0x08000d57   Thumb Code     0  startup_stm32f40_41xxx.o(.text)
    TIM1_TRG_COM_TIM11_IRQHandler            0x08000d57   Thumb Code     0  startup_stm32f40_41xxx.o(.text)
    TIM1_UP_TIM10_IRQHandler                 0x08000d57   Thumb Code     0  startup_stm32f40_41xxx.o(.text)
    TIM2_IRQHandler                          0x08000d57   Thumb Code     0  startup_stm32f40_41xxx.o(.text)
    TIM4_IRQHandler                          0x08000d57   Thumb Code     0  startup_stm32f40_41xxx.o(.text)
    TIM5_IRQHandler                          0x08000d57   Thumb Code     0  startup_stm32f40_41xxx.o(.text)
    TIM6_DAC_IRQHandler                      0x08000d57   Thumb Code     0  startup_stm32f40_41xxx.o(.text)
    TIM7_IRQHandler                          0x08000d57   Thumb Code     0  startup_stm32f40_41xxx.o(.text)
    TIM8_BRK_TIM12_IRQHandler                0x08000d57   Thumb Code     0  startup_stm32f40_41xxx.o(.text)
    TIM8_CC_IRQHandler                       0x08000d57   Thumb Code     0  startup_stm32f40_41xxx.o(.text)
    TIM8_TRG_COM_TIM14_IRQHandler            0x08000d57   Thumb Code     0  startup_stm32f40_41xxx.o(.text)
    TIM8_UP_TIM13_IRQHandler                 0x08000d57   Thumb Code     0  startup_stm32f40_41xxx.o(.text)
    UART4_IRQHandler                         0x08000d57   Thumb Code     0  startup_stm32f40_41xxx.o(.text)
    UART5_IRQHandler                         0x08000d57   Thumb Code     0  startup_stm32f40_41xxx.o(.text)
    USART2_IRQHandler                        0x08000d57   Thumb Code     0  startup_stm32f40_41xxx.o(.text)
    USART3_IRQHandler                        0x08000d57   Thumb Code     0  startup_stm32f40_41xxx.o(.text)
    USART6_IRQHandler                        0x08000d57   Thumb Code     0  startup_stm32f40_41xxx.o(.text)
    WWDG_IRQHandler                          0x08000d57   Thumb Code     0  startup_stm32f40_41xxx.o(.text)
    __user_initial_stackheap                 0x08000d59   Thumb Code     0  startup_stm32f40_41xxx.o(.text)
    NVIC_PriorityGroupConfig                 0x08000d7d   Thumb Code    10  misc.o(.text)
    NVIC_Init                                0x08000d87   Thumb Code   106  misc.o(.text)
    NVIC_SetVectorTable                      0x08000df1   Thumb Code    14  misc.o(.text)
    NVIC_SystemLPConfig                      0x08000dff   Thumb Code    34  misc.o(.text)
    SysTick_CLKSourceConfig                  0x08000e21   Thumb Code    40  misc.o(.text)
    GPIO_DeInit                              0x08000e5d   Thumb Code   268  stm32f4xx_gpio.o(.text)
    GPIO_Init                                0x08000f69   Thumb Code   144  stm32f4xx_gpio.o(.text)
    GPIO_StructInit                          0x08000ff9   Thumb Code    18  stm32f4xx_gpio.o(.text)
    GPIO_PinLockConfig                       0x0800100b   Thumb Code    34  stm32f4xx_gpio.o(.text)
    GPIO_ReadInputDataBit                    0x0800102d   Thumb Code    18  stm32f4xx_gpio.o(.text)
    GPIO_ReadInputData                       0x0800103f   Thumb Code     8  stm32f4xx_gpio.o(.text)
    GPIO_ReadOutputDataBit                   0x08001047   Thumb Code    18  stm32f4xx_gpio.o(.text)
    GPIO_ReadOutputData                      0x08001059   Thumb Code     8  stm32f4xx_gpio.o(.text)
    GPIO_SetBits                             0x08001061   Thumb Code     4  stm32f4xx_gpio.o(.text)
    GPIO_ResetBits                           0x08001065   Thumb Code     4  stm32f4xx_gpio.o(.text)
    GPIO_WriteBit                            0x08001069   Thumb Code    10  stm32f4xx_gpio.o(.text)
    GPIO_Write                               0x08001073   Thumb Code     4  stm32f4xx_gpio.o(.text)
    GPIO_ToggleBits                          0x08001077   Thumb Code     8  stm32f4xx_gpio.o(.text)
    GPIO_PinAFConfig                         0x0800107f   Thumb Code    70  stm32f4xx_gpio.o(.text)
    RCC_DeInit                               0x080010f1   Thumb Code    82  stm32f4xx_rcc.o(.text)
    RCC_HSEConfig                            0x08001143   Thumb Code    14  stm32f4xx_rcc.o(.text)
    RCC_GetFlagStatus                        0x08001151   Thumb Code    60  stm32f4xx_rcc.o(.text)
    RCC_WaitForHSEStartUp                    0x0800118d   Thumb Code    56  stm32f4xx_rcc.o(.text)
    RCC_AdjustHSICalibrationValue            0x080011c5   Thumb Code    20  stm32f4xx_rcc.o(.text)
    RCC_HSICmd                               0x080011d9   Thumb Code     6  stm32f4xx_rcc.o(.text)
    RCC_LSEConfig                            0x080011df   Thumb Code    46  stm32f4xx_rcc.o(.text)
    RCC_LSICmd                               0x0800120d   Thumb Code     6  stm32f4xx_rcc.o(.text)
    RCC_PLLConfig                            0x08001213   Thumb Code    32  stm32f4xx_rcc.o(.text)
    RCC_PLLCmd                               0x08001233   Thumb Code     6  stm32f4xx_rcc.o(.text)
    RCC_PLLI2SConfig                         0x08001239   Thumb Code    14  stm32f4xx_rcc.o(.text)
    RCC_PLLI2SCmd                            0x08001247   Thumb Code     6  stm32f4xx_rcc.o(.text)
    RCC_PLLSAIConfig                         0x0800124d   Thumb Code    20  stm32f4xx_rcc.o(.text)
    RCC_PLLSAICmd                            0x08001261   Thumb Code     6  stm32f4xx_rcc.o(.text)
    RCC_ClockSecuritySystemCmd               0x08001267   Thumb Code     6  stm32f4xx_rcc.o(.text)
    RCC_MCO1Config                           0x0800126d   Thumb Code    28  stm32f4xx_rcc.o(.text)
    RCC_MCO2Config                           0x08001289   Thumb Code    28  stm32f4xx_rcc.o(.text)
    RCC_SYSCLKConfig                         0x080012a5   Thumb Code    20  stm32f4xx_rcc.o(.text)
    RCC_GetSYSCLKSource                      0x080012b9   Thumb Code    12  stm32f4xx_rcc.o(.text)
    RCC_HCLKConfig                           0x080012c5   Thumb Code    20  stm32f4xx_rcc.o(.text)
    RCC_PCLK1Config                          0x080012d9   Thumb Code    20  stm32f4xx_rcc.o(.text)
    RCC_PCLK2Config                          0x080012ed   Thumb Code    22  stm32f4xx_rcc.o(.text)
    RCC_GetClocksFreq                        0x08001303   Thumb Code   222  stm32f4xx_rcc.o(.text)
    RCC_RTCCLKConfig                         0x080013e1   Thumb Code    54  stm32f4xx_rcc.o(.text)
    RCC_RTCCLKCmd                            0x08001417   Thumb Code     8  stm32f4xx_rcc.o(.text)
    RCC_BackupResetCmd                       0x0800141f   Thumb Code     8  stm32f4xx_rcc.o(.text)
    RCC_I2SCLKConfig                         0x08001427   Thumb Code     6  stm32f4xx_rcc.o(.text)
    RCC_SAIPLLI2SClkDivConfig                0x0800142d   Thumb Code    26  stm32f4xx_rcc.o(.text)
    RCC_SAIPLLSAIClkDivConfig                0x08001447   Thumb Code    28  stm32f4xx_rcc.o(.text)
    RCC_SAIBlockACLKConfig                   0x08001463   Thumb Code    20  stm32f4xx_rcc.o(.text)
    RCC_SAIBlockBCLKConfig                   0x08001477   Thumb Code    20  stm32f4xx_rcc.o(.text)
    RCC_LTDCCLKDivConfig                     0x0800148b   Thumb Code    20  stm32f4xx_rcc.o(.text)
    RCC_TIMCLKPresConfig                     0x0800149f   Thumb Code     6  stm32f4xx_rcc.o(.text)
    RCC_AHB1PeriphClockCmd                   0x080014a5   Thumb Code    34  stm32f4xx_rcc.o(.text)
    RCC_AHB2PeriphClockCmd                   0x080014c7   Thumb Code    78  stm32f4xx_rcc.o(.text)
    RCC_AHB3PeriphClockCmd                   0x08001515   Thumb Code    34  stm32f4xx_rcc.o(.text)
    RCC_APB1PeriphClockCmd                   0x08001537   Thumb Code    34  stm32f4xx_rcc.o(.text)
    RCC_APB2PeriphClockCmd                   0x08001559   Thumb Code    34  stm32f4xx_rcc.o(.text)
    RCC_AHB1PeriphResetCmd                   0x0800157b   Thumb Code    34  stm32f4xx_rcc.o(.text)
    RCC_AHB2PeriphResetCmd                   0x0800159d   Thumb Code    34  stm32f4xx_rcc.o(.text)
    RCC_AHB3PeriphResetCmd                   0x080015bf   Thumb Code    34  stm32f4xx_rcc.o(.text)
    RCC_APB1PeriphResetCmd                   0x080015e1   Thumb Code    34  stm32f4xx_rcc.o(.text)
    RCC_APB2PeriphResetCmd                   0x08001603   Thumb Code    34  stm32f4xx_rcc.o(.text)
    RCC_AHB1PeriphClockLPModeCmd             0x08001625   Thumb Code    34  stm32f4xx_rcc.o(.text)
    RCC_AHB2PeriphClockLPModeCmd             0x08001647   Thumb Code    34  stm32f4xx_rcc.o(.text)
    RCC_AHB3PeriphClockLPModeCmd             0x08001669   Thumb Code    34  stm32f4xx_rcc.o(.text)
    RCC_APB1PeriphClockLPModeCmd             0x0800168b   Thumb Code    34  stm32f4xx_rcc.o(.text)
    RCC_APB2PeriphClockLPModeCmd             0x080016ad   Thumb Code    34  stm32f4xx_rcc.o(.text)
    RCC_LSEModeConfig                        0x080016cf   Thumb Code    40  stm32f4xx_rcc.o(.text)
    RCC_ITConfig                             0x080016f7   Thumb Code    34  stm32f4xx_rcc.o(.text)
    RCC_ClearFlag                            0x08001719   Thumb Code    18  stm32f4xx_rcc.o(.text)
    RCC_GetITStatus                          0x0800172b   Thumb Code    22  stm32f4xx_rcc.o(.text)
    RCC_ClearITPendingBit                    0x08001741   Thumb Code     8  stm32f4xx_rcc.o(.text)
    USART_DeInit                             0x0800174d   Thumb Code   206  stm32f4xx_usart.o(.text)
    USART_Init                               0x0800181b   Thumb Code   204  stm32f4xx_usart.o(.text)
    USART_StructInit                         0x080018e7   Thumb Code    24  stm32f4xx_usart.o(.text)
    USART_ClockInit                          0x080018ff   Thumb Code    32  stm32f4xx_usart.o(.text)
    USART_ClockStructInit                    0x0800191f   Thumb Code    12  stm32f4xx_usart.o(.text)
    USART_Cmd                                0x0800192b   Thumb Code    24  stm32f4xx_usart.o(.text)
    USART_SetPrescaler                       0x08001943   Thumb Code    16  stm32f4xx_usart.o(.text)
    USART_OverSampling8Cmd                   0x08001953   Thumb Code    22  stm32f4xx_usart.o(.text)
    USART_OneBitMethodCmd                    0x08001969   Thumb Code    24  stm32f4xx_usart.o(.text)
    USART_SendData                           0x08001981   Thumb Code     8  stm32f4xx_usart.o(.text)
    USART_ReceiveData                        0x08001989   Thumb Code    10  stm32f4xx_usart.o(.text)
    USART_SetAddress                         0x08001993   Thumb Code    18  stm32f4xx_usart.o(.text)
    USART_ReceiverWakeUpCmd                  0x080019a5   Thumb Code    24  stm32f4xx_usart.o(.text)
    USART_WakeUpConfig                       0x080019bd   Thumb Code    18  stm32f4xx_usart.o(.text)
    USART_LINBreakDetectLengthConfig         0x080019cf   Thumb Code    18  stm32f4xx_usart.o(.text)
    USART_LINCmd                             0x080019e1   Thumb Code    24  stm32f4xx_usart.o(.text)
    USART_SendBreak                          0x080019f9   Thumb Code    10  stm32f4xx_usart.o(.text)
    USART_HalfDuplexCmd                      0x08001a03   Thumb Code    24  stm32f4xx_usart.o(.text)
    USART_SetGuardTime                       0x08001a1b   Thumb Code    16  stm32f4xx_usart.o(.text)
    USART_SmartCardCmd                       0x08001a2b   Thumb Code    24  stm32f4xx_usart.o(.text)
    USART_SmartCardNACKCmd                   0x08001a43   Thumb Code    24  stm32f4xx_usart.o(.text)
    USART_IrDAConfig                         0x08001a5b   Thumb Code    18  stm32f4xx_usart.o(.text)
    USART_IrDACmd                            0x08001a6d   Thumb Code    24  stm32f4xx_usart.o(.text)
    USART_DMACmd                             0x08001a85   Thumb Code    18  stm32f4xx_usart.o(.text)
    USART_ITConfig                           0x08001a97   Thumb Code    74  stm32f4xx_usart.o(.text)
    USART_GetFlagStatus                      0x08001ae1   Thumb Code    26  stm32f4xx_usart.o(.text)
    USART_ClearFlag                          0x08001afb   Thumb Code    18  stm32f4xx_usart.o(.text)
    USART_GetITStatus                        0x08001b0d   Thumb Code   118  stm32f4xx_usart.o(.text)
    USART_ClearITPendingBit                  0x08001b83   Thumb Code    30  stm32f4xx_usart.o(.text)
    CAN_DeInit                               0x08001ba1   Thumb Code    50  stm32f4xx_can.o(.text)
    CAN_Init                                 0x08001bd3   Thumb Code   276  stm32f4xx_can.o(.text)
    CAN_FilterInit                           0x08001ce7   Thumb Code   258  stm32f4xx_can.o(.text)
    CAN_StructInit                           0x08001de9   Thumb Code    32  stm32f4xx_can.o(.text)
    CAN_SlaveStartBank                       0x08001e09   Thumb Code    48  stm32f4xx_can.o(.text)
    CAN_DBGFreeze                            0x08001e39   Thumb Code    22  stm32f4xx_can.o(.text)
    CAN_TTComModeCmd                         0x08001e4f   Thumb Code   118  stm32f4xx_can.o(.text)
    CAN_Transmit                             0x08001ec5   Thumb Code   304  stm32f4xx_can.o(.text)
    CAN_TransmitStatus                       0x08001ff5   Thumb Code   138  stm32f4xx_can.o(.text)
    CAN_CancelTransmit                       0x0800207f   Thumb Code    48  stm32f4xx_can.o(.text)
    CAN_Receive                              0x080020af   Thumb Code   240  stm32f4xx_can.o(.text)
    CAN_FIFORelease                          0x0800219f   Thumb Code    22  stm32f4xx_can.o(.text)
    CAN_MessagePending                       0x080021b5   Thumb Code    30  stm32f4xx_can.o(.text)
    CAN_OperatingModeRequest                 0x080021d3   Thumb Code   162  stm32f4xx_can.o(.text)
    CAN_Sleep                                0x08002275   Thumb Code    30  stm32f4xx_can.o(.text)
    CAN_WakeUp                               0x08002293   Thumb Code    48  stm32f4xx_can.o(.text)
    CAN_GetLastErrorCode                     0x080022c3   Thumb Code    12  stm32f4xx_can.o(.text)
    CAN_GetReceiveErrorCounter               0x080022cf   Thumb Code    10  stm32f4xx_can.o(.text)
    CAN_GetLSBTransmitErrorCounter           0x080022d9   Thumb Code    12  stm32f4xx_can.o(.text)
    CAN_ITConfig                             0x080022e5   Thumb Code    18  stm32f4xx_can.o(.text)
    CAN_GetFlagStatus                        0x080022f7   Thumb Code   120  stm32f4xx_can.o(.text)
    CAN_ClearFlag                            0x0800236f   Thumb Code    52  stm32f4xx_can.o(.text)
    CAN_GetITStatus                          0x080023b5   Thumb Code   310  stm32f4xx_can.o(.text)
    CAN_ClearITPendingBit                    0x080024eb   Thumb Code   162  stm32f4xx_can.o(.text)
    TIM_DeInit                               0x08002591   Thumb Code   346  stm32f4xx_tim.o(.text)
    TIM_TimeBaseInit                         0x080026eb   Thumb Code   104  stm32f4xx_tim.o(.text)
    TIM_TimeBaseStructInit                   0x08002753   Thumb Code    18  stm32f4xx_tim.o(.text)
    TIM_PrescalerConfig                      0x08002765   Thumb Code     6  stm32f4xx_tim.o(.text)
    TIM_CounterModeConfig                    0x0800276b   Thumb Code    18  stm32f4xx_tim.o(.text)
    TIM_SetCounter                           0x0800277d   Thumb Code     4  stm32f4xx_tim.o(.text)
    TIM_SetAutoreload                        0x08002781   Thumb Code     4  stm32f4xx_tim.o(.text)
    TIM_GetCounter                           0x08002785   Thumb Code     6  stm32f4xx_tim.o(.text)
    TIM_GetPrescaler                         0x0800278b   Thumb Code     6  stm32f4xx_tim.o(.text)
    TIM_UpdateDisableConfig                  0x08002791   Thumb Code    24  stm32f4xx_tim.o(.text)
    TIM_UpdateRequestConfig                  0x080027a9   Thumb Code    24  stm32f4xx_tim.o(.text)
    TIM_ARRPreloadConfig                     0x080027c1   Thumb Code    24  stm32f4xx_tim.o(.text)
    TIM_SelectOnePulseMode                   0x080027d9   Thumb Code    18  stm32f4xx_tim.o(.text)
    TIM_SetClockDivision                     0x080027eb   Thumb Code    18  stm32f4xx_tim.o(.text)
    TIM_Cmd                                  0x080027fd   Thumb Code    24  stm32f4xx_tim.o(.text)
    TIM_OC1Init                              0x08002815   Thumb Code   114  stm32f4xx_tim.o(.text)
    TIM_OC2Init                              0x08002887   Thumb Code   154  stm32f4xx_tim.o(.text)
    TIM_OC3Init                              0x08002921   Thumb Code   204  stm32f4xx_tim.o(.text)
    TIM_OC4Init                              0x080029ed   Thumb Code   112  stm32f4xx_tim.o(.text)
    TIM_OCStructInit                         0x08002a5d   Thumb Code    20  stm32f4xx_tim.o(.text)
    TIM_SelectOCxM                           0x08002a71   Thumb Code    86  stm32f4xx_tim.o(.text)
    TIM_SetCompare1                          0x08002ac7   Thumb Code     4  stm32f4xx_tim.o(.text)
    TIM_SetCompare2                          0x08002acb   Thumb Code     4  stm32f4xx_tim.o(.text)
    TIM_SetCompare3                          0x08002acf   Thumb Code     4  stm32f4xx_tim.o(.text)
    TIM_SetCompare4                          0x08002ad3   Thumb Code     4  stm32f4xx_tim.o(.text)
    TIM_ForcedOC1Config                      0x08002ad7   Thumb Code    18  stm32f4xx_tim.o(.text)
    TIM_ForcedOC2Config                      0x08002ae9   Thumb Code    26  stm32f4xx_tim.o(.text)
    TIM_ForcedOC3Config                      0x08002b03   Thumb Code    18  stm32f4xx_tim.o(.text)
    TIM_ForcedOC4Config                      0x08002b15   Thumb Code    26  stm32f4xx_tim.o(.text)
    TIM_OC1PreloadConfig                     0x08002b2f   Thumb Code    18  stm32f4xx_tim.o(.text)
    TIM_OC2PreloadConfig                     0x08002b41   Thumb Code    26  stm32f4xx_tim.o(.text)
    TIM_OC3PreloadConfig                     0x08002b5b   Thumb Code    18  stm32f4xx_tim.o(.text)
    TIM_OC4PreloadConfig                     0x08002b6d   Thumb Code    26  stm32f4xx_tim.o(.text)
    TIM_OC1FastConfig                        0x08002b87   Thumb Code    18  stm32f4xx_tim.o(.text)
    TIM_OC2FastConfig                        0x08002b99   Thumb Code    26  stm32f4xx_tim.o(.text)
    TIM_OC3FastConfig                        0x08002bb3   Thumb Code    18  stm32f4xx_tim.o(.text)
    TIM_OC4FastConfig                        0x08002bc5   Thumb Code    26  stm32f4xx_tim.o(.text)
    TIM_ClearOC1Ref                          0x08002bdf   Thumb Code    18  stm32f4xx_tim.o(.text)
    TIM_ClearOC2Ref                          0x08002bf1   Thumb Code    24  stm32f4xx_tim.o(.text)
    TIM_ClearOC3Ref                          0x08002c09   Thumb Code    18  stm32f4xx_tim.o(.text)
    TIM_ClearOC4Ref                          0x08002c1b   Thumb Code    24  stm32f4xx_tim.o(.text)
    TIM_OC1PolarityConfig                    0x08002c33   Thumb Code    18  stm32f4xx_tim.o(.text)
    TIM_OC1NPolarityConfig                   0x08002c45   Thumb Code    18  stm32f4xx_tim.o(.text)
    TIM_OC2PolarityConfig                    0x08002c57   Thumb Code    26  stm32f4xx_tim.o(.text)
    TIM_OC2NPolarityConfig                   0x08002c71   Thumb Code    26  stm32f4xx_tim.o(.text)
    TIM_OC3PolarityConfig                    0x08002c8b   Thumb Code    26  stm32f4xx_tim.o(.text)
    TIM_OC3NPolarityConfig                   0x08002ca5   Thumb Code    26  stm32f4xx_tim.o(.text)
    TIM_OC4PolarityConfig                    0x08002cbf   Thumb Code    26  stm32f4xx_tim.o(.text)
    TIM_CCxCmd                               0x08002cd9   Thumb Code    30  stm32f4xx_tim.o(.text)
    TIM_CCxNCmd                              0x08002cf7   Thumb Code    30  stm32f4xx_tim.o(.text)
    TIM_SetIC4Prescaler                      0x08002d15   Thumb Code    26  stm32f4xx_tim.o(.text)
    TIM_SetIC3Prescaler                      0x08002d7f   Thumb Code    18  stm32f4xx_tim.o(.text)
    TIM_SetIC2Prescaler                      0x08002dd9   Thumb Code    26  stm32f4xx_tim.o(.text)
    TIM_SetIC1Prescaler                      0x08002e4d   Thumb Code    18  stm32f4xx_tim.o(.text)
    TIM_ICInit                               0x08002e99   Thumb Code   110  stm32f4xx_tim.o(.text)
    TIM_ICStructInit                         0x08002f07   Thumb Code    18  stm32f4xx_tim.o(.text)
    TIM_PWMIConfig                           0x08002f19   Thumb Code   124  stm32f4xx_tim.o(.text)
    TIM_GetCapture1                          0x08002f95   Thumb Code     6  stm32f4xx_tim.o(.text)
    TIM_GetCapture2                          0x08002f9b   Thumb Code     6  stm32f4xx_tim.o(.text)
    TIM_GetCapture3                          0x08002fa1   Thumb Code     6  stm32f4xx_tim.o(.text)
    TIM_GetCapture4                          0x08002fa7   Thumb Code     6  stm32f4xx_tim.o(.text)
    TIM_BDTRConfig                           0x08002fad   Thumb Code    32  stm32f4xx_tim.o(.text)
    TIM_BDTRStructInit                       0x08002fcd   Thumb Code    18  stm32f4xx_tim.o(.text)
    TIM_CtrlPWMOutputs                       0x08002fdf   Thumb Code    30  stm32f4xx_tim.o(.text)
    TIM_SelectCOM                            0x08002ffd   Thumb Code    24  stm32f4xx_tim.o(.text)
    TIM_CCPreloadControl                     0x08003015   Thumb Code    24  stm32f4xx_tim.o(.text)
    TIM_ITConfig                             0x0800302d   Thumb Code    18  stm32f4xx_tim.o(.text)
    TIM_GenerateEvent                        0x0800303f   Thumb Code     4  stm32f4xx_tim.o(.text)
    TIM_GetFlagStatus                        0x08003043   Thumb Code    18  stm32f4xx_tim.o(.text)
    TIM_ClearFlag                            0x08003055   Thumb Code     6  stm32f4xx_tim.o(.text)
    TIM_GetITStatus                          0x0800305b   Thumb Code    34  stm32f4xx_tim.o(.text)
    TIM_ClearITPendingBit                    0x0800307d   Thumb Code     6  stm32f4xx_tim.o(.text)
    TIM_DMAConfig                            0x08003083   Thumb Code    10  stm32f4xx_tim.o(.text)
    TIM_DMACmd                               0x0800308d   Thumb Code    18  stm32f4xx_tim.o(.text)
    TIM_SelectCCDMA                          0x0800309f   Thumb Code    24  stm32f4xx_tim.o(.text)
    TIM_InternalClockConfig                  0x080030b7   Thumb Code    12  stm32f4xx_tim.o(.text)
    TIM_SelectInputTrigger                   0x080030c3   Thumb Code    18  stm32f4xx_tim.o(.text)
    TIM_ITRxExternalClockConfig              0x080030d5   Thumb Code    24  stm32f4xx_tim.o(.text)
    TIM_TIxExternalClockConfig               0x080030ed   Thumb Code    62  stm32f4xx_tim.o(.text)
    TIM_ETRConfig                            0x0800312b   Thumb Code    28  stm32f4xx_tim.o(.text)
    TIM_ETRClockMode1Config                  0x08003147   Thumb Code    54  stm32f4xx_tim.o(.text)
    TIM_ETRClockMode2Config                  0x0800317d   Thumb Code    32  stm32f4xx_tim.o(.text)
    TIM_SelectOutputTrigger                  0x0800319d   Thumb Code    18  stm32f4xx_tim.o(.text)
    TIM_SelectSlaveMode                      0x080031af   Thumb Code    18  stm32f4xx_tim.o(.text)
    TIM_SelectMasterSlaveMode                0x080031c1   Thumb Code    18  stm32f4xx_tim.o(.text)
    TIM_EncoderInterfaceConfig               0x080031d3   Thumb Code    66  stm32f4xx_tim.o(.text)
    TIM_SelectHallSensor                     0x08003215   Thumb Code    24  stm32f4xx_tim.o(.text)
    TIM_RemapConfig                          0x0800322d   Thumb Code     6  stm32f4xx_tim.o(.text)
    OnNumberOfErrorsUpdate                   0x08003235   Thumb Code    44  emcy.o(.text)
    emergencyInit                            0x08003261   Thumb Code    30  emcy.o(.text)
    emergencyStop                            0x0800327f   Thumb Code     2  emcy.o(.text)
    sendEMCY                                 0x08003281   Thumb Code    88  emcy.o(.text)
    EMCY_setError                            0x080032d9   Thumb Code   294  emcy.o(.text)
    EMCY_errorRecovered                      0x080033ff   Thumb Code   152  emcy.o(.text)
    proceedEMCY                              0x08003497   Thumb Code    58  emcy.o(.text)
    _post_emcy                               0x080034d1   Thumb Code     6  emcy.o(.text)
    getNodeState                             0x080034d9   Thumb Code    16  lifegrd.o(.text)
    ConsumerHeartbeatAlarm                   0x080034e9   Thumb Code    50  lifegrd.o(.text)
    proceedNODE_GUARD                        0x0800351b   Thumb Code   278  lifegrd.o(.text)
    ProducerHeartbeatAlarm                   0x08003631   Thumb Code    72  lifegrd.o(.text)
    GuardTimeAlarm                           0x08003679   Thumb Code   118  lifegrd.o(.text)
    nodeguardInit                            0x080036ef   Thumb Code   130  lifegrd.o(.text)
    nodeguardStop                            0x08003771   Thumb Code    18  lifegrd.o(.text)
    OnNodeGuardUpdate                        0x08003783   Thumb Code    24  lifegrd.o(.text)
    OnHeartbeatProducerUpdate                0x0800379b   Thumb Code    68  lifegrd.o(.text)
    heartbeatInit                            0x080037df   Thumb Code   136  lifegrd.o(.text)
    heartbeatStop                            0x08003867   Thumb Code    56  lifegrd.o(.text)
    lifeGuardInit                            0x0800389f   Thumb Code    18  lifegrd.o(.text)
    lifeGuardStop                            0x080038b1   Thumb Code    18  lifegrd.o(.text)
    _heartbeatError                          0x080038c3   Thumb Code     2  lifegrd.o(.text)
    _post_SlaveBootup                        0x080038c5   Thumb Code     2  lifegrd.o(.text)
    _post_SlaveStateChange                   0x080038c7   Thumb Code     2  lifegrd.o(.text)
    _nodeguardError                          0x080038c9   Thumb Code     2  lifegrd.o(.text)
    masterSendNMTstateChange                 0x080038d1   Thumb Code    44  nmtmaster.o(.text)
    masterSendNMTnodeguard                   0x080038fd   Thumb Code    38  nmtmaster.o(.text)
    masterRequestNodeState                   0x08003923   Thumb Code    50  nmtmaster.o(.text)
    proceedNMTstateChange                    0x08003955   Thumb Code   224  nmtslave.o(.text)
    slaveSendBootUp                          0x08003a35   Thumb Code    46  nmtslave.o(.text)
    accessDictionaryError                    0x08003a65   Thumb Code    10  objacces.o(.text)
    _getODentry                              0x08003a6f   Thumb Code   224  objacces.o(.text)
    _setODentry                              0x08003b4f   Thumb Code   302  objacces.o(.text)
    RegisterSetODentryCallBack               0x08003c7d   Thumb Code    50  objacces.o(.text)
    _storeODSubIndex                         0x08003caf   Thumb Code     6  objacces.o(.text)
    CopyBits                                 0x08003cc5   Thumb Code   236  pdo.o(.text)
    buildPDO                                 0x08003db1   Thumb Code   238  pdo.o(.text)
    sendPDOrequest                           0x08003e9f   Thumb Code    96  pdo.o(.text)
    PDOInhibitTimerAlarm                     0x08003f2b   Thumb Code    56  pdo.o(.text)
    sendOnePDOevent                          0x08003f63   Thumb Code   332  pdo.o(.text)
    PDOEventTimerAlarm                       0x080040af   Thumb Code    46  pdo.o(.text)
    proceedPDO                               0x080040dd   Thumb Code   732  pdo.o(.text)
    _sendPDOevent                            0x080043b9   Thumb Code   412  pdo.o(.text)
    sendPDOevent                             0x08004555   Thumb Code    14  pdo.o(.text)
    _RxPDO_EventTimers_Handler               0x08004563   Thumb Code     2  pdo.o(.text)
    TPDO_Communication_Parameter_Callback    0x08004565   Thumb Code   148  pdo.o(.text)
    PDOInit                                  0x080045f9   Thumb Code    84  pdo.o(.text)
    PDOStop                                  0x0800464d   Thumb Code   120  pdo.o(.text)
    PDOEnable                                0x080046c5   Thumb Code    48  pdo.o(.text)
    PDODisable                               0x080046f5   Thumb Code    48  pdo.o(.text)
    initSDOline                              0x08004725   Thumb Code   444  sdo.o(.text)
    resetSDOline                             0x080048e1   Thumb Code    96  sdo.o(.text)
    sendSDO                                  0x08004941   Thumb Code   162  sdo.o(.text)
    sendSDOabort                             0x080049e3   Thumb Code    82  sdo.o(.text)
    SDOTimeoutAlarm                          0x08004a35   Thumb Code   312  sdo.o(.text)
    resetSDO                                 0x08004b6d   Thumb Code    26  sdo.o(.text)
    SDOlineToObjdict                         0x08004b87   Thumb Code   172  sdo.o(.text)
    objdictToSDOline                         0x08004c33   Thumb Code   142  sdo.o(.text)
    lineToSDO                                0x08004cc1   Thumb Code   176  sdo.o(.text)
    SDOtoLine                                0x08004d71   Thumb Code   134  sdo.o(.text)
    getSDOlineOnUse                          0x08004df7   Thumb Code   114  sdo.o(.text)
    failedSDO                                0x08004e69   Thumb Code   182  sdo.o(.text)
    getSDOfreeLine                           0x08004f1f   Thumb Code    70  sdo.o(.text)
    getSDOlineToClose                        0x08004f65   Thumb Code    92  sdo.o(.text)
    GetSDOClientFromNodeId                   0x08004fc1   Thumb Code    84  sdo.o(.text)
    closeSDOtransfer                         0x08005015   Thumb Code    64  sdo.o(.text)
    getSDOlineRestBytes                      0x08005055   Thumb Code    74  sdo.o(.text)
    setSDOlineRestBytes                      0x0800509f   Thumb Code    34  sdo.o(.text)
    proceedSDO                               0x080050c1   Thumb Code 11072  sdo.o(.text)
    resetClientSDOLineFromNodeId             0x08007c01   Thumb Code    52  sdo.o(.text)
    _writeNetworkDict                        0x08007c35   Thumb Code   490  sdo.o(.text)
    writeNetworkDict                         0x08007e1f   Thumb Code    54  sdo.o(.text)
    writeNetworkDictCallBack                 0x08007e55   Thumb Code    46  sdo.o(.text)
    writeNetworkDictCallBackAI               0x08007e83   Thumb Code   194  sdo.o(.text)
    _readNetworkDict                         0x08007f45   Thumb Code   316  sdo.o(.text)
    readNetworkDict                          0x08008081   Thumb Code    42  sdo.o(.text)
    readNetworkDictCallback                  0x080080ab   Thumb Code    40  sdo.o(.text)
    readNetworkDictCallbackAI                0x080080d3   Thumb Code   186  sdo.o(.text)
    getReadResultNetworkDict                 0x0800818d   Thumb Code   386  sdo.o(.text)
    getWriteResultNetworkDict                0x0800830f   Thumb Code   144  sdo.o(.text)
    SetAlarm                                 0x080083a1   Thumb Code   170  timer.o(.text)
    DelAlarm                                 0x0800844b   Thumb Code    46  timer.o(.text)
    TimeDispatch                             0x08008479   Thumb Code   178  timer.o(.text)
    proceedSYNC                              0x08008539   Thumb Code    44  sync.o(.text)
    sendSYNCMessage                          0x08008565   Thumb Code    38  sync.o(.text)
    sendSYNC                                 0x0800858b   Thumb Code    22  sync.o(.text)
    SyncAlarm                                0x080085a1   Thumb Code    14  sync.o(.text)
    stopSYNC                                 0x080085af   Thumb Code    46  sync.o(.text)
    startSYNC                                0x080085dd   Thumb Code    98  sync.o(.text)
    OnCOB_ID_SyncUpdate                      0x0800863f   Thumb Code    18  sync.o(.text)
    _post_sync                               0x08008651   Thumb Code     2  sync.o(.text)
    _post_TPDO                               0x08008653   Thumb Code     2  sync.o(.text)
    getState                                 0x08008659   Thumb Code     8  states.o(.text)
    canDispatch                              0x08008661   Thumb Code   154  states.o(.text)
    switchCommunicationState                 0x080086fb   Thumb Code   284  states.o(.text)
    setState                                 0x08008817   Thumb Code   200  states.o(.text)
    getNodeId                                0x080088df   Thumb Code     8  states.o(.text)
    setNodeId                                0x080088e7   Thumb Code   432  states.o(.text)
    _initialisation                          0x08008a97   Thumb Code     2  states.o(.text)
    _preOperational                          0x08008a99   Thumb Code    22  states.o(.text)
    _operational                             0x08008aaf   Thumb Code     2  states.o(.text)
    _stopped                                 0x08008ab1   Thumb Code     2  states.o(.text)
    __use_no_semihosting                     0x08008ab9   Thumb Code     2  use_no_semi_2.o(.text)
    memcmp                                   0x08008abb   Thumb Code    88  memcmp.o(.text)
    __aeabi_memcpy                           0x08008b13   Thumb Code     0  rt_memcpy_v6.o(.text)
    __rt_memcpy                              0x08008b13   Thumb Code   138  rt_memcpy_v6.o(.text)
    _memcpy_lastbytes                        0x08008b79   Thumb Code     0  rt_memcpy_v6.o(.text)
    __aeabi_memcpy4                          0x08008b9d   Thumb Code     0  rt_memcpy_w.o(.text)
    __aeabi_memcpy8                          0x08008b9d   Thumb Code     0  rt_memcpy_w.o(.text)
    __rt_memcpy_w                            0x08008b9d   Thumb Code   100  rt_memcpy_w.o(.text)
    _memcpy_lastbytes_aligned                0x08008be5   Thumb Code     0  rt_memcpy_w.o(.text)
    __use_two_region_memory                  0x08008c01   Thumb Code     2  heapauxi.o(.text)
    __rt_heap_escrow$2region                 0x08008c03   Thumb Code     2  heapauxi.o(.text)
    __rt_heap_expand$2region                 0x08008c05   Thumb Code     2  heapauxi.o(.text)
    __I$use$semihosting                      0x08008c07   Thumb Code     0  use_no_semi.o(.text)
    __use_no_semihosting_swi                 0x08008c07   Thumb Code     2  use_no_semi.o(.text)
    __user_setup_stackheap                   0x08008c09   Thumb Code    74  sys_stackheap_outer.o(.text)
    exit                                     0x08008c53   Thumb Code    18  exit.o(.text)
    __user_libspace                          0x08008c65   Thumb Code     8  libspace.o(.text)
    __user_perproc_libspace                  0x08008c65   Thumb Code     0  libspace.o(.text)
    __user_perthread_libspace                0x08008c65   Thumb Code     0  libspace.o(.text)
    _fp_init                                 0x08008c6d   Thumb Code    10  fpinit.o(x$fpl$fpinit)
    __fplib_config_fpu_vfp                   0x08008c75   Thumb Code     0  fpinit.o(x$fpl$fpinit)
    __fplib_config_pureend_doubles           0x08008c75   Thumb Code     0  fpinit.o(x$fpl$fpinit)
    Master_iam_a_slave                       0x08008d08   Data           1  canfestival_master.o(.constdata)
    Master_objdict                           0x08008d0c   Data         272  canfestival_master.o(.constdata)
    Master_firstIndex                        0x08008e1c   Data          12  canfestival_master.o(.constdata)
    Master_lastIndex                         0x08008e28   Data          12  canfestival_master.o(.constdata)
    Master_ObjdictSize                       0x08008e34   Data           2  canfestival_master.o(.constdata)
    Region$$Table$$Base                      0x08008e78   Number         0  anon$$obj.o(Region$$Table)
    Region$$Table$$Limit                     0x08008e98   Number         0  anon$$obj.o(Region$$Table)
    SystemCoreClock                          0x20000000   Data           4  system_stm32f4xx.o(.data)
    AHBPrescTable                            0x20000004   Data          16  system_stm32f4xx.o(.data)
    mode1                                    0x20000018   Data           1  canfestival_master.o(.data)
    velocity1                                0x2000001c   Data           4  canfestival_master.o(.data)
    torque1                                  0x20000020   Data           2  canfestival_master.o(.data)
    mode2                                    0x20000022   Data           1  canfestival_master.o(.data)
    velocity2                                0x20000024   Data           4  canfestival_master.o(.data)
    torque2                                  0x20000028   Data           2  canfestival_master.o(.data)
    rec_torque1                              0x2000002a   Data           2  canfestival_master.o(.data)
    rec_torque2                              0x2000002c   Data           2  canfestival_master.o(.data)
    Master_bDeviceNodeId                     0x2000002e   Data           1  canfestival_master.o(.data)
    Master_heartBeatTimers                   0x20000030   Data           2  canfestival_master.o(.data)
    Master_obj1000                           0x20000034   Data           4  canfestival_master.o(.data)
    Master_Index1000                         0x20000038   Data          16  canfestival_master.o(.data)
    Master_obj1001                           0x20000048   Data           1  canfestival_master.o(.data)
    Master_Index1001                         0x2000004c   Data          16  canfestival_master.o(.data)
    Master_highestSubIndex_obj1003           0x2000005c   Data           1  canfestival_master.o(.data)
    Master_obj1003                           0x20000060   Data           4  canfestival_master.o(.data)
    Master_Index1003                         0x20000064   Data          32  canfestival_master.o(.data)
    Master_obj1005                           0x20000084   Data           4  canfestival_master.o(.data)
    Master_Index1005                         0x20000088   Data          16  canfestival_master.o(.data)
    Master_obj1006                           0x20000098   Data           4  canfestival_master.o(.data)
    Master_Index1006                         0x2000009c   Data          16  canfestival_master.o(.data)
    Master_obj1007                           0x200000ac   Data           4  canfestival_master.o(.data)
    Master_Index1007                         0x200000b0   Data          16  canfestival_master.o(.data)
    Master_obj100C                           0x200000c0   Data           2  canfestival_master.o(.data)
    Master_obj100D                           0x200000c2   Data           1  canfestival_master.o(.data)
    Master_obj1014                           0x200000c4   Data           4  canfestival_master.o(.data)
    Master_Index1014                         0x200000c8   Data          16  canfestival_master.o(.data)
    Master_highestSubIndex_obj1016           0x200000d8   Data           1  canfestival_master.o(.data)
    Master_obj1016                           0x200000dc   Data           4  canfestival_master.o(.data)
    Master_obj1017                           0x200000e0   Data           2  canfestival_master.o(.data)
    Master_highestSubIndex_obj1018           0x200000e2   Data           1  canfestival_master.o(.data)
    Master_obj1018_Vendor_ID                 0x200000e4   Data           4  canfestival_master.o(.data)
    Master_obj1018_Product_Code              0x200000e8   Data           4  canfestival_master.o(.data)
    Master_obj1018_Revision_Number           0x200000ec   Data           4  canfestival_master.o(.data)
    Master_obj1018_Serial_Number             0x200000f0   Data           4  canfestival_master.o(.data)
    Master_Index1018                         0x200000f4   Data          80  canfestival_master.o(.data)
    Master_obj1019                           0x20000144   Data           1  canfestival_master.o(.data)
    Master_Index1019                         0x20000148   Data          16  canfestival_master.o(.data)
    Master_highestSubIndex_obj1280           0x20000158   Data           1  canfestival_master.o(.data)
    Master_obj1280_COB_ID_Client_to_Server_Transmit_SDO 0x2000015c   Data           4  canfestival_master.o(.data)
    Master_obj1280_COB_ID_Server_to_Client_Receive_SDO 0x20000160   Data           4  canfestival_master.o(.data)
    Master_obj1280_Node_ID_of_the_SDO_Server 0x20000164   Data           1  canfestival_master.o(.data)
    Master_Index1280                         0x20000168   Data          64  canfestival_master.o(.data)
    Master_highestSubIndex_obj1281           0x200001a8   Data           1  canfestival_master.o(.data)
    Master_obj1281_COB_ID_Client_to_Server_Transmit_SDO 0x200001ac   Data           4  canfestival_master.o(.data)
    Master_obj1281_COB_ID_Server_to_Client_Receive_SDO 0x200001b0   Data           4  canfestival_master.o(.data)
    Master_obj1281_Node_ID_of_the_SDO_Server 0x200001b4   Data           1  canfestival_master.o(.data)
    Master_Index1281                         0x200001b8   Data          64  canfestival_master.o(.data)
    Master_highestSubIndex_obj1400           0x200001f8   Data           1  canfestival_master.o(.data)
    Master_obj1400_COB_ID_used_by_PDO        0x200001fc   Data           4  canfestival_master.o(.data)
    Master_obj1400_Transmission_Type         0x20000200   Data           1  canfestival_master.o(.data)
    Master_obj1400_Inhibit_Time              0x20000202   Data           2  canfestival_master.o(.data)
    Master_obj1400_Compatibility_Entry       0x20000204   Data           1  canfestival_master.o(.data)
    Master_obj1400_Event_Timer               0x20000206   Data           2  canfestival_master.o(.data)
    Master_obj1400_SYNC_start_value          0x20000208   Data           1  canfestival_master.o(.data)
    Master_Index1400                         0x2000020c   Data         112  canfestival_master.o(.data)
    Master_highestSubIndex_obj1401           0x2000027c   Data           1  canfestival_master.o(.data)
    Master_obj1401_COB_ID_used_by_PDO        0x20000280   Data           4  canfestival_master.o(.data)
    Master_obj1401_Transmission_Type         0x20000284   Data           1  canfestival_master.o(.data)
    Master_obj1401_Inhibit_Time              0x20000286   Data           2  canfestival_master.o(.data)
    Master_obj1401_Compatibility_Entry       0x20000288   Data           1  canfestival_master.o(.data)
    Master_obj1401_Event_Timer               0x2000028a   Data           2  canfestival_master.o(.data)
    Master_obj1401_SYNC_start_value          0x2000028c   Data           1  canfestival_master.o(.data)
    Master_Index1401                         0x20000290   Data         112  canfestival_master.o(.data)
    Master_highestSubIndex_obj1600           0x20000300   Data           1  canfestival_master.o(.data)
    Master_obj1600                           0x20000304   Data           4  canfestival_master.o(.data)
    Master_Index1600                         0x20000308   Data          32  canfestival_master.o(.data)
    Master_highestSubIndex_obj1601           0x20000328   Data           1  canfestival_master.o(.data)
    Master_obj1601                           0x2000032c   Data           4  canfestival_master.o(.data)
    Master_Index1601                         0x20000330   Data          32  canfestival_master.o(.data)
    Master_highestSubIndex_obj1800           0x20000350   Data           1  canfestival_master.o(.data)
    Master_obj1800_COB_ID_used_by_PDO        0x20000354   Data           4  canfestival_master.o(.data)
    Master_obj1800_Transmission_Type         0x20000358   Data           1  canfestival_master.o(.data)
    Master_obj1800_Inhibit_Time              0x2000035a   Data           2  canfestival_master.o(.data)
    Master_obj1800_Compatibility_Entry       0x2000035c   Data           1  canfestival_master.o(.data)
    Master_obj1800_Event_Timer               0x2000035e   Data           2  canfestival_master.o(.data)
    Master_obj1800_SYNC_start_value          0x20000360   Data           1  canfestival_master.o(.data)
    Master_Index1800                         0x20000364   Data         112  canfestival_master.o(.data)
    Master_highestSubIndex_obj1801           0x200003d4   Data           1  canfestival_master.o(.data)
    Master_obj1801_COB_ID_used_by_PDO        0x200003d8   Data           4  canfestival_master.o(.data)
    Master_obj1801_Transmission_Type         0x200003dc   Data           1  canfestival_master.o(.data)
    Master_obj1801_Inhibit_Time              0x200003de   Data           2  canfestival_master.o(.data)
    Master_obj1801_Compatibility_Entry       0x200003e0   Data           1  canfestival_master.o(.data)
    Master_obj1801_Event_Timer               0x200003e2   Data           2  canfestival_master.o(.data)
    Master_obj1801_SYNC_start_value          0x200003e4   Data           1  canfestival_master.o(.data)
    Master_Index1801                         0x200003e8   Data         112  canfestival_master.o(.data)
    Master_highestSubIndex_obj1802           0x20000458   Data           1  canfestival_master.o(.data)
    Master_obj1802_COB_ID_used_by_PDO        0x2000045c   Data           4  canfestival_master.o(.data)
    Master_obj1802_Transmission_Type         0x20000460   Data           1  canfestival_master.o(.data)
    Master_obj1802_Inhibit_Time              0x20000462   Data           2  canfestival_master.o(.data)
    Master_obj1802_Compatibility_Entry       0x20000464   Data           1  canfestival_master.o(.data)
    Master_obj1802_Event_Timer               0x20000466   Data           2  canfestival_master.o(.data)
    Master_obj1802_SYNC_start_value          0x20000468   Data           1  canfestival_master.o(.data)
    Master_Index1802                         0x2000046c   Data         112  canfestival_master.o(.data)
    Master_highestSubIndex_obj1803           0x200004dc   Data           1  canfestival_master.o(.data)
    Master_obj1803_COB_ID_used_by_PDO        0x200004e0   Data           4  canfestival_master.o(.data)
    Master_obj1803_Transmission_Type         0x200004e4   Data           1  canfestival_master.o(.data)
    Master_obj1803_Inhibit_Time              0x200004e6   Data           2  canfestival_master.o(.data)
    Master_obj1803_Compatibility_Entry       0x200004e8   Data           1  canfestival_master.o(.data)
    Master_obj1803_Event_Timer               0x200004ea   Data           2  canfestival_master.o(.data)
    Master_obj1803_SYNC_start_value          0x200004ec   Data           1  canfestival_master.o(.data)
    Master_Index1803                         0x200004f0   Data         112  canfestival_master.o(.data)
    Master_highestSubIndex_obj1804           0x20000560   Data           1  canfestival_master.o(.data)
    Master_obj1804_COB_ID_used_by_PDO        0x20000564   Data           4  canfestival_master.o(.data)
    Master_obj1804_Transmission_Type         0x20000568   Data           1  canfestival_master.o(.data)
    Master_obj1804_Inhibit_Time              0x2000056a   Data           2  canfestival_master.o(.data)
    Master_obj1804_Compatibility_Entry       0x2000056c   Data           1  canfestival_master.o(.data)
    Master_obj1804_Event_Timer               0x2000056e   Data           2  canfestival_master.o(.data)
    Master_obj1804_SYNC_start_value          0x20000570   Data           1  canfestival_master.o(.data)
    Master_Index1804                         0x20000574   Data         112  canfestival_master.o(.data)
    Master_highestSubIndex_obj1805           0x200005e4   Data           1  canfestival_master.o(.data)
    Master_obj1805_COB_ID_used_by_PDO        0x200005e8   Data           4  canfestival_master.o(.data)
    Master_obj1805_Transmission_Type         0x200005ec   Data           1  canfestival_master.o(.data)
    Master_obj1805_Inhibit_Time              0x200005ee   Data           2  canfestival_master.o(.data)
    Master_obj1805_Compatibility_Entry       0x200005f0   Data           1  canfestival_master.o(.data)
    Master_obj1805_Event_Timer               0x200005f2   Data           2  canfestival_master.o(.data)
    Master_obj1805_SYNC_start_value          0x200005f4   Data           1  canfestival_master.o(.data)
    Master_Index1805                         0x200005f8   Data         112  canfestival_master.o(.data)
    Master_highestSubIndex_obj1A00           0x20000668   Data           1  canfestival_master.o(.data)
    Master_obj1A00                           0x2000066c   Data           4  canfestival_master.o(.data)
    Master_Index1A00                         0x20000670   Data          32  canfestival_master.o(.data)
    Master_highestSubIndex_obj1A01           0x20000690   Data           1  canfestival_master.o(.data)
    Master_obj1A01                           0x20000694   Data           4  canfestival_master.o(.data)
    Master_Index1A01                         0x20000698   Data          32  canfestival_master.o(.data)
    Master_highestSubIndex_obj1A02           0x200006b8   Data           1  canfestival_master.o(.data)
    Master_obj1A02                           0x200006bc   Data           4  canfestival_master.o(.data)
    Master_Index1A02                         0x200006c0   Data          32  canfestival_master.o(.data)
    Master_highestSubIndex_obj1A03           0x200006e0   Data           1  canfestival_master.o(.data)
    Master_obj1A03                           0x200006e4   Data           4  canfestival_master.o(.data)
    Master_Index1A03                         0x200006e8   Data          32  canfestival_master.o(.data)
    Master_highestSubIndex_obj1A04           0x20000708   Data           1  canfestival_master.o(.data)
    Master_obj1A04                           0x2000070c   Data           4  canfestival_master.o(.data)
    Master_Index1A04                         0x20000710   Data          32  canfestival_master.o(.data)
    Master_highestSubIndex_obj1A05           0x20000730   Data           1  canfestival_master.o(.data)
    Master_obj1A05                           0x20000734   Data           4  canfestival_master.o(.data)
    Master_Index1A05                         0x20000738   Data          32  canfestival_master.o(.data)
    Master_Index2000                         0x20000758   Data          16  canfestival_master.o(.data)
    Master_Index2001                         0x20000768   Data          16  canfestival_master.o(.data)
    Master_Index2002                         0x20000778   Data          16  canfestival_master.o(.data)
    Master_Index2003                         0x20000788   Data          16  canfestival_master.o(.data)
    Master_Index2004                         0x20000798   Data          16  canfestival_master.o(.data)
    Master_Index2005                         0x200007a8   Data          16  canfestival_master.o(.data)
    Master_Index2006                         0x200007b8   Data          16  canfestival_master.o(.data)
    Master_Index2007                         0x200007c8   Data          16  canfestival_master.o(.data)
    Master_PDO_status                        0x200007d8   Data         108  canfestival_master.o(.data)
    Master_Data                              0x20000844   Data         576  canfestival_master.o(.data)
    __stdout                                 0x20000a88   Data           4  usart.o(.data)
    USART_RX_STA                             0x20000a8c   Data           2  usart.o(.data)
    total_sleep_time                         0x20000aa0   Data           4  timer.o(.data)
    last_timer_raw                           0x20000aa4   Data           2  timer.o(.data)
    tdcount                                  0x20000aa8   Data           4  timer.o(.data)
    USART_RX_BUF                             0x20000aac   Data         200  usart.o(.bss)
    timers                                   0x20000b74   Data         192  timer.o(.bss)
    __libspace_start                         0x20000c34   Data          96  libspace.o(.bss)
    __temporary_stack_top$libspace           0x20000c94   Data           0  libspace.o(.bss)



==============================================================================

Memory Map of the image

  Image Entry point : 0x08000189

  Load Region LR_IROM1 (Base: 0x08000000, Size: 0x00009944, Max: 0x00100000, ABSOLUTE, COMPRESSED[0x00009148])

    Execution Region ER_IROM1 (Exec base: 0x08000000, Load base: 0x08000000, Size: 0x00008e98, Max: 0x00100000, ABSOLUTE)

    Exec Addr    Load Addr    Size         Type   Attr      Idx    E Section Name        Object

    0x08000000   0x08000000   0x00000188   Data   RO          536    RESET               startup_stm32f40_41xxx.o
    0x08000188   0x08000188   0x00000008   Code   RO          969  * !!!main             c_w.l(__main.o)
    0x08000190   0x08000190   0x00000034   Code   RO         1128    !!!scatter          c_w.l(__scatter.o)
    0x080001c4   0x080001c4   0x0000005a   Code   RO         1126    !!dczerorl2         c_w.l(__dczerorl2.o)
    0x0800021e   0x0800021e   0x00000002   PAD
    0x08000220   0x08000220   0x0000001c   Code   RO         1130    !!handler_zi        c_w.l(__scatter_zi.o)
    0x0800023c   0x0800023c   0x00000002   Code   RO          998    .ARM.Collect$$libinit$$00000000  c_w.l(libinit.o)
    0x0800023e   0x0800023e   0x00000004   Code   RO         1004    .ARM.Collect$$libinit$$00000001  c_w.l(libinit2.o)
    0x08000242   0x08000242   0x00000000   Code   RO         1007    .ARM.Collect$$libinit$$00000004  c_w.l(libinit2.o)
    0x08000242   0x08000242   0x00000000   Code   RO         1010    .ARM.Collect$$libinit$$0000000A  c_w.l(libinit2.o)
    0x08000242   0x08000242   0x00000000   Code   RO         1012    .ARM.Collect$$libinit$$0000000C  c_w.l(libinit2.o)
    0x08000242   0x08000242   0x00000000   Code   RO         1014    .ARM.Collect$$libinit$$0000000E  c_w.l(libinit2.o)
    0x08000242   0x08000242   0x00000000   Code   RO         1017    .ARM.Collect$$libinit$$00000011  c_w.l(libinit2.o)
    0x08000242   0x08000242   0x00000000   Code   RO         1019    .ARM.Collect$$libinit$$00000013  c_w.l(libinit2.o)
    0x08000242   0x08000242   0x00000000   Code   RO         1021    .ARM.Collect$$libinit$$00000015  c_w.l(libinit2.o)
    0x08000242   0x08000242   0x00000000   Code   RO         1023    .ARM.Collect$$libinit$$00000017  c_w.l(libinit2.o)
    0x08000242   0x08000242   0x00000000   Code   RO         1025    .ARM.Collect$$libinit$$00000019  c_w.l(libinit2.o)
    0x08000242   0x08000242   0x00000000   Code   RO         1027    .ARM.Collect$$libinit$$0000001B  c_w.l(libinit2.o)
    0x08000242   0x08000242   0x00000000   Code   RO         1029    .ARM.Collect$$libinit$$0000001D  c_w.l(libinit2.o)
    0x08000242   0x08000242   0x00000000   Code   RO         1031    .ARM.Collect$$libinit$$0000001F  c_w.l(libinit2.o)
    0x08000242   0x08000242   0x00000000   Code   RO         1033    .ARM.Collect$$libinit$$00000021  c_w.l(libinit2.o)
    0x08000242   0x08000242   0x00000000   Code   RO         1035    .ARM.Collect$$libinit$$00000023  c_w.l(libinit2.o)
    0x08000242   0x08000242   0x00000000   Code   RO         1037    .ARM.Collect$$libinit$$00000025  c_w.l(libinit2.o)
    0x08000242   0x08000242   0x00000000   Code   RO         1041    .ARM.Collect$$libinit$$0000002C  c_w.l(libinit2.o)
    0x08000242   0x08000242   0x00000000   Code   RO         1043    .ARM.Collect$$libinit$$0000002E  c_w.l(libinit2.o)
    0x08000242   0x08000242   0x00000000   Code   RO         1045    .ARM.Collect$$libinit$$00000030  c_w.l(libinit2.o)
    0x08000242   0x08000242   0x00000000   Code   RO         1047    .ARM.Collect$$libinit$$00000032  c_w.l(libinit2.o)
    0x08000242   0x08000242   0x00000002   Code   RO         1048    .ARM.Collect$$libinit$$00000033  c_w.l(libinit2.o)
    0x08000244   0x08000244   0x00000002   Code   RO         1066    .ARM.Collect$$libshutdown$$00000000  c_w.l(libshutdown.o)
    0x08000246   0x08000246   0x00000000   Code   RO         1076    .ARM.Collect$$libshutdown$$00000002  c_w.l(libshutdown2.o)
    0x08000246   0x08000246   0x00000000   Code   RO         1078    .ARM.Collect$$libshutdown$$00000004  c_w.l(libshutdown2.o)
    0x08000246   0x08000246   0x00000000   Code   RO         1080    .ARM.Collect$$libshutdown$$00000006  c_w.l(libshutdown2.o)
    0x08000246   0x08000246   0x00000000   Code   RO         1083    .ARM.Collect$$libshutdown$$00000009  c_w.l(libshutdown2.o)
    0x08000246   0x08000246   0x00000000   Code   RO         1086    .ARM.Collect$$libshutdown$$0000000C  c_w.l(libshutdown2.o)
    0x08000246   0x08000246   0x00000000   Code   RO         1088    .ARM.Collect$$libshutdown$$0000000E  c_w.l(libshutdown2.o)
    0x08000246   0x08000246   0x00000000   Code   RO         1091    .ARM.Collect$$libshutdown$$00000011  c_w.l(libshutdown2.o)
    0x08000246   0x08000246   0x00000002   Code   RO         1092    .ARM.Collect$$libshutdown$$00000012  c_w.l(libshutdown2.o)
    0x08000248   0x08000248   0x00000000   Code   RO          973    .ARM.Collect$$rtentry$$00000000  c_w.l(__rtentry.o)
    0x08000248   0x08000248   0x00000000   Code   RO          975    .ARM.Collect$$rtentry$$00000002  c_w.l(__rtentry2.o)
    0x08000248   0x08000248   0x00000006   Code   RO          987    .ARM.Collect$$rtentry$$00000004  c_w.l(__rtentry4.o)
    0x0800024e   0x0800024e   0x00000000   Code   RO          977    .ARM.Collect$$rtentry$$00000009  c_w.l(__rtentry2.o)
    0x0800024e   0x0800024e   0x00000004   Code   RO          978    .ARM.Collect$$rtentry$$0000000A  c_w.l(__rtentry2.o)
    0x08000252   0x08000252   0x00000000   Code   RO          980    .ARM.Collect$$rtentry$$0000000C  c_w.l(__rtentry2.o)
    0x08000252   0x08000252   0x00000008   Code   RO          981    .ARM.Collect$$rtentry$$0000000D  c_w.l(__rtentry2.o)
    0x0800025a   0x0800025a   0x00000002   Code   RO         1002    .ARM.Collect$$rtexit$$00000000  c_w.l(rtexit.o)
    0x0800025c   0x0800025c   0x00000000   Code   RO         1050    .ARM.Collect$$rtexit$$00000002  c_w.l(rtexit2.o)
    0x0800025c   0x0800025c   0x00000004   Code   RO         1051    .ARM.Collect$$rtexit$$00000003  c_w.l(rtexit2.o)
    0x08000260   0x08000260   0x00000006   Code   RO         1052    .ARM.Collect$$rtexit$$00000004  c_w.l(rtexit2.o)
    0x08000266   0x08000266   0x00000002   PAD
    0x08000268   0x08000268   0x00000138   Code   RO            3    .text               main.o
    0x080003a0   0x080003a0   0x0000001a   Code   RO          228    .text               stm32f4xx_it.o
    0x080003ba   0x080003ba   0x00000002   PAD
    0x080003bc   0x080003bc   0x00000210   Code   RO          277    .text               system_stm32f4xx.o
    0x080005cc   0x080005cc   0x00000040   Code   RO          303    .text               led.o
    0x0800060c   0x0800060c   0x00000104   Code   RO          323    .text               key.o
    0x08000710   0x08000710   0x000001b0   Code   RO          344    .text               canfestival_can.o
    0x080008c0   0x080008c0   0x00000090   Code   RO          372    .text               canfestival_timer.o
    0x08000950   0x08000950   0x000001a0   Code   RO          402    .text               canfestival_master.o
    0x08000af0   0x08000af0   0x00000104   Code   RO          465    .text               delay.o
    0x08000bf4   0x08000bf4   0x00000148   Code   RO          505    .text               usart.o
    0x08000d3c   0x08000d3c   0x00000040   Code   RO          537    .text               startup_stm32f40_41xxx.o
    0x08000d7c   0x08000d7c   0x000000e0   Code   RO          543    .text               misc.o
    0x08000e5c   0x08000e5c   0x00000294   Code   RO          563    .text               stm32f4xx_gpio.o
    0x080010f0   0x080010f0   0x0000065c   Code   RO          606    .text               stm32f4xx_rcc.o
    0x0800174c   0x0800174c   0x00000454   Code   RO          648    .text               stm32f4xx_usart.o
    0x08001ba0   0x08001ba0   0x000009f0   Code   RO          668    .text               stm32f4xx_can.o
    0x08002590   0x08002590   0x00000ca2   Code   RO          688    .text               stm32f4xx_tim.o
    0x08003232   0x08003232   0x00000002   PAD
    0x08003234   0x08003234   0x000002a2   Code   RO          734    .text               emcy.o
    0x080034d6   0x080034d6   0x00000002   PAD
    0x080034d8   0x080034d8   0x000003f8   Code   RO          754    .text               lifegrd.o
    0x080038d0   0x080038d0   0x00000084   Code   RO          774    .text               nmtmaster.o
    0x08003954   0x08003954   0x0000010e   Code   RO          811    .text               nmtslave.o
    0x08003a62   0x08003a62   0x00000002   PAD
    0x08003a64   0x08003a64   0x00000260   Code   RO          831    .text               objacces.o
    0x08003cc4   0x08003cc4   0x00000a60   Code   RO          851    .text               pdo.o
    0x08004724   0x08004724   0x00003c7a   Code   RO          871    .text               sdo.o
    0x0800839e   0x0800839e   0x00000002   PAD
    0x080083a0   0x080083a0   0x00000198   Code   RO          891    .text               timer.o
    0x08008538   0x08008538   0x00000120   Code   RO          918    .text               sync.o
    0x08008658   0x08008658   0x00000460   Code   RO          938    .text               states.o
    0x08008ab8   0x08008ab8   0x00000002   Code   RO          959    .text               c_w.l(use_no_semi_2.o)
    0x08008aba   0x08008aba   0x00000058   Code   RO          961    .text               c_w.l(memcmp.o)
    0x08008b12   0x08008b12   0x0000008a   Code   RO          963    .text               c_w.l(rt_memcpy_v6.o)
    0x08008b9c   0x08008b9c   0x00000064   Code   RO          965    .text               c_w.l(rt_memcpy_w.o)
    0x08008c00   0x08008c00   0x00000006   Code   RO          967    .text               c_w.l(heapauxi.o)
    0x08008c06   0x08008c06   0x00000002   Code   RO          971    .text               c_w.l(use_no_semi.o)
    0x08008c08   0x08008c08   0x0000004a   Code   RO          989    .text               c_w.l(sys_stackheap_outer.o)
    0x08008c52   0x08008c52   0x00000012   Code   RO          991    .text               c_w.l(exit.o)
    0x08008c64   0x08008c64   0x00000008   Code   RO          999    .text               c_w.l(libspace.o)
    0x08008c6c   0x08008c6c   0x0000000a   Code   RO         1058    x$fpl$fpinit        fz_wm.l(fpinit.o)
    0x08008c76   0x08008c76   0x00000002   PAD
    0x08008c78   0x08008c78   0x00000090   Data   RO            4    .constdata          main.o
    0x08008d08   0x08008d08   0x0000012e   Data   RO          403    .constdata          canfestival_master.o
    0x08008e36   0x08008e36   0x00000002   PAD
    0x08008e38   0x08008e38   0x00000040   Data   RO          939    .constdata          states.o
    0x08008e78   0x08008e78   0x00000020   Data   RO         1124    Region$$Table       anon$$obj.o


    Execution Region RW_IRAM1 (Exec base: 0x20000000, Load base: 0x08008e98, Size: 0x00001298, Max: 0x00020000, ABSOLUTE, COMPRESSED[0x000002b0])

    Exec Addr    Load Addr    Size         Type   Attr      Idx    E Section Name        Object

    0x20000000   COMPRESSED   0x00000014   Data   RW          278    .data               system_stm32f4xx.o
    0x20000014   COMPRESSED   0x00000001   Data   RW          324    .data               key.o
    0x20000015   COMPRESSED   0x00000003   PAD
    0x20000018   COMPRESSED   0x00000a6c   Data   RW          404    .data               canfestival_master.o
    0x20000a84   COMPRESSED   0x00000004   Data   RW          466    .data               delay.o
    0x20000a88   COMPRESSED   0x00000006   Data   RW          507    .data               usart.o
    0x20000a8e   COMPRESSED   0x00000010   Data   RW          607    .data               stm32f4xx_rcc.o
    0x20000a9e   COMPRESSED   0x00000002   PAD
    0x20000aa0   COMPRESSED   0x0000000c   Data   RW          893    .data               timer.o
    0x20000aac        -       0x000000c8   Zero   RW          506    .bss                usart.o
    0x20000b74        -       0x000000c0   Zero   RW          892    .bss                timer.o
    0x20000c34        -       0x00000060   Zero   RW         1000    .bss                c_w.l(libspace.o)
    0x20000c94   COMPRESSED   0x00000004   PAD
    0x20000c98        -       0x00000200   Zero   RW          535    HEAP                startup_stm32f40_41xxx.o
    0x20000e98        -       0x00000400   Zero   RW          534    STACK               startup_stm32f40_41xxx.o


==============================================================================

Image component sizes


      Code (inc. data)   RO Data    RW Data    ZI Data      Debug   Object Name

       432         14          0          0          0       1814   canfestival_can.o
       416         20        302       2668          0      22550   canfestival_master.o
       144          6          0          0          0       1320   canfestival_timer.o
       260          8          0          4          0       1501   delay.o
       674          0          0          0          0       3415   emcy.o
       260         12          0          1          0        888   key.o
        64          4          0          0          0        535   led.o
      1016          6          0          0          0       5351   lifegrd.o
       312         14        144          0          0     303100   main.o
       224         20          0          0          0       1837   misc.o
       132          0          0          0          0       1385   nmtmaster.o
       270          0          0          0          0       1124   nmtslave.o
       608         16          0          0          0       3164   objacces.o
      2656          4          0          0          0       8231   pdo.o
     15482        150          0          0          0      20671   sdo.o
        64         26        392          0       1536        840   startup_stm32f40_41xxx.o
      1120         22         64          0          0       4431   states.o
      2544         38          0          0          0       8164   stm32f4xx_can.o
       660         44          0          0          0       4177   stm32f4xx_gpio.o
        26          0          0          0          0       1230   stm32f4xx_it.o
      1628         52          0         16          0      13064   stm32f4xx_rcc.o
      3234         60          0          0          0      23032   stm32f4xx_tim.o
      1108         34          0          0          0       7900   stm32f4xx_usart.o
       288          4          0          0          0       2306   sync.o
       528         46          0         20          0       1807   system_stm32f4xx.o
       408         14          0         12        192       3230   timer.o
       328         16          0          6        200       3318   usart.o

    ----------------------------------------------------------------------
     34896        630        936       2732       1928     450385   Object Totals
         0          0         32          0          0          0   (incl. Generated)
        10          0          2          5          0          0   (incl. Padding)

    ----------------------------------------------------------------------

      Code (inc. data)   RO Data    RW Data    ZI Data      Debug   Library Member Name

        90          0          0          0          0          0   __dczerorl2.o
         8          0          0          0          0         68   __main.o
         0          0          0          0          0          0   __rtentry.o
        12          0          0          0          0          0   __rtentry2.o
         6          0          0          0          0          0   __rtentry4.o
        52          8          0          0          0          0   __scatter.o
        28          0          0          0          0          0   __scatter_zi.o
        18          0          0          0          0         80   exit.o
         6          0          0          0          0        152   heapauxi.o
         2          0          0          0          0          0   libinit.o
         6          0          0          0          0          0   libinit2.o
         2          0          0          0          0          0   libshutdown.o
         2          0          0          0          0          0   libshutdown2.o
         8          4          0          0         96         68   libspace.o
        88          0          0          0          0         76   memcmp.o
       138          0          0          0          0         68   rt_memcpy_v6.o
       100          0          0          0          0         80   rt_memcpy_w.o
         2          0          0          0          0          0   rtexit.o
        10          0          0          0          0          0   rtexit2.o
        74          0          0          0          0         80   sys_stackheap_outer.o
         2          0          0          0          0         68   use_no_semi.o
         2          0          0          0          0         68   use_no_semi_2.o
        10          0          0          0          0        116   fpinit.o

    ----------------------------------------------------------------------
       672         12          0          0        100        924   Library Totals
         6          0          0          0          4          0   (incl. Padding)

    ----------------------------------------------------------------------

      Code (inc. data)   RO Data    RW Data    ZI Data      Debug   Library Name

       656         12          0          0         96        808   c_w.l
        10          0          0          0          0        116   fz_wm.l

    ----------------------------------------------------------------------
       672         12          0          0        100        924   Library Totals

    ----------------------------------------------------------------------

==============================================================================


      Code (inc. data)   RO Data    RW Data    ZI Data      Debug   

     35568        642        936       2732       2028     445297   Grand Totals
     35568        642        936        688       2028     445297   ELF Image Totals (compressed)
     35568        642        936        688          0          0   ROM Totals

==============================================================================

    Total RO  Size (Code + RO Data)                36504 (  35.65kB)
    Total RW  Size (RW Data + ZI Data)              4760 (   4.65kB)
    Total ROM Size (Code + RO Data + RW Data)      37192 (  36.32kB)

==============================================================================

