Component: ARM Compiler 5.06 update 7 (build 960) Tool: armlink [4d3601]

==============================================================================

Section Cross References

    main.o(.text) refers to misc.o(.text) for NVIC_PriorityGroupConfig
    main.o(.text) refers to delay.o(.text) for delay_init
    main.o(.text) refers to usart.o(.text) for uart_init
    main.o(.text) refers to led.o(.text) for LED_Init
    main.o(.text) refers to canfestival_timer.o(.text) for TIM3_Int_Init
    main.o(.text) refers to canfestival_can.o(.text) for canfestival_can_init
    main.o(.text) refers to states.o(.text) for setNodeId
    main.o(.text) refers to slave.o(.data) for slave_Data
    system_stm32f4xx.o(.text) refers to system_stm32f4xx.o(.data) for SystemCoreClock
    led.o(.text) refers to stm32f4xx_rcc.o(.text) for RCC_AHB1PeriphClockCmd
    led.o(.text) refers to stm32f4xx_gpio.o(.text) for GPIO_Init
    canfestival_can.o(.text) refers to stm32f4xx_rcc.o(.text) for RCC_AHB1PeriphClockCmd
    canfestival_can.o(.text) refers to stm32f4xx_gpio.o(.text) for GPIO_Init
    canfestival_can.o(.text) refers to stm32f4xx_can.o(.text) for CAN_Init
    canfestival_can.o(.text) refers to misc.o(.text) for NVIC_Init
    canfestival_can.o(.text) refers to rt_memcpy_v6.o(.text) for __aeabi_memcpy
    canfestival_can.o(.text) refers to states.o(.text) for canDispatch
    canfestival_can.o(.text) refers to slave.o(.data) for slave_Data
    canfestival_timer.o(.text) refers to stm32f4xx_rcc.o(.text) for RCC_APB1PeriphClockCmd
    canfestival_timer.o(.text) refers to stm32f4xx_tim.o(.text) for TIM_TimeBaseInit
    canfestival_timer.o(.text) refers to misc.o(.text) for NVIC_Init
    canfestival_timer.o(.text) refers to timer.o(.text) for TimeDispatch
    slave.o(.text) refers to slave.o(.constdata) for slave_objdict
    slave.o(.constdata) refers to slave.o(.data) for slave_Index1000
    slave.o(.data) refers to slave.o(.bss) for slave_obj1601
    slave.o(.data) refers to slave.o(.constdata) for slave_objdict
    slave.o(.data) refers to pdo.o(.text) for _RxPDO_EventTimers_Handler
    slave.o(.data) refers to slave.o(.text) for slave_valueRangeTest
    slave.o(.data) refers to states.o(.text) for _initialisation
    slave.o(.data) refers to lifegrd.o(.text) for _heartbeatError
    slave.o(.data) refers to sync.o(.text) for _post_sync
    slave.o(.data) refers to objacces.o(.text) for _storeODSubIndex
    slave.o(.data) refers to emcy.o(.text) for _post_emcy
    delay.o(.text) refers to misc.o(.text) for SysTick_CLKSourceConfig
    delay.o(.text) refers to delay.o(.data) for fac_us
    usart.o(.rev16_text) refers (Special) to use_no_semi_2.o(.text) for __use_no_semihosting
    usart.o(.revsh_text) refers (Special) to use_no_semi_2.o(.text) for __use_no_semihosting
    usart.o(.text) refers (Special) to use_no_semi_2.o(.text) for __use_no_semihosting
    usart.o(.text) refers to stm32f4xx_rcc.o(.text) for RCC_AHB1PeriphClockCmd
    usart.o(.text) refers to stm32f4xx_gpio.o(.text) for GPIO_PinAFConfig
    usart.o(.text) refers to stm32f4xx_usart.o(.text) for USART_Init
    usart.o(.text) refers to misc.o(.text) for NVIC_Init
    usart.o(.text) refers to usart.o(.data) for USART_RX_STA
    usart.o(.text) refers to usart.o(.bss) for USART_RX_BUF
    usart.o(.bss) refers (Special) to use_no_semi_2.o(.text) for __use_no_semihosting
    usart.o(.data) refers (Special) to use_no_semi_2.o(.text) for __use_no_semihosting
    startup_stm32f40_41xxx.o(STACK) refers (Special) to heapauxi.o(.text) for __use_two_region_memory
    startup_stm32f40_41xxx.o(HEAP) refers (Special) to heapauxi.o(.text) for __use_two_region_memory
    startup_stm32f40_41xxx.o(RESET) refers (Special) to heapauxi.o(.text) for __use_two_region_memory
    startup_stm32f40_41xxx.o(RESET) refers to startup_stm32f40_41xxx.o(STACK) for __initial_sp
    startup_stm32f40_41xxx.o(RESET) refers to startup_stm32f40_41xxx.o(.text) for Reset_Handler
    startup_stm32f40_41xxx.o(RESET) refers to stm32f4xx_it.o(.text) for NMI_Handler
    startup_stm32f40_41xxx.o(RESET) refers to canfestival_can.o(.text) for CAN1_RX0_IRQHandler
    startup_stm32f40_41xxx.o(RESET) refers to canfestival_timer.o(.text) for TIM3_IRQHandler
    startup_stm32f40_41xxx.o(RESET) refers to usart.o(.text) for USART1_IRQHandler
    startup_stm32f40_41xxx.o(.text) refers (Special) to heapauxi.o(.text) for __use_two_region_memory
    startup_stm32f40_41xxx.o(.text) refers to system_stm32f4xx.o(.text) for SystemInit
    startup_stm32f40_41xxx.o(.text) refers to __main.o(!!!main) for __main
    startup_stm32f40_41xxx.o(.text) refers to startup_stm32f40_41xxx.o(HEAP) for Heap_Mem
    startup_stm32f40_41xxx.o(.text) refers to startup_stm32f40_41xxx.o(STACK) for Stack_Mem
    stm32f4xx_gpio.o(.text) refers to stm32f4xx_rcc.o(.text) for RCC_AHB1PeriphResetCmd
[...]
    .ARM.Collect$$libinit$$00000025          0x08000242   Section        0  libinit2.o(.ARM.Collect$$libinit$$00000025)
    .ARM.Collect$$libinit$$0000002C          0x08000242   Section        0  libinit2.o(.ARM.Collect$$libinit$$0000002C)
    .ARM.Collect$$libinit$$0000002E          0x08000242   Section        0  libinit2.o(.ARM.Collect$$libinit$$0000002E)
    .ARM.Collect$$libinit$$00000030          0x08000242   Section        0  libinit2.o(.ARM.Collect$$libinit$$00000030)
    .ARM.Collect$$libinit$$00000032          0x08000242   Section        0  libinit2.o(.ARM.Collect$$libinit$$00000032)
    .ARM.Collect$$libinit$$00000033          0x08000242   Section        2  libinit2.o(.ARM.Collect$$libinit$$00000033)
    .ARM.Collect$$libshutdown$$00000000      0x08000244   Section        2  libshutdown.o(.ARM.Collect$$libshutdown$$00000000)
    .ARM.Collect$$libshutdown$$00000002      0x08000246   Section        0  libshutdown2.o(.ARM.Collect$$libshutdown$$00000002)
    .ARM.Collect$$libshutdown$$00000004      0x08000246   Section        0  libshutdown2.o(.ARM.Collect$$libshutdown$$00000004)
    .ARM.Collect$$libshutdown$$00000006      0x08000246   Section        0  libshutdown2.o(.ARM.Collect$$libshutdown$$00000006)
    .ARM.Collect$$libshutdown$$00000009      0x08000246   Section        0  libshutdown2.o(.ARM.Collect$$libshutdown$$00000009)
    .ARM.Collect$$libshutdown$$0000000C      0x08000246   Section        0  libshutdown2.o(.ARM.Collect$$libshutdown$$0000000C)
    .ARM.Collect$$libshutdown$$0000000E      0x08000246   Section        0  libshutdown2.o(.ARM.Collect$$libshutdown$$0000000E)
    .ARM.Collect$$libshutdown$$00000011      0x08000246   Section        0  libshutdown2.o(.ARM.Collect$$libshutdown$$00000011)
    .ARM.Collect$$libshutdown$$00000012      0x08000246   Section        2  libshutdown2.o(.ARM.Collect$$libshutdown$$00000012)
    .ARM.Collect$$rtentry$$00000000          0x08000248   Section        0  __rtentry.o(.ARM.Collect$$rtentry$$00000000)
    .ARM.Collect$$rtentry$$00000002          0x08000248   Section        0  __rtentry2.o(.ARM.Collect$$rtentry$$00000002)
    .ARM.Collect$$rtentry$$00000004          0x08000248   Section        6  __rtentry4.o(.ARM.Collect$$rtentry$$00000004)
    .ARM.Collect$$rtentry$$00000009          0x0800024e   Section        0  __rtentry2.o(.ARM.Collect$$rtentry$$00000009)
    .ARM.Collect$$rtentry$$0000000A          0x0800024e   Section        4  __rtentry2.o(.ARM.Collect$$rtentry$$0000000A)
    .ARM.Collect$$rtentry$$0000000C          0x08000252   Section        0  __rtentry2.o(.ARM.Collect$$rtentry$$0000000C)
    .ARM.Collect$$rtentry$$0000000D          0x08000252   Section        8  __rtentry2.o(.ARM.Collect$$rtentry$$0000000D)
    .ARM.Collect$$rtexit$$00000000           0x0800025a   Section        2  rtexit.o(.ARM.Collect$$rtexit$$00000000)
    .ARM.Collect$$rtexit$$00000002           0x0800025c   Section        0  rtexit2.o(.ARM.Collect$$rtexit$$00000002)
    .ARM.Collect$$rtexit$$00000003           0x0800025c   Section        4  rtexit2.o(.ARM.Collect$$rtexit$$00000003)
    .ARM.Collect$$rtexit$$00000004           0x08000260   Section        6  rtexit2.o(.ARM.Collect$$rtexit$$00000004)
    .text                                    0x08000268   Section        0  main.o(.text)
    .text                                    0x080002ec   Section        0  stm32f4xx_it.o(.text)
    .text                                    0x08000308   Section        0  system_stm32f4xx.o(.text)
    SetSysClock                              0x08000309   Thumb Code   220  system_stm32f4xx.o(.text)
    .text                                    0x08000518   Section        0  led.o(.text)
    .text                                    0x08000558   Section        0  canfestival_can.o(.text)
    .text                                    0x08000708   Section        0  canfestival_timer.o(.text)
    .text                                    0x08000798   Section        0  slave.o(.text)
    .text                                    0x08000904   Section        0  delay.o(.text)
    .text                                    0x08000a08   Section        0  usart.o(.text)
    .text                                    0x08000b50   Section       64  startup_stm32f40_41xxx.o(.text)
    $v0                                      0x08000b50   Number         0  startup_stm32f40_41xxx.o(.text)
    .text                                    0x08000b90   Section        0  misc.o(.text)
    .text                                    0x08000c70   Section        0  stm32f4xx_gpio.o(.text)
    .text                                    0x08000f04   Section        0  stm32f4xx_rcc.o(.text)
    .text                                    0x08001560   Section        0  stm32f4xx_usart.o(.text)
    .text                                    0x080019b4   Section        0  stm32f4xx_can.o(.text)
    CheckITStatus                            0x080021b7   Thumb Code    18  stm32f4xx_can.o(.text)
    .text                                    0x080023a4   Section        0  stm32f4xx_tim.o(.text)
    TI4_Config                               0x08002b43   Thumb Code    80  stm32f4xx_tim.o(.text)
    TI3_Config                               0x08002ba5   Thumb Code    72  stm32f4xx_tim.o(.text)
    TI2_Config                               0x08002c07   Thumb Code    90  stm32f4xx_tim.o(.text)
    TI1_Config                               0x08002c73   Thumb Code    58  stm32f4xx_tim.o(.text)
    .text                                    0x08003048   Section        0  emcy.o(.text)
    .text                                    0x080032ec   Section        0  lifegrd.o(.text)
    .text                                    0x080036e4   Section        0  nmtmaster.o(.text)
    .text                                    0x08003768   Section        0  nmtslave.o(.text)
    .text                                    0x08003878   Section        0  objacces.o(.text)
    .text                                    0x08003ad8   Section        0  pdo.o(.text)
    sendPdo                                  0x08003d13   Thumb Code    44  pdo.o(.text)
    .text                                    0x08004538   Section        0  sdo.o(.text)
    .text                                    0x080081b4   Section        0  timer.o(.text)
    .text                                    0x0800834c   Section        0  sync.o(.text)
    .text                                    0x0800846c   Section        0  states.o(.text)
    .text                                    0x080088cc   Section        2  use_no_semi_2.o(.text)
    .text                                    0x080088ce   Section        0  memcmp.o(.text)
    .text                                    0x08008926   Section      138  rt_memcpy_v6.o(.text)
    .text                                    0x080089b0   Section        0  heapauxi.o(.text)
    .text                                    0x080089b6   Section        2  use_no_semi.o(.text)
    .text                                    0x080089b8   Section      100  rt_memcpy_w.o(.text)
    .text                                    0x08008a1c   Section       74  sys_stackheap_outer.o(.text)
    .text                                    0x08008a66   Section        0  exit.o(.text)
    .text                                    0x08008a78   Section        8  libspace.o(.text)
    x$fpl$fpinit                             0x08008a80   Section       10  fpinit.o(x$fpl$fpinit)
    $v0                                      0x08008a80   Number         0  fpinit.o(x$fpl$fpinit)
    .constdata                               0x08008a8c   Section      230  slave.o(.constdata)
    .constdata                               0x08008b74   Section       64  states.o(.constdata)
    .data                                    0x20000000   Section       20  system_stm32f4xx.o(.data)
    .data                                    0x20000014   Section     3152  slave.o(.data)
    .data                                    0x20000c64   Section        4  delay.o(.data)
    fac_us                                   0x20000c64   Data           1  delay.o(.data)
    fac_ms                                   0x20000c66   Data           2  delay.o(.data)
    .data                                    0x20000c68   Section        6  usart.o(.data)
    .data                                    0x20000c6e   Section       16  stm32f4xx_rcc.o(.data)
    APBAHBPrescTable                         0x20000c6e   Data          16  stm32f4xx_rcc.o(.data)
    .data                                    0x20000c80   Section       12  timer.o(.data)
    .bss                                     0x20000c8c   Section      192  slave.o(.bss)
    .bss                                     0x20000d4c   Section      200  usart.o(.bss)
    .bss                                     0x20000e14   Section      192  timer.o(.bss)
    .bss                                     0x20000ed4   Section       96  libspace.o(.bss)
    HEAP                                     0x20000f38   Section      512  startup_stm32f40_41xxx.o(HEAP)
    Heap_Mem                                 0x20000f38   Data         512  startup_stm32f40_41xxx.o(HEAP)
    STACK                                    0x20001138   Section     1024  startup_stm32f40_41xxx.o(STACK)
    Stack_Mem                                0x20001138   Data        1024  startup_stm32f40_41xxx.o(STACK)
    __initial_sp                             0x20001538   Data           0  startup_stm32f40_41xxx.o(STACK)

    Global Symbols

    Symbol Name                              Value     Ov Type        Size  Object(Section)

    BuildAttributes$$THM_ISAv4$E$P$D$K$B$S$7EM$VFPi3$EXTD16$VFPS$VFMA$PE$A:L22UL41UL21$X:L11$S22US41US21$IEEE1$IW$USESV6$~STKCKD$USESV7$~SHL$OSPACE$ROPI$EBA8$UX$STANDARDLIB$REQ8$PRES8$EABIv2 0x00000000   Number         0  anon$$obj.o ABSOLUTE
    __ARM_use_no_argv                        0x00000000   Number         0  main.o ABSOLUTE
    __ARM_exceptions_init                     - Undefined Weak Reference
    __alloca_initialize                       - Undefined Weak Reference
    __arm_fini_                               - Undefined Weak Reference
    __arm_preinit_                            - Undefined Weak Reference
    __cpp_initialize__aeabi_                  - Undefined Weak Reference
    __cxa_finalize                            - Undefined Weak Reference
    __rt_locale                               - Undefined Weak Reference
    __sigvec_lookup                           - Undefined Weak Reference
    _atexit_init                              - Undefined Weak Reference
    _call_atexit_fns                          - Undefined Weak Reference
    _clock_init                               - Undefined Weak Reference
    _fp_trap_init                             - Undefined Weak Reference
    _fp_trap_shutdown                         - Undefined Weak Reference
    _get_lc_collate                           - Undefined Weak Reference
    _get_lc_ctype                             - Undefined Weak Reference
    _get_lc_monetary                          - Undefined Weak Reference
    _get_lc_numeric                           - Undefined Weak Reference
    _get_lc_time                              - Undefined Weak Reference
    _getenv_init                              - Undefined Weak Reference
    _handle_redirection                       - Undefined Weak Reference
    _init_alloc                               - Undefined Weak Reference
    _init_user_alloc                          - Undefined Weak Reference
    _initio                                   - Undefined Weak Reference
    _rand_init                                - Undefined Weak Reference
    _signal_finish                            - Undefined Weak Reference
    _signal_init                              - Undefined Weak Reference
    _terminate_alloc                          - Undefined Weak Reference
    _terminate_user_alloc                     - Undefined Weak Reference
    _terminateio                              - Undefined Weak Reference
    __Vectors_Size                           0x00000188   Number         0  startup_stm32f40_41xxx.o ABSOLUTE
    __Vectors                                0x08000000   Data           4  startup_stm32f40_41xxx.o(RESET)
    __Vectors_End                            0x08000188   Data           0  startup_stm32f40_41xxx.o(RESET)
    __main                                   0x08000189   Thumb Code     8  __main.o(!!!main)
    __scatterload                            0x08000191   Thumb Code     0  __scatter.o(!!!scatter)
    __scatterload_rt2                        0x08000191   Thumb Code    44  __scatter.o(!!!scatter)
    __scatterload_rt2_thumb_only             0x08000191   Thumb Code     0  __scatter.o(!!!scatter)
    __scatterload_null                       0x0800019f   Thumb Code     0  __scatter.o(!!!scatter)
    __decompress                             0x080001c5   Thumb Code    90  __dczerorl2.o(!!dczerorl2)
    __decompress1                            0x080001c5   Thumb Code     0  __dczerorl2.o(!!dczerorl2)
    __scatterload_zeroinit                   0x08000221   Thumb Code    28  __scatter_zi.o(!!handler_zi)
    __rt_lib_init                            0x0800023d   Thumb Code     0  libinit.o(.ARM.Collect$$libinit$$00000000)
    __rt_lib_init_fp_1                       0x0800023f   Thumb Code     0  libinit2.o(.ARM.Collect$$libinit$$00000001)
    __rt_lib_init_alloca_1                   0x08000243   Thumb Code     0  libinit2.o(.ARM.Collect$$libinit$$0000002E)
    __rt_lib_init_argv_1                     0x08000243   Thumb Code     0  libinit2.o(.ARM.Collect$$libinit$$0000002C)
    __rt_lib_init_atexit_1                   0x08000243   Thumb Code     0  libinit2.o(.ARM.Collect$$libinit$$0000001B)
    __rt_lib_init_clock_1                    0x08000243   Thumb Code     0  libinit2.o(.ARM.Collect$$libinit$$00000021)
    __rt_lib_init_cpp_1                      0x08000243   Thumb Code     0  libinit2.o(.ARM.Collect$$libinit$$00000032)
    __rt_lib_init_exceptions_1               0x08000243   Thumb Code     0  libinit2.o(.ARM.Collect$$libinit$$00000030)
    __rt_lib_init_fp_trap_1                  0x08000243   Thumb Code     0  libinit2.o(.ARM.Collect$$libinit$$0000001F)
    __rt_lib_init_getenv_1                   0x08000243   Thumb Code     0  libinit2.o(.ARM.Collect$$libinit$$00000023)
    __rt_lib_init_heap_1                     0x08000243   Thumb Code     0  libinit2.o(.ARM.Collect$$libinit$$0000000A)
    __rt_lib_init_lc_collate_1               0x08000243   Thumb Code     0  libinit2.o(.ARM.Collect$$libinit$$00000011)
    __rt_lib_init_lc_ctype_1                 0x08000243   Thumb Code     0  libinit2.o(.ARM.Collect$$libinit$$00000013)
    __rt_lib_init_lc_monetary_1              0x08000243   Thumb Code     0  libinit2.o(.ARM.Collect$$libinit$$00000015)
    __rt_lib_init_lc_numeric_1               0x08000243   Thumb Code     0  libinit2.o(.ARM.Collect$$libinit$$00000017)
    __rt_lib_init_lc_time_1                  0x08000243   Thumb Code     0  libinit2.o(.ARM.Collect$$libinit$$00000019)
    __rt_lib_init_preinit_1                  0x08000243   Thumb Code     0  libinit2.o(.ARM.Collect$$libinit$$00000004)
    __rt_lib_init_rand_1                     0x08000243   Thumb Code     0  libinit2.o(.ARM.Collect$$libinit$$0000000E)
    __rt_lib_init_return                     0x08000243   Thumb Code     0  libinit2.o(.ARM.Collect$$libinit$$00000033)
    __rt_lib_init_signal_1                   0x08000243   Thumb Code     0  libinit2.o(.ARM.Collect$$libinit$$0000001D)
    __rt_lib_init_stdio_1                    0x08000243   Thumb Code     0  libinit2.o(.ARM.Collect$$libinit$$00000025)
    __rt_lib_init_user_alloc_1               0x08000243   Thumb Code     0  libinit2.o(.ARM.Collect$$libinit$$0000000C)
    __rt_lib_shutdown                        0x08000245   Thumb Code     0  libshutdown.o(.ARM.Collect$$libshutdown$$00000000)
    __rt_lib_shutdown_cpp_1                  0x08000247   Thumb Code     0  libshutdown2.o(.ARM.Collect$$libshutdown$$00000004)
    __rt_lib_shutdown_fini_1                 0x08000247   Thumb Code     0  libshutdown2.o(.ARM.Collect$$libshutdown$$00000002)
    __rt_lib_shutdown_fp_trap_1              0x08000247   Thumb Code     0  libshutdown2.o(.ARM.Collect$$libshutdown$$00000009)
    __rt_lib_shutdown_heap_1                 0x08000247   Thumb Code     0  libshutdown2.o(.ARM.Collect$$libshutdown$$00000011)
    __rt_lib_shutdown_return                 0x08000247   Thumb Code     0  libshutdown2.o(.ARM.Collect$$libshutdown$$00000012)
    __rt_lib_shutdown_signal_1               0x08000247   Thumb Code     0  libshutdown2.o(.ARM.Collect$$libshutdown$$0000000C)
    __rt_lib_shutdown_stdio_1                0x08000247   Thumb Code     0  libshutdown2.o(.ARM.Collect$$libshutdown$$00000006)
    __rt_lib_shutdown_user_alloc_1           0x08000247   Thumb Code     0  libshutdown2.o(.ARM.Collect$$libshutdown$$0000000E)
    __rt_entry                               0x08000249   Thumb Code     0  __rtentry.o(.ARM.Collect$$rtentry$$00000000)
    __rt_entry_presh_1                       0x08000249   Thumb Code     0  __rtentry2.o(.ARM.Collect$$rtentry$$00000002)
    __rt_entry_sh                            0x08000249   Thumb Code     0  __rtentry4.o(.ARM.Collect$$rtentry$$00000004)
    __rt_entry_li                            0x0800024f   Thumb Code     0  __rtentry2.o(.ARM.Collect$$rtentry$$0000000A)
    __rt_entry_postsh_1                      0x0800024f   Thumb Code     0  __rtentry2.o(.ARM.Collect$$rtentry$$00000009)
    __rt_entry_main                          0x08000253   Thumb Code     0  __rtentry2.o(.ARM.Collect$$rtentry$$0000000D)
    __rt_entry_postli_1                      0x08000253   Thumb Code     0  __rtentry2.o(.ARM.Collect$$rtentry$$0000000C)
    __rt_exit                                0x0800025b   Thumb Code     0  rtexit.o(.ARM.Collect$$rtexit$$00000000)
    __rt_exit_ls                             0x0800025d   Thumb Code     0  rtexit2.o(.ARM.Collect$$rtexit$$00000003)
    __rt_exit_prels_1                        0x0800025d   Thumb Code     0  rtexit2.o(.ARM.Collect$$rtexit$$00000002)
    __rt_exit_exit                           0x08000261   Thumb Code     0  rtexit2.o(.ARM.Collect$$rtexit$$00000004)
    main                                     0x08000269   Thumb Code   122  main.o(.text)
    NMI_Handler                              0x080002ed   Thumb Code     2  stm32f4xx_it.o(.text)
    HardFault_Handler                        0x080002ef   Thumb Code     4  stm32f4xx_it.o(.text)
    MemManage_Handler                        0x080002f3   Thumb Code     4  stm32f4xx_it.o(.text)
    BusFault_Handler                         0x080002f7   Thumb Code     4  stm32f4xx_it.o(.text)
    UsageFault_Handler                       0x080002fb   Thumb Code     4  stm32f4xx_it.o(.text)
    SVC_Handler                              0x080002ff   Thumb Code     2  stm32f4xx_it.o(.text)
    DebugMon_Handler                         0x08000301   Thumb Code     2  stm32f4xx_it.o(.text)
    PendSV_Handler                           0x08000303   Thumb Code     2  stm32f4xx_it.o(.text)
    SysTick_Handler                          0x08000305   Thumb Code     2  stm32f4xx_it.o(.text)
    SystemInit                               0x080003e5   Thumb Code    88  system_stm32f4xx.o(.text)
    SystemCoreClockUpdate                    0x0800043d   Thumb Code   174  system_stm32f4xx.o(.text)
    LED_Init                                 0x08000519   Thumb Code    60  led.o(.text)
    canfestival_can_init                     0x08000559   Thumb Code   248  canfestival_can.o(.text)
    CAN1_RX0_IRQHandler                      0x08000651   Thumb Code    72  canfestival_can.o(.text)
    canSend                                  0x08000699   Thumb Code    98  canfestival_can.o(.text)
    TIM3_Int_Init                            0x08000709   Thumb Code    88  canfestival_timer.o(.text)
    TIM3_IRQHandler                          0x08000761   Thumb Code    26  canfestival_timer.o(.text)
    setTimer                                 0x0800077b   Thumb Code    16  canfestival_timer.o(.text)
    getElapsedTime                           0x0800078b   Thumb Code     8  canfestival_timer.o(.text)
    slave_valueRangeTest                     0x08000799   Thumb Code    22  slave.o(.text)
    slave_scanIndexOD                        0x080007af   Thumb Code   328  slave.o(.text)
    delay_init                               0x08000905   Thumb Code    52  delay.o(.text)
    delay_us                                 0x08000939   Thumb Code    72  delay.o(.text)
    delay_xms                                0x08000981   Thumb Code    72  delay.o(.text)
    delay_ms                                 0x080009c9   Thumb Code    56  delay.o(.text)
    _sys_exit                                0x08000a09   Thumb Code     4  usart.o(.text)
    fputc                                    0x08000a0d   Thumb Code    22  usart.o(.text)
    uart_init                                0x08000a23   Thumb Code   164  usart.o(.text)
    USART1_IRQHandler                        0x08000ac7   Thumb Code   122  usart.o(.text)
    Reset_Handler                            0x08000b51   Thumb Code     8  startup_stm32f40_41xxx.o(.text)
    ADC_IRQHandler                           0x08000b6b   Thumb Code     0  startup_stm32f40_41xxx.o(.text)
    CAN1_RX1_IRQHandler                      0x08000b6b   Thumb Code     0  startup_stm32f40_41xxx.o(.text)
    CAN1_SCE_IRQHandler                      0x08000b6b   Thumb Code     0  startup_stm32f40_41xxx.o(.text)
    CAN1_TX_IRQHandler                       0x08000b6b   Thumb Code     0  startup_stm32f40_41xxx.o(.text)
    CAN2_RX0_IRQHandler                      0x08000b6b   Thumb Code     0  startup_stm32f40_41xxx.o(.text)
    CAN2_RX1_IRQHandler                      0x08000b6b   Thumb Code     0  startup_stm32f40_41xxx.o(.text)
    CAN2_SCE_IRQHandler                      0x08000b6b   Thumb Code     0  startup_stm32f40_41xxx.o(.text)
    CAN2_TX_IRQHandler                       0x08000b6b   Thumb Code     0  startup_stm32f40_41xxx.o(.text)
    CRYP_IRQHandler                          0x08000b6b   Thumb Code     0  startup_stm32f40_41xxx.o(.text)
    DCMI_IRQHandler                          0x08000b6b   Thumb Code     0  startup_stm32f40_41xxx.o(.text)
    DMA1_Stream0_IRQHandler                  0x08000b6b   Thumb Code     0  startup_stm32f40_41xxx.o(.text)
    DMA1_Stream1_IRQHandler                  0x08000b6b   Thumb Code     0  startup_stm32f40_41xxx.o(.text)
    DMA1_Stream2_IRQHandler                  0x08000b6b   Thumb Code     0  startup_stm32f40_41xxx.o(.text)
    DMA1_Stream3_IRQHandler                  0x08000b6b   Thumb Code     0  startup_stm32f40_41xxx.o(.text)
    DMA1_Stream4_IRQHandler                  0x08000b6b   Thumb Code     0  startup_stm32f40_41xxx.o(.text)
    DMA1_Stream5_IRQHandler                  0x08000b6b   Thumb Code     0  startup_stm32f40_41xxx.o(.text)
    DMA1_Stream6_IRQHandler                  0x08000b6b   Thumb Code     0  startup_stm32f40_41xxx.o(.text)
    DMA1_Stream7_IRQHandler                  0x08000b6b   Thumb Code     0  startup_stm32f40_41xxx.o(.text)
    DMA2_Stream0_IRQHandler                  0x08000b6b   Thumb Code     0  startup_stm32f40_41xxx.o(.text)
    DMA2_Stream1_IRQHandler                  0x08000b6b   Thumb Code     0  startup_stm32f40_41xxx.o(.text)
    DMA2_Stream2_IRQHandler                  0x08000b6b   Thumb Code     0  startup_stm32f40_41xxx.o(.text)
    DMA2_Stream3_IRQHandler                  0x08000b6b   Thumb Code     0  startup_stm32f40_41xxx.o(.text)
    DMA2_Stream4_IRQHandler                  0x08000b6b   Thumb Code     0  startup_stm32f40_41xxx.o(.text)
    DMA2_Stream5_IRQHandler                  0x08000b6b   Thumb Code     0  startup_stm32f40_41xxx.o(.text)
    DMA2_Stream6_IRQHandler                  0x08000b6b   Thumb Code     0  startup_stm32f40_41xxx.o(.text)
    DMA2_Stream7_IRQHandler                  0x08000b6b   Thumb Code     0  startup_stm32f40_41xxx.o(.text)
    ETH_IRQHandler                           0x08000b6b   Thumb Code     0  startup_stm32f40_41xxx.o(.text)
    ETH_WKUP_IRQHandler                      0x08000b6b   Thumb Code     0  startup_stm32f40_41xxx.o(.text)
    EXTI0_IRQHandler                         0x08000b6b   Thumb Code     0  startup_stm32f40_41xxx.o(.text)
    EXTI15_10_IRQHandler                     0x08000b6b   Thumb Code     0  startup_stm32f40_41xxx.o(.text)
    EXTI1_IRQHandler                         0x08000b6b   Thumb Code     0  startup_stm32f40_41xxx.o(.text)
    EXTI2_IRQHandler                         0x08000b6b   Thumb Code     0  startup_stm32f40_41xxx.o(.text)
    EXTI3_IRQHandler                         0x08000b6b   Thumb Code     0  startup_stm32f40_41xxx.o(.text)
    EXTI4_IRQHandler                         0x08000b6b   Thumb Code     0  startup_stm32f40_41xxx.o(.text)
    EXTI9_5_IRQHandler                       0x08000b6b   Thumb Code     0  startup_stm32f40_41xxx.o(.text)
    FLASH_IRQHandler                         0x08000b6b   Thumb Code     0  startup_stm32f40_41xxx.o(.text)
    FPU_IRQHandler                           0x08000b6b   Thumb Code     0  startup_stm32f40_41xxx.o(.text)
    FSMC_IRQHandler                          0x08000b6b   Thumb Code     0  startup_stm32f40_41xxx.o(.text)
    HASH_RNG_IRQHandler                      0x08000b6b   Thumb Code     0  startup_stm32f40_41xxx.o(.text)
    I2C1_ER_IRQHandler                       0x08000b6b   Thumb Code     0  startup_stm32f40_41xxx.o(.text)
    I2C1_EV_IRQHandler                       0x08000b6b   Thumb Code     0  startup_stm32f40_41xxx.o(.text)
    I2C2_ER_IRQHandler                       0x08000b6b   Thumb Code     0  startup_stm32f40_41xxx.o(.text)
    I2C2_EV_IRQHandler                       0x08000b6b   Thumb Code     0  startup_stm32f40_41xxx.o(.text)
    I2C3_ER_IRQHandler                       0x08000b6b   Thumb Code     0  startup_stm32f40_41xxx.o(.text)
    I2C3_EV_IRQHandler                       0x08000b6b   Thumb Code     0  startup_stm32f40_41xxx.o(.text)
    OTG_FS_IRQHandler                        0x08000b6b   Thumb Code     0  startup_stm32f40_41xxx.o(.text)
    OTG_FS_WKUP_IRQHandler                   0x08000b6b   Thumb Code     0  startup_stm32f40_41xxx.o(.text)
    OTG_HS_EP1_IN_IRQHandler                 0x08000b6b   Thumb Code     0  startup_stm32f40_41xxx.o(.text)
    OTG_HS_EP1_OUT_IRQHandler                0x08000b6b   Thumb Code     0  startup_stm32f40_41xxx.o(.text)
    OTG_HS_IRQHandler                        0x08000b6b   Thumb Code     0  startup_stm32f40_41xxx.o(.text)
    OTG_HS_WKUP_IRQHandler                   0x08000b6b   Thumb Code     0  startup_stm32f40_41xxx.o(.text)
    PVD_IRQHandler                           0x08000b6b   Thumb Code     0  startup_stm32f40_41xxx.o(.text)
    RCC_IRQHandler                           0x08000b6b   Thumb Code     0  startup_stm32f40_41xxx.o(.text)
    RTC_Alarm_IRQHandler                     0x08000b6b   Thumb Code     0  startup_stm32f40_41xxx.o(.text)
    RTC_WKUP_IRQHandler                      0x08000b6b   Thumb Code     0  startup_stm32f40_41xxx.o(.text)
    SDIO_IRQHandler                          0x08000b6b   Thumb Code     0  startup_stm32f40_41xxx.o(.text)
    SPI1_IRQHandler                          0x08000b6b   Thumb Code     0  startup_stm32f40_41xxx.o(.text)
    SPI2_IRQHandler                          0x08000b6b   Thumb Code     0  startup_stm32f40_41xxx.o(.text)
    SPI3_IRQHandler                          0x08000b6b   Thumb Code     0  startup_stm32f40_41xxx.o(.text)
    TAMP_STAMP_IRQHandler                    0x08000b6b   Thumb Code     0  startup_stm32f40_41xxx.o(.text)
    TIM1_BRK_TIM9_IRQHandler                 0x08000b6b   Thumb Code     0  startup_stm32f40_41xxx.o(.text)
    TIM1_CC_IRQHandler                       0x08000b6b   Thumb Code     0  startup_stm32f40_41xxx.o(.text)
    TIM1_TRG_COM_TIM11_IRQHandler            0x08000b6b   Thumb Code     0  startup_stm32f40_41xxx.o(.text)
    TIM1_UP_TIM10_IRQHandler                 0x08000b6b   Thumb Code     0  startup_stm32f40_41xxx.o(.text)
    TIM2_IRQHandler                          0x08000b6b   Thumb Code     0  startup_stm32f40_41xxx.o(.text)
    TIM4_IRQHandler                          0x08000b6b   Thumb Code     0  startup_stm32f40_41xxx.o(.text)
    TIM5_IRQHandler                          0x08000b6b   Thumb Code     0  startup_stm32f40_41xxx.o(.text)
    TIM6_DAC_IRQHandler                      0x08000b6b   Thumb Code     0  startup_stm32f40_41xxx.o(.text)
    TIM7_IRQHandler                          0x08000b6b   Thumb Code     0  startup_stm32f40_41xxx.o(.text)
    TIM8_BRK_TIM12_IRQHandler                0x08000b6b   Thumb Code     0  startup_stm32f40_41xxx.o(.text)
    TIM8_CC_IRQHandler                       0x08000b6b   Thumb Code     0  startup_stm32f40_41xxx.o(.text)
    TIM8_TRG_COM_TIM14_IRQHandler            0x08000b6b   Thumb Code     0  startup_stm32f40_41xxx.o(.text)
    TIM8_UP_TIM13_IRQHandler                 0x08000b6b   Thumb Code     0  startup_stm32f40_41xxx.o(.text)
    UART4_IRQHandler                         0x08000b6b   Thumb Code     0  startup_stm32f40_41xxx.o(.text)
    UART5_IRQHandler                         0x08000b6b   Thumb Code     0  startup_stm32f40_41xxx.o(.text)
    USART2_IRQHandler                        0x08000b6b   Thumb Code     0  startup_stm32f40_41xxx.o(.text)
    USART3_IRQHandler                        0x08000b6b   Thumb Code     0  startup_stm32f40_41xxx.o(.text)
    USART6_IRQHandler                        0x08000b6b   Thumb Code     0  startup_stm32f40_41xxx.o(.text)
    WWDG_IRQHandler                          0x08000b6b   Thumb Code     0  startup_stm32f40_41xxx.o(.text)
    __user_initial_stackheap                 0x08000b6d   Thumb Code     0  startup_stm32f40_41xxx.o(.text)
    NVIC_PriorityGroupConfig                 0x08000b91   Thumb Code    10  misc.o(.text)
    NVIC_Init                                0x08000b9b   Thumb Code   106  misc.o(.text)
    NVIC_SetVectorTable                      0x08000c05   Thumb Code    14  misc.o(.text)
    NVIC_SystemLPConfig                      0x08000c13   Thumb Code    34  misc.o(.text)
    SysTick_CLKSourceConfig                  0x08000c35   Thumb Code    40  misc.o(.text)
    GPIO_DeInit                              0x08000c71   Thumb Code   268  stm32f4xx_gpio.o(.text)
    GPIO_Init                                0x08000d7d   Thumb Code   144  stm32f4xx_gpio.o(.text)
    GPIO_StructInit                          0x08000e0d   Thumb Code    18  stm32f4xx_gpio.o(.text)
    GPIO_PinLockConfig                       0x08000e1f   Thumb Code    34  stm32f4xx_gpio.o(.text)
    GPIO_ReadInputDataBit                    0x08000e41   Thumb Code    18  stm32f4xx_gpio.o(.text)
    GPIO_ReadInputData                       0x08000e53   Thumb Code     8  stm32f4xx_gpio.o(.text)
    GPIO_ReadOutputDataBit                   0x08000e5b   Thumb Code    18  stm32f4xx_gpio.o(.text)
    GPIO_ReadOutputData                      0x08000e6d   Thumb Code     8  stm32f4xx_gpio.o(.text)
    GPIO_SetBits                             0x08000e75   Thumb Code     4  stm32f4xx_gpio.o(.text)
    GPIO_ResetBits                           0x08000e79   Thumb Code     4  stm32f4xx_gpio.o(.text)
    GPIO_WriteBit                            0x08000e7d   Thumb Code    10  stm32f4xx_gpio.o(.text)
    GPIO_Write                               0x08000e87   Thumb Code     4  stm32f4xx_gpio.o(.text)
    GPIO_ToggleBits                          0x08000e8b   Thumb Code     8  stm32f4xx_gpio.o(.text)
    GPIO_PinAFConfig                         0x08000e93   Thumb Code    70  stm32f4xx_gpio.o(.text)
    RCC_DeInit                               0x08000f05   Thumb Code    82  stm32f4xx_rcc.o(.text)
    RCC_HSEConfig                            0x08000f57   Thumb Code    14  stm32f4xx_rcc.o(.text)
    RCC_GetFlagStatus                        0x08000f65   Thumb Code    60  stm32f4xx_rcc.o(.text)
    RCC_WaitForHSEStartUp                    0x08000fa1   Thumb Code    56  stm32f4xx_rcc.o(.text)
    RCC_AdjustHSICalibrationValue            0x08000fd9   Thumb Code    20  stm32f4xx_rcc.o(.text)
    RCC_HSICmd                               0x08000fed   Thumb Code     6  stm32f4xx_rcc.o(.text)
    RCC_LSEConfig                            0x08000ff3   Thumb Code    46  stm32f4xx_rcc.o(.text)
    RCC_LSICmd                               0x08001021   Thumb Code     6  stm32f4xx_rcc.o(.text)
    RCC_PLLConfig                            0x08001027   Thumb Code    32  stm32f4xx_rcc.o(.text)
    RCC_PLLCmd                               0x08001047   Thumb Code     6  stm32f4xx_rcc.o(.text)
    RCC_PLLI2SConfig                         0x0800104d   Thumb Code    14  stm32f4xx_rcc.o(.text)
    RCC_PLLI2SCmd                            0x0800105b   Thumb Code     6  stm32f4xx_rcc.o(.text)
    RCC_PLLSAIConfig                         0x08001061   Thumb Code    20  stm32f4xx_rcc.o(.text)
    RCC_PLLSAICmd                            0x08001075   Thumb Code     6  stm32f4xx_rcc.o(.text)
    RCC_ClockSecuritySystemCmd               0x0800107b   Thumb Code     6  stm32f4xx_rcc.o(.text)
    RCC_MCO1Config                           0x08001081   Thumb Code    28  stm32f4xx_rcc.o(.text)
    RCC_MCO2Config                           0x0800109d   Thumb Code    28  stm32f4xx_rcc.o(.text)
    RCC_SYSCLKConfig                         0x080010b9   Thumb Code    20  stm32f4xx_rcc.o(.text)
    RCC_GetSYSCLKSource                      0x080010cd   Thumb Code    12  stm32f4xx_rcc.o(.text)
    RCC_HCLKConfig                           0x080010d9   Thumb Code    20  stm32f4xx_rcc.o(.text)
    RCC_PCLK1Config                          0x080010ed   Thumb Code    20  stm32f4xx_rcc.o(.text)
    RCC_PCLK2Config                          0x08001101   Thumb Code    22  stm32f4xx_rcc.o(.text)
    RCC_GetClocksFreq                        0x08001117   Thumb Code   222  stm32f4xx_rcc.o(.text)
    RCC_RTCCLKConfig                         0x080011f5   Thumb Code    54  stm32f4xx_rcc.o(.text)
    RCC_RTCCLKCmd                            0x0800122b   Thumb Code     8  stm32f4xx_rcc.o(.text)
    RCC_BackupResetCmd                       0x08001233   Thumb Code     8  stm32f4xx_rcc.o(.text)
    RCC_I2SCLKConfig                         0x0800123b   Thumb Code     6  stm32f4xx_rcc.o(.text)
    RCC_SAIPLLI2SClkDivConfig                0x08001241   Thumb Code    26  stm32f4xx_rcc.o(.text)
    RCC_SAIPLLSAIClkDivConfig                0x0800125b   Thumb Code    28  stm32f4xx_rcc.o(.text)
    RCC_SAIBlockACLKConfig                   0x08001277   Thumb Code    20  stm32f4xx_rcc.o(.text)
    RCC_SAIBlockBCLKConfig                   0x0800128b   Thumb Code    20  stm32f4xx_rcc.o(.text)
    RCC_LTDCCLKDivConfig                     0x0800129f   Thumb Code    20  stm32f4xx_rcc.o(.text)
    RCC_TIMCLKPresConfig                     0x080012b3   Thumb Code     6  stm32f4xx_rcc.o(.text)
    RCC_AHB1PeriphClockCmd                   0x080012b9   Thumb Code    34  stm32f4xx_rcc.o(.text)
    RCC_AHB2PeriphClockCmd                   0x080012db   Thumb Code    78  stm32f4xx_rcc.o(.text)
    RCC_AHB3PeriphClockCmd                   0x08001329   Thumb Code    34  stm32f4xx_rcc.o(.text)
    RCC_APB1PeriphClockCmd                   0x0800134b   Thumb Code    34  stm32f4xx_rcc.o(.text)
    RCC_APB2PeriphClockCmd                   0x0800136d   Thumb Code    34  stm32f4xx_rcc.o(.text)
    RCC_AHB1PeriphResetCmd                   0x0800138f   Thumb Code    34  stm32f4xx_rcc.o(.text)
    RCC_AHB2PeriphResetCmd                   0x080013b1   Thumb Code    34  stm32f4xx_rcc.o(.text)
    RCC_AHB3PeriphResetCmd                   0x080013d3   Thumb Code    34  stm32f4xx_rcc.o(.text)
    RCC_APB1PeriphResetCmd                   0x080013f5   Thumb Code    34  stm32f4xx_rcc.o(.text)
    RCC_APB2PeriphResetCmd                   0x08001417   Thumb Code    34  stm32f4xx_rcc.o(.text)
    RCC_AHB1PeriphClockLPModeCmd             0x08001439   Thumb Code    34  stm32f4xx_rcc.o(.text)
    RCC_AHB2PeriphClockLPModeCmd             0x0800145b   Thumb Code    34  stm32f4xx_rcc.o(.text)
    RCC_AHB3PeriphClockLPModeCmd             0x0800147d   Thumb Code    34  stm32f4xx_rcc.o(.text)
    RCC_APB1PeriphClockLPModeCmd             0x0800149f   Thumb Code    34  stm32f4xx_rcc.o(.text)
    RCC_APB2PeriphClockLPModeCmd             0x080014c1   Thumb Code    34  stm32f4xx_rcc.o(.text)
    RCC_LSEModeConfig                        0x080014e3   Thumb Code    40  stm32f4xx_rcc.o(.text)
    RCC_ITConfig                             0x0800150b   Thumb Code    34  stm32f4xx_rcc.o(.text)
    RCC_ClearFlag                            0x0800152d   Thumb Code    18  stm32f4xx_rcc.o(.text)
    RCC_GetITStatus                          0x0800153f   Thumb Code    22  stm32f4xx_rcc.o(.text)
    RCC_ClearITPendingBit                    0x08001555   Thumb Code     8  stm32f4xx_rcc.o(.text)
    USART_DeInit                             0x08001561   Thumb Code   206  stm32f4xx_usart.o(.text)
    USART_Init                               0x0800162f   Thumb Code   204  stm32f4xx_usart.o(.text)
    USART_StructInit                         0x080016fb   Thumb Code    24  stm32f4xx_usart.o(.text)
    USART_ClockInit                          0x08001713   Thumb Code    32  stm32f4xx_usart.o(.text)
    USART_ClockStructInit                    0x08001733   Thumb Code    12  stm32f4xx_usart.o(.text)
    USART_Cmd                                0x0800173f   Thumb Code    24  stm32f4xx_usart.o(.text)
    USART_SetPrescaler                       0x08001757   Thumb Code    16  stm32f4xx_usart.o(.text)
    USART_OverSampling8Cmd                   0x08001767   Thumb Code    22  stm32f4xx_usart.o(.text)
    USART_OneBitMethodCmd                    0x0800177d   Thumb Code    24  stm32f4xx_usart.o(.text)
    USART_SendData                           0x08001795   Thumb Code     8  stm32f4xx_usart.o(.text)
    USART_ReceiveData                        0x0800179d   Thumb Code    10  stm32f4xx_usart.o(.text)
    USART_SetAddress                         0x080017a7   Thumb Code    18  stm32f4xx_usart.o(.text)
    USART_ReceiverWakeUpCmd                  0x080017b9   Thumb Code    24  stm32f4xx_usart.o(.text)
    USART_WakeUpConfig                       0x080017d1   Thumb Code    18  stm32f4xx_usart.o(.text)
    USART_LINBreakDetectLengthConfig         0x080017e3   Thumb Code    18  stm32f4xx_usart.o(.text)
    USART_LINCmd                             0x080017f5   Thumb Code    24  stm32f4xx_usart.o(.text)
    USART_SendBreak                          0x0800180d   Thumb Code    10  stm32f4xx_usart.o(.text)
    USART_HalfDuplexCmd                      0x08001817   Thumb Code    24  stm32f4xx_usart.o(.text)
    USART_SetGuardTime                       0x0800182f   Thumb Code    16  stm32f4xx_usart.o(.text)
    USART_SmartCardCmd                       0x0800183f   Thumb Code    24  stm32f4xx_usart.o(.text)
    USART_SmartCardNACKCmd                   0x08001857   Thumb Code    24  stm32f4xx_usart.o(.text)
    USART_IrDAConfig                         0x0800186f   Thumb Code    18  stm32f4xx_usart.o(.text)
    USART_IrDACmd                            0x08001881   Thumb Code    24  stm32f4xx_usart.o(.text)
    USART_DMACmd                             0x08001899   Thumb Code    18  stm32f4xx_usart.o(.text)
    USART_ITConfig                           0x080018ab   Thumb Code    74  stm32f4xx_usart.o(.text)
    USART_GetFlagStatus                      0x080018f5   Thumb Code    26  stm32f4xx_usart.o(.text)
    USART_ClearFlag                          0x0800190f   Thumb Code    18  stm32f4xx_usart.o(.text)
    USART_GetITStatus                        0x08001921   Thumb Code   118  stm32f4xx_usart.o(.text)
    USART_ClearITPendingBit                  0x08001997   Thumb Code    30  stm32f4xx_usart.o(.text)
    CAN_DeInit                               0x080019b5   Thumb Code    50  stm32f4xx_can.o(.text)
    CAN_Init                                 0x080019e7   Thumb Code   276  stm32f4xx_can.o(.text)
    CAN_FilterInit                           0x08001afb   Thumb Code   258  stm32f4xx_can.o(.text)
    CAN_StructInit                           0x08001bfd   Thumb Code    32  stm32f4xx_can.o(.text)
    CAN_SlaveStartBank                       0x08001c1d   Thumb Code    48  stm32f4xx_can.o(.text)
    CAN_DBGFreeze                            0x08001c4d   Thumb Code    22  stm32f4xx_can.o(.text)
    CAN_TTComModeCmd                         0x08001c63   Thumb Code   118  stm32f4xx_can.o(.text)
    CAN_Transmit                             0x08001cd9   Thumb Code   304  stm32f4xx_can.o(.text)
    CAN_TransmitStatus                       0x08001e09   Thumb Code   138  stm32f4xx_can.o(.text)
    CAN_CancelTransmit                       0x08001e93   Thumb Code    48  stm32f4xx_can.o(.text)
    CAN_Receive                              0x08001ec3   Thumb Code   240  stm32f4xx_can.o(.text)
    CAN_FIFORelease                          0x08001fb3   Thumb Code    22  stm32f4xx_can.o(.text)
    CAN_MessagePending                       0x08001fc9   Thumb Code    30  stm32f4xx_can.o(.text)
    CAN_OperatingModeRequest                 0x08001fe7   Thumb Code   162  stm32f4xx_can.o(.text)
    CAN_Sleep                                0x08002089   Thumb Code    30  stm32f4xx_can.o(.text)
    CAN_WakeUp                               0x080020a7   Thumb Code    48  stm32f4xx_can.o(.text)
    CAN_GetLastErrorCode                     0x080020d7   Thumb Code    12  stm32f4xx_can.o(.text)
    CAN_GetReceiveErrorCounter               0x080020e3   Thumb Code    10  stm32f4xx_can.o(.text)
    CAN_GetLSBTransmitErrorCounter           0x080020ed   Thumb Code    12  stm32f4xx_can.o(.text)
    CAN_ITConfig                             0x080020f9   Thumb Code    18  stm32f4xx_can.o(.text)
    CAN_GetFlagStatus                        0x0800210b   Thumb Code   120  stm32f4xx_can.o(.text)
    CAN_ClearFlag                            0x08002183   Thumb Code    52  stm32f4xx_can.o(.text)
    CAN_GetITStatus                          0x080021c9   Thumb Code   310  stm32f4xx_can.o(.text)
    CAN_ClearITPendingBit                    0x080022ff   Thumb Code   162  stm32f4xx_can.o(.text)
    TIM_DeInit                               0x080023a5   Thumb Code   346  stm32f4xx_tim.o(.text)
    TIM_TimeBaseInit                         0x080024ff   Thumb Code   104  stm32f4xx_tim.o(.text)
    TIM_TimeBaseStructInit                   0x08002567   Thumb Code    18  stm32f4xx_tim.o(.text)
    TIM_PrescalerConfig                      0x08002579   Thumb Code     6  stm32f4xx_tim.o(.text)
    TIM_CounterModeConfig                    0x0800257f   Thumb Code    18  stm32f4xx_tim.o(.text)
    TIM_SetCounter                           0x08002591   Thumb Code     4  stm32f4xx_tim.o(.text)
    TIM_SetAutoreload                        0x08002595   Thumb Code     4  stm32f4xx_tim.o(.text)
    TIM_GetCounter                           0x08002599   Thumb Code     6  stm32f4xx_tim.o(.text)
    TIM_GetPrescaler                         0x0800259f   Thumb Code     6  stm32f4xx_tim.o(.text)
    TIM_UpdateDisableConfig                  0x080025a5   Thumb Code    24  stm32f4xx_tim.o(.text)
    TIM_UpdateRequestConfig                  0x080025bd   Thumb Code    24  stm32f4xx_tim.o(.text)
    TIM_ARRPreloadConfig                     0x080025d5   Thumb Code    24  stm32f4xx_tim.o(.text)
    TIM_SelectOnePulseMode                   0x080025ed   Thumb Code    18  stm32f4xx_tim.o(.text)
    TIM_SetClockDivision                     0x080025ff   Thumb Code    18  stm32f4xx_tim.o(.text)
    TIM_Cmd                                  0x08002611   Thumb Code    24  stm32f4xx_tim.o(.text)
    TIM_OC1Init                              0x08002629   Thumb Code   114  stm32f4xx_tim.o(.text)
    TIM_OC2Init                              0x0800269b   Thumb Code   154  stm32f4xx_tim.o(.text)
    TIM_OC3Init                              0x08002735   Thumb Code   204  stm32f4xx_tim.o(.text)
    TIM_OC4Init                              0x08002801   Thumb Code   112  stm32f4xx_tim.o(.text)
    TIM_OCStructInit                         0x08002871   Thumb Code    20  stm32f4xx_tim.o(.text)
    TIM_SelectOCxM                           0x08002885   Thumb Code    86  stm32f4xx_tim.o(.text)
    TIM_SetCompare1                          0x080028db   Thumb Code     4  stm32f4xx_tim.o(.text)
    TIM_SetCompare2                          0x080028df   Thumb Code     4  stm32f4xx_tim.o(.text)
    TIM_SetCompare3                          0x080028e3   Thumb Code     4  stm32f4xx_tim.o(.text)
    TIM_SetCompare4                          0x080028e7   Thumb Code     4  stm32f4xx_tim.o(.text)
    TIM_ForcedOC1Config                      0x080028eb   Thumb Code    18  stm32f4xx_tim.o(.text)
    TIM_ForcedOC2Config                      0x080028fd   Thumb Code    26  stm32f4xx_tim.o(.text)
    TIM_ForcedOC3Config                      0x08002917   Thumb Code    18  stm32f4xx_tim.o(.text)
    TIM_ForcedOC4Config                      0x08002929   Thumb Code    26  stm32f4xx_tim.o(.text)
    TIM_OC1PreloadConfig                     0x08002943   Thumb Code    18  stm32f4xx_tim.o(.text)
    TIM_OC2PreloadConfig                     0x08002955   Thumb Code    26  stm32f4xx_tim.o(.text)
    TIM_OC3PreloadConfig                     0x0800296f   Thumb Code    18  stm32f4xx_tim.o(.text)
    TIM_OC4PreloadConfig                     0x08002981   Thumb Code    26  stm32f4xx_tim.o(.text)
    TIM_OC1FastConfig                        0x0800299b   Thumb Code    18  stm32f4xx_tim.o(.text)
    TIM_OC2FastConfig                        0x080029ad   Thumb Code    26  stm32f4xx_tim.o(.text)
    TIM_OC3FastConfig                        0x080029c7   Thumb Code    18  stm32f4xx_tim.o(.text)
    TIM_OC4FastConfig                        0x080029d9   Thumb Code    26  stm32f4xx_tim.o(.text)
    TIM_ClearOC1Ref                          0x080029f3   Thumb Code    18  stm32f4xx_tim.o(.text)
    TIM_ClearOC2Ref                          0x08002a05   Thumb Code    24  stm32f4xx_tim.o(.text)
    TIM_ClearOC3Ref                          0x08002a1d   Thumb Code    18  stm32f4xx_tim.o(.text)
    TIM_ClearOC4Ref                          0x08002a2f   Thumb Code    24  stm32f4xx_tim.o(.text)
    TIM_OC1PolarityConfig                    0x08002a47   Thumb Code    18  stm32f4xx_tim.o(.text)
    TIM_OC1NPolarityConfig                   0x08002a59   Thumb Code    18  stm32f4xx_tim.o(.text)
    TIM_OC2PolarityConfig                    0x08002a6b   Thumb Code    26  stm32f4xx_tim.o(.text)
    TIM_OC2NPolarityConfig                   0x08002a85   Thumb Code    26  stm32f4xx_tim.o(.text)
    TIM_OC3PolarityConfig                    0x08002a9f   Thumb Code    26  stm32f4xx_tim.o(.text)
    TIM_OC3NPolarityConfig                   0x08002ab9   Thumb Code    26  stm32f4xx_tim.o(.text)
    TIM_OC4PolarityConfig                    0x08002ad3   Thumb Code    26  stm32f4xx_tim.o(.text)
    TIM_CCxCmd                               0x08002aed   Thumb Code    30  stm32f4xx_tim.o(.text)
    TIM_CCxNCmd                              0x08002b0b   Thumb Code    30  stm32f4xx_tim.o(.text)
    TIM_SetIC4Prescaler                      0x08002b29   Thumb Code    26  stm32f4xx_tim.o(.text)
    TIM_SetIC3Prescaler                      0x08002b93   Thumb Code    18  stm32f4xx_tim.o(.text)
    TIM_SetIC2Prescaler                      0x08002bed   Thumb Code    26  stm32f4xx_tim.o(.text)
    TIM_SetIC1Prescaler                      0x08002c61   Thumb Code    18  stm32f4xx_tim.o(.text)
    TIM_ICInit                               0x08002cad   Thumb Code   110  stm32f4xx_tim.o(.text)
    TIM_ICStructInit                         0x08002d1b   Thumb Code    18  stm32f4xx_tim.o(.text)
    TIM_PWMIConfig                           0x08002d2d   Thumb Code   124  stm32f4xx_tim.o(.text)
    TIM_GetCapture1                          0x08002da9   Thumb Code     6  stm32f4xx_tim.o(.text)
    TIM_GetCapture2                          0x08002daf   Thumb Code     6  stm32f4xx_tim.o(.text)
    TIM_GetCapture3                          0x08002db5   Thumb Code     6  stm32f4xx_tim.o(.text)
    TIM_GetCapture4                          0x08002dbb   Thumb Code     6  stm32f4xx_tim.o(.text)
    TIM_BDTRConfig                           0x08002dc1   Thumb Code    32  stm32f4xx_tim.o(.text)
    TIM_BDTRStructInit                       0x08002de1   Thumb Code    18  stm32f4xx_tim.o(.text)
    TIM_CtrlPWMOutputs                       0x08002df3   Thumb Code    30  stm32f4xx_tim.o(.text)
    TIM_SelectCOM                            0x08002e11   Thumb Code    24  stm32f4xx_tim.o(.text)
    TIM_CCPreloadControl                     0x08002e29   Thumb Code    24  stm32f4xx_tim.o(.text)
    TIM_ITConfig                             0x08002e41   Thumb Code    18  stm32f4xx_tim.o(.text)
    TIM_GenerateEvent                        0x08002e53   Thumb Code     4  stm32f4xx_tim.o(.text)
    TIM_GetFlagStatus                        0x08002e57   Thumb Code    18  stm32f4xx_tim.o(.text)
    TIM_ClearFlag                            0x08002e69   Thumb Code     6  stm32f4xx_tim.o(.text)
    TIM_GetITStatus                          0x08002e6f   Thumb Code    34  stm32f4xx_tim.o(.text)
    TIM_ClearITPendingBit                    0x08002e91   Thumb Code     6  stm32f4xx_tim.o(.text)
    TIM_DMAConfig                            0x08002e97   Thumb Code    10  stm32f4xx_tim.o(.text)
    TIM_DMACmd                               0x08002ea1   Thumb Code    18  stm32f4xx_tim.o(.text)
    TIM_SelectCCDMA                          0x08002eb3   Thumb Code    24  stm32f4xx_tim.o(.text)
    TIM_InternalClockConfig                  0x08002ecb   Thumb Code    12  stm32f4xx_tim.o(.text)
    TIM_SelectInputTrigger                   0x08002ed7   Thumb Code    18  stm32f4xx_tim.o(.text)
    TIM_ITRxExternalClockConfig              0x08002ee9   Thumb Code    24  stm32f4xx_tim.o(.text)
    TIM_TIxExternalClockConfig               0x08002f01   Thumb Code    62  stm32f4xx_tim.o(.text)
    TIM_ETRConfig                            0x08002f3f   Thumb Code    28  stm32f4xx_tim.o(.text)
    TIM_ETRClockMode1Config                  0x08002f5b   Thumb Code    54  stm32f4xx_tim.o(.text)
    TIM_ETRClockMode2Config                  0x08002f91   Thumb Code    32  stm32f4xx_tim.o(.text)
    TIM_SelectOutputTrigger                  0x08002fb1   Thumb Code    18  stm32f4xx_tim.o(.text)
    TIM_SelectSlaveMode                      0x08002fc3   Thumb Code    18  stm32f4xx_tim.o(.text)
    TIM_SelectMasterSlaveMode                0x08002fd5   Thumb Code    18  stm32f4xx_tim.o(.text)
    TIM_EncoderInterfaceConfig               0x08002fe7   Thumb Code    66  stm32f4xx_tim.o(.text)
    TIM_SelectHallSensor                     0x08003029   Thumb Code    24  stm32f4xx_tim.o(.text)
    TIM_RemapConfig                          0x08003041   Thumb Code     6  stm32f4xx_tim.o(.text)
    OnNumberOfErrorsUpdate                   0x08003049   Thumb Code    44  emcy.o(.text)
    emergencyInit                            0x08003075   Thumb Code    30  emcy.o(.text)
    emergencyStop                            0x08003093   Thumb Code     2  emcy.o(.text)
    sendEMCY                                 0x08003095   Thumb Code    88  emcy.o(.text)
    EMCY_setError                            0x080030ed   Thumb Code   294  emcy.o(.text)
    EMCY_errorRecovered                      0x08003213   Thumb Code   152  emcy.o(.text)
    proceedEMCY                              0x080032ab   Thumb Code    58  emcy.o(.text)
    _post_emcy                               0x080032e5   Thumb Code     6  emcy.o(.text)
    getNodeState                             0x080032ed   Thumb Code    16  lifegrd.o(.text)
    ConsumerHeartbeatAlarm                   0x080032fd   Thumb Code    50  lifegrd.o(.text)
    proceedNODE_GUARD                        0x0800332f   Thumb Code   278  lifegrd.o(.text)
    ProducerHeartbeatAlarm                   0x08003445   Thumb Code    72  lifegrd.o(.text)
    GuardTimeAlarm                           0x0800348d   Thumb Code   118  lifegrd.o(.text)
    nodeguardInit                            0x08003503   Thumb Code   130  lifegrd.o(.text)
    nodeguardStop                            0x08003585   Thumb Code    18  lifegrd.o(.text)
    OnNodeGuardUpdate                        0x08003597   Thumb Code    24  lifegrd.o(.text)
    OnHeartbeatProducerUpdate                0x080035af   Thumb Code    68  lifegrd.o(.text)
    heartbeatInit                            0x080035f3   Thumb Code   136  lifegrd.o(.text)
    heartbeatStop                            0x0800367b   Thumb Code    56  lifegrd.o(.text)
    lifeGuardInit                            0x080036b3   Thumb Code    18  lifegrd.o(.text)
    lifeGuardStop                            0x080036c5   Thumb Code    18  lifegrd.o(.text)
    _heartbeatError                          0x080036d7   Thumb Code     2  lifegrd.o(.text)
    _post_SlaveBootup                        0x080036d9   Thumb Code     2  lifegrd.o(.text)
    _post_SlaveStateChange                   0x080036db   Thumb Code     2  lifegrd.o(.text)
    _nodeguardError                          0x080036dd   Thumb Code     2  lifegrd.o(.text)
    masterSendNMTstateChange                 0x080036e5   Thumb Code    44  nmtmaster.o(.text)
    masterSendNMTnodeguard                   0x08003711   Thumb Code    38  nmtmaster.o(.text)
    masterRequestNodeState                   0x08003737   Thumb Code    50  nmtmaster.o(.text)
    proceedNMTstateChange                    0x08003769   Thumb Code   224  nmtslave.o(.text)
    slaveSendBootUp                          0x08003849   Thumb Code    46  nmtslave.o(.text)
    accessDictionaryError                    0x08003879   Thumb Code    10  objacces.o(.text)
    _getODentry                              0x08003883   Thumb Code   224  objacces.o(.text)
    _setODentry                              0x08003963   Thumb Code   302  objacces.o(.text)
    RegisterSetODentryCallBack               0x08003a91   Thumb Code    50  objacces.o(.text)
    _storeODSubIndex                         0x08003ac3   Thumb Code     6  objacces.o(.text)
    CopyBits                                 0x08003ad9   Thumb Code   236  pdo.o(.text)
    buildPDO                                 0x08003bc5   Thumb Code   238  pdo.o(.text)
    sendPDOrequest                           0x08003cb3   Thumb Code    96  pdo.o(.text)
    PDOInhibitTimerAlarm                     0x08003d3f   Thumb Code    56  pdo.o(.text)
    sendOnePDOevent                          0x08003d77   Thumb Code   332  pdo.o(.text)
    PDOEventTimerAlarm                       0x08003ec3   Thumb Code    46  pdo.o(.text)
    proceedPDO                               0x08003ef1   Thumb Code   732  pdo.o(.text)
    _sendPDOevent                            0x080041cd   Thumb Code   412  pdo.o(.text)
    sendPDOevent                             0x08004369   Thumb Code    14  pdo.o(.text)
    _RxPDO_EventTimers_Handler               0x08004377   Thumb Code     2  pdo.o(.text)
    TPDO_Communication_Parameter_Callback    0x08004379   Thumb Code   148  pdo.o(.text)
    PDOInit                                  0x0800440d   Thumb Code    84  pdo.o(.text)
    PDOStop                                  0x08004461   Thumb Code   120  pdo.o(.text)
    PDOEnable                                0x080044d9   Thumb Code    48  pdo.o(.text)
    PDODisable                               0x08004509   Thumb Code    48  pdo.o(.text)
    initSDOline                              0x08004539   Thumb Code   444  sdo.o(.text)
    resetSDOline                             0x080046f5   Thumb Code    96  sdo.o(.text)
    sendSDO                                  0x08004755   Thumb Code   162  sdo.o(.text)
    sendSDOabort                             0x080047f7   Thumb Code    82  sdo.o(.text)
    SDOTimeoutAlarm                          0x08004849   Thumb Code   312  sdo.o(.text)
    resetSDO                                 0x08004981   Thumb Code    26  sdo.o(.text)
    SDOlineToObjdict                         0x0800499b   Thumb Code   172  sdo.o(.text)
    objdictToSDOline                         0x08004a47   Thumb Code   142  sdo.o(.text)
    lineToSDO                                0x08004ad5   Thumb Code   176  sdo.o(.text)
    SDOtoLine                                0x08004b85   Thumb Code   134  sdo.o(.text)
    getSDOlineOnUse                          0x08004c0b   Thumb Code   114  sdo.o(.text)
    failedSDO                                0x08004c7d   Thumb Code   182  sdo.o(.text)
    getSDOfreeLine                           0x08004d33   Thumb Code    70  sdo.o(.text)
    getSDOlineToClose                        0x08004d79   Thumb Code    92  sdo.o(.text)
    GetSDOClientFromNodeId                   0x08004dd5   Thumb Code    84  sdo.o(.text)
    closeSDOtransfer                         0x08004e29   Thumb Code    64  sdo.o(.text)
    getSDOlineRestBytes                      0x08004e69   Thumb Code    74  sdo.o(.text)
    setSDOlineRestBytes                      0x08004eb3   Thumb Code    34  sdo.o(.text)
    proceedSDO                               0x08004ed5   Thumb Code 11072  sdo.o(.text)
    resetClientSDOLineFromNodeId             0x08007a15   Thumb Code    52  sdo.o(.text)
    _writeNetworkDict                        0x08007a49   Thumb Code   490  sdo.o(.text)
    writeNetworkDict                         0x08007c33   Thumb Code    54  sdo.o(.text)
    writeNetworkDictCallBack                 0x08007c69   Thumb Code    46  sdo.o(.text)
    writeNetworkDictCallBackAI               0x08007c97   Thumb Code   194  sdo.o(.text)
    _readNetworkDict                         0x08007d59   Thumb Code   316  sdo.o(.text)
    readNetworkDict                          0x08007e95   Thumb Code    42  sdo.o(.text)
    readNetworkDictCallback                  0x08007ebf   Thumb Code    40  sdo.o(.text)
    readNetworkDictCallbackAI                0x08007ee7   Thumb Code   186  sdo.o(.text)
    getReadResultNetworkDict                 0x08007fa1   Thumb Code   386  sdo.o(.text)
    getWriteResultNetworkDict                0x08008123   Thumb Code   144  sdo.o(.text)
    SetAlarm                                 0x080081b5   Thumb Code   170  timer.o(.text)
    DelAlarm                                 0x0800825f   Thumb Code    46  timer.o(.text)
    TimeDispatch                             0x0800828d   Thumb Code   178  timer.o(.text)
    proceedSYNC                              0x0800834d   Thumb Code    44  sync.o(.text)
    sendSYNCMessage                          0x08008379   Thumb Code    38  sync.o(.text)
    sendSYNC                                 0x0800839f   Thumb Code    22  sync.o(.text)
    SyncAlarm                                0x080083b5   Thumb Code    14  sync.o(.text)
    stopSYNC                                 0x080083c3   Thumb Code    46  sync.o(.text)
    startSYNC                                0x080083f1   Thumb Code    98  sync.o(.text)
    OnCOB_ID_SyncUpdate                      0x08008453   Thumb Code    18  sync.o(.text)
    _post_sync                               0x08008465   Thumb Code     2  sync.o(.text)
    _post_TPDO                               0x08008467   Thumb Code     2  sync.o(.text)
    getState                                 0x0800846d   Thumb Code     8  states.o(.text)
    canDispatch                              0x08008475   Thumb Code   154  states.o(.text)
    switchCommunicationState                 0x0800850f   Thumb Code   284  states.o(.text)
    setState                                 0x0800862b   Thumb Code   200  states.o(.text)
    getNodeId                                0x080086f3   Thumb Code     8  states.o(.text)
    setNodeId                                0x080086fb   Thumb Code   432  states.o(.text)
    _initialisation                          0x080088ab   Thumb Code     2  states.o(.text)
    _preOperational                          0x080088ad   Thumb Code    22  states.o(.text)
    _operational                             0x080088c3   Thumb Code     2  states.o(.text)
    _stopped                                 0x080088c5   Thumb Code     2  states.o(.text)
    __use_no_semihosting                     0x080088cd   Thumb Code     2  use_no_semi_2.o(.text)
    memcmp                                   0x080088cf   Thumb Code    88  memcmp.o(.text)
    __aeabi_memcpy                           0x08008927   Thumb Code     0  rt_memcpy_v6.o(.text)
    __rt_memcpy                              0x08008927   Thumb Code   138  rt_memcpy_v6.o(.text)
    _memcpy_lastbytes                        0x0800898d   Thumb Code     0  rt_memcpy_v6.o(.text)
    __use_two_region_memory                  0x080089b1   Thumb Code     2  heapauxi.o(.text)
    __rt_heap_escrow$2region                 0x080089b3   Thumb Code     2  heapauxi.o(.text)
    __rt_heap_expand$2region                 0x080089b5   Thumb Code     2  heapauxi.o(.text)
    __I$use$semihosting                      0x080089b7   Thumb Code     0  use_no_semi.o(.text)
    __use_no_semihosting_swi                 0x080089b7   Thumb Code     2  use_no_semi.o(.text)
    __aeabi_memcpy4                          0x080089b9   Thumb Code     0  rt_memcpy_w.o(.text)
    __aeabi_memcpy8                          0x080089b9   Thumb Code     0  rt_memcpy_w.o(.text)
    __rt_memcpy_w                            0x080089b9   Thumb Code   100  rt_memcpy_w.o(.text)
    _memcpy_lastbytes_aligned                0x08008a01   Thumb Code     0  rt_memcpy_w.o(.text)
    __user_setup_stackheap                   0x08008a1d   Thumb Code    74  sys_stackheap_outer.o(.text)
    exit                                     0x08008a67   Thumb Code    18  exit.o(.text)
    __user_libspace                          0x08008a79   Thumb Code     8  libspace.o(.text)
    __user_perproc_libspace                  0x08008a79   Thumb Code     0  libspace.o(.text)
    __user_perthread_libspace                0x08008a79   Thumb Code     0  libspace.o(.text)
    _fp_init                                 0x08008a81   Thumb Code    10  fpinit.o(x$fpl$fpinit)
    __fplib_config_fpu_vfp                   0x08008a89   Thumb Code     0  fpinit.o(x$fpl$fpinit)
    __fplib_config_pureend_doubles           0x08008a89   Thumb Code     0  fpinit.o(x$fpl$fpinit)
    slave_iam_a_slave                        0x08008a8c   Data           1  slave.o(.constdata)
    slave_objdict                            0x08008a90   Data         200  slave.o(.constdata)
    slave_firstIndex                         0x08008b58   Data          12  slave.o(.constdata)
    slave_lastIndex                          0x08008b64   Data          12  slave.o(.constdata)
    slave_ObjdictSize                        0x08008b70   Data           2  slave.o(.constdata)
    Region$$Table$$Base                      0x08008bb4   Number         0  anon$$obj.o(Region$$Table)
    Region$$Table$$Limit                     0x08008bd4   Number         0  anon$$obj.o(Region$$Table)
    SystemCoreClock                          0x20000000   Data           4  system_stm32f4xx.o(.data)
    AHBPrescTable                            0x20000004   Data          16  system_stm32f4xx.o(.data)
    c1                                       0x20000014   Data           2  slave.o(.data)
    c2                                       0x20000016   Data           2  slave.o(.data)
    c3                                       0x20000018   Data           2  slave.o(.data)
    c4                                       0x2000001a   Data           2  slave.o(.data)
    slave_bDeviceNodeId                      0x2000001c   Data           1  slave.o(.data)
    slave_heartBeatTimers                    0x2000001e   Data           2  slave.o(.data)
    slave_obj1000                            0x20000020   Data           4  slave.o(.data)
    slave_Index1000                          0x20000024   Data          16  slave.o(.data)
    slave_obj1001                            0x20000034   Data           1  slave.o(.data)
    slave_Index1001                          0x20000038   Data          16  slave.o(.data)
    slave_highestSubIndex_obj1003            0x20000048   Data           1  slave.o(.data)
    slave_obj1003                            0x2000004c   Data           4  slave.o(.data)
    slave_Index1003                          0x20000050   Data          32  slave.o(.data)
    slave_obj1005                            0x20000070   Data           4  slave.o(.data)
    slave_obj1006                            0x20000074   Data           4  slave.o(.data)
    slave_obj100C                            0x20000078   Data           2  slave.o(.data)
    slave_obj100D                            0x2000007a   Data           1  slave.o(.data)
    slave_obj1014                            0x2000007c   Data           4  slave.o(.data)
    slave_highestSubIndex_obj1016            0x20000080   Data           1  slave.o(.data)
    slave_obj1016                            0x20000084   Data           4  slave.o(.data)
    slave_obj1017                            0x20000088   Data           2  slave.o(.data)
    slave_Index1017                          0x2000008c   Data          16  slave.o(.data)
    slave_highestSubIndex_obj1018            0x2000009c   Data           1  slave.o(.data)
    slave_obj1018_Vendor_ID                  0x200000a0   Data           4  slave.o(.data)
    slave_obj1018_Product_Code               0x200000a4   Data           4  slave.o(.data)
    slave_obj1018_Revision_Number            0x200000a8   Data           4  slave.o(.data)
    slave_obj1018_Serial_Number              0x200000ac   Data           4  slave.o(.data)
    slave_Index1018                          0x200000b0   Data          80  slave.o(.data)
    slave_highestSubIndex_obj1200            0x20000100   Data           1  slave.o(.data)
    slave_obj1200_COB_ID_Client_to_Server_Receive_SDO 0x20000104   Data           4  slave.o(.data)
    slave_obj1200_COB_ID_Server_to_Client_Transmit_SDO 0x20000108   Data           4  slave.o(.data)
    slave_Index1200                          0x2000010c   Data          48  slave.o(.data)
    slave_highestSubIndex_obj1400            0x2000013c   Data           1  slave.o(.data)
    slave_obj1400_COB_ID_used_by_PDO         0x20000140   Data           4  slave.o(.data)
    slave_obj1400_Transmission_Type          0x20000144   Data           1  slave.o(.data)
    slave_obj1400_Inhibit_Time               0x20000146   Data           2  slave.o(.data)
    slave_obj1400_Compatibility_Entry        0x20000148   Data           1  slave.o(.data)
    slave_obj1400_Event_Timer                0x2000014a   Data           2  slave.o(.data)
    slave_obj1400_SYNC_start_value           0x2000014c   Data           1  slave.o(.data)
    slave_Index1400                          0x20000150   Data         112  slave.o(.data)
    slave_highestSubIndex_obj1401            0x200001c0   Data           1  slave.o(.data)
    slave_obj1401_COB_ID_used_by_PDO         0x200001c4   Data           4  slave.o(.data)
    slave_obj1401_Transmission_Type          0x200001c8   Data           1  slave.o(.data)
    slave_obj1401_Inhibit_Time               0x200001ca   Data           2  slave.o(.data)
    slave_obj1401_Compatibility_Entry        0x200001cc   Data           1  slave.o(.data)
    slave_obj1401_Event_Timer                0x200001ce   Data           2  slave.o(.data)
    slave_obj1401_SYNC_start_value           0x200001d0   Data           1  slave.o(.data)
    slave_Index1401                          0x200001d4   Data         112  slave.o(.data)
    slave_highestSubIndex_obj1402            0x20000244   Data           1  slave.o(.data)
    slave_obj1402_COB_ID_used_by_PDO         0x20000248   Data           4  slave.o(.data)
    slave_obj1402_Transmission_Type          0x2000024c   Data           1  slave.o(.data)
    slave_obj1402_Inhibit_Time               0x2000024e   Data           2  slave.o(.data)
    slave_obj1402_Compatibility_Entry        0x20000250   Data           1  slave.o(.data)
    slave_obj1402_Event_Timer                0x20000252   Data           2  slave.o(.data)
    slave_obj1402_SYNC_start_value           0x20000254   Data           1  slave.o(.data)
    slave_Index1402                          0x20000258   Data         112  slave.o(.data)
    slave_highestSubIndex_obj1403            0x200002c8   Data           1  slave.o(.data)
    slave_obj1403_COB_ID_used_by_PDO         0x200002cc   Data           4  slave.o(.data)
    slave_obj1403_Transmission_Type          0x200002d0   Data           1  slave.o(.data)
    slave_obj1403_Inhibit_Time               0x200002d2   Data           2  slave.o(.data)
    slave_obj1403_Compatibility_Entry        0x200002d4   Data           1  slave.o(.data)
    slave_obj1403_Event_Timer                0x200002d6   Data           2  slave.o(.data)
    slave_obj1403_SYNC_start_value           0x200002d8   Data           1  slave.o(.data)
    slave_Index1403                          0x200002dc   Data         112  slave.o(.data)
    slave_highestSubIndex_obj1600            0x2000034c   Data           1  slave.o(.data)
    slave_obj1600                            0x20000350   Data          16  slave.o(.data)
    slave_Index1600                          0x20000360   Data          80  slave.o(.data)
    slave_highestSubIndex_obj1601            0x200003b0   Data           1  slave.o(.data)
    slave_Index1601                          0x200003b4   Data         144  slave.o(.data)
    slave_highestSubIndex_obj1602            0x20000444   Data           1  slave.o(.data)
    slave_Index1602                          0x20000448   Data         144  slave.o(.data)
    slave_highestSubIndex_obj1603            0x200004d8   Data           1  slave.o(.data)
    slave_Index1603                          0x200004dc   Data         144  slave.o(.data)
    slave_highestSubIndex_obj1800            0x2000056c   Data           1  slave.o(.data)
    slave_obj1800_COB_ID_used_by_PDO         0x20000570   Data           4  slave.o(.data)
    slave_obj1800_Transmission_Type          0x20000574   Data           1  slave.o(.data)
    slave_obj1800_Inhibit_Time               0x20000576   Data           2  slave.o(.data)
    slave_obj1800_Compatibility_Entry        0x20000578   Data           1  slave.o(.data)
    slave_obj1800_Event_Timer                0x2000057a   Data           2  slave.o(.data)
    slave_obj1800_SYNC_start_value           0x2000057c   Data           1  slave.o(.data)
    slave_Index1800                          0x20000580   Data         112  slave.o(.data)
    slave_highestSubIndex_obj1801            0x200005f0   Data           1  slave.o(.data)
    slave_obj1801_COB_ID_used_by_PDO         0x200005f4   Data           4  slave.o(.data)
    slave_obj1801_Transmission_Type          0x200005f8   Data           1  slave.o(.data)
    slave_obj1801_Inhibit_Time               0x200005fa   Data           2  slave.o(.data)
    slave_obj1801_Compatibility_Entry        0x200005fc   Data           1  slave.o(.data)
    slave_obj1801_Event_Timer                0x200005fe   Data           2  slave.o(.data)
    slave_obj1801_SYNC_start_value           0x20000600   Data           1  slave.o(.data)
    slave_Index1801                          0x20000604   Data         112  slave.o(.data)
    slave_highestSubIndex_obj1802            0x20000674   Data           1  slave.o(.data)
    slave_obj1802_COB_ID_used_by_PDO         0x20000678   Data           4  slave.o(.data)
    slave_obj1802_Transmission_Type          0x2000067c   Data           1  slave.o(.data)
    slave_obj1802_Inhibit_Time               0x2000067e   Data           2  slave.o(.data)
    slave_obj1802_Compatibility_Entry        0x20000680   Data           1  slave.o(.data)
    slave_obj1802_Event_Timer                0x20000682   Data           2  slave.o(.data)
    slave_obj1802_SYNC_start_value           0x20000684   Data           1  slave.o(.data)
    slave_Index1802                          0x20000688   Data         112  slave.o(.data)
    slave_highestSubIndex_obj1803            0x200006f8   Data           1  slave.o(.data)
    slave_obj1803_COB_ID_used_by_PDO         0x200006fc   Data           4  slave.o(.data)
    slave_obj1803_Transmission_Type          0x20000700   Data           1  slave.o(.data)
    slave_obj1803_Inhibit_Time               0x20000702   Data           2  slave.o(.data)
    slave_obj1803_Compatibility_Entry        0x20000704   Data           1  slave.o(.data)
    slave_obj1803_Event_Timer                0x20000706   Data           2  slave.o(.data)
    slave_obj1803_SYNC_start_value           0x20000708   Data           1  slave.o(.data)
    slave_Index1803                          0x2000070c   Data         112  slave.o(.data)
    slave_highestSubIndex_obj1A00            0x2000077c   Data           1  slave.o(.data)
    slave_obj1A00                            0x20000780   Data          16  slave.o(.data)
    slave_Index1A00                          0x20000790   Data          80  slave.o(.data)
    slave_highestSubIndex_obj1A01            0x200007e0   Data           1  slave.o(.data)
    slave_Index1A01                          0x200007e4   Data         144  slave.o(.data)
    slave_highestSubIndex_obj1A02            0x20000874   Data           1  slave.o(.data)
    slave_Index1A02                          0x20000878   Data         144  slave.o(.data)
    slave_highestSubIndex_obj1A03            0x20000908   Data           1  slave.o(.data)
    slave_Index1A03                          0x2000090c   Data         144  slave.o(.data)
    slave_Index2000                          0x2000099c   Data          16  slave.o(.data)
    slave_Index2001                          0x200009ac   Data          16  slave.o(.data)
    slave_Index2002                          0x200009bc   Data          16  slave.o(.data)
    slave_Index2003                          0x200009cc   Data          16  slave.o(.data)
    slave_PDO_status                         0x200009dc   Data          72  slave.o(.data)
    slave_Data                               0x20000a24   Data         576  slave.o(.data)
    __stdout                                 0x20000c68   Data           4  usart.o(.data)
    USART_RX_STA                             0x20000c6c   Data           2  usart.o(.data)
    total_sleep_time                         0x20000c80   Data           4  timer.o(.data)
    last_timer_raw                           0x20000c84   Data           2  timer.o(.data)
    tdcount                                  0x20000c88   Data           4  timer.o(.data)
    slave_obj1601                            0x20000c8c   Data          32  slave.o(.bss)
    slave_obj1602                            0x20000cac   Data          32  slave.o(.bss)
    slave_obj1603                            0x20000ccc   Data          32  slave.o(.bss)
    slave_obj1A01                            0x20000cec   Data          32  slave.o(.bss)
    slave_obj1A02                            0x20000d0c   Data          32  slave.o(.bss)
    slave_obj1A03                            0x20000d2c   Data          32  slave.o(.bss)
    USART_RX_BUF                             0x20000d4c   Data         200  usart.o(.bss)
    timers                                   0x20000e14   Data         192  timer.o(.bss)
    __libspace_start                         0x20000ed4   Data          96  libspace.o(.bss)
    __temporary_stack_top$libspace           0x20000f34   Data           0  libspace.o(.bss)



==============================================================================

Memory Map of the image

  Image Entry point : 0x08000189

  Load Region LR_IROM1 (Base: 0x08000000, Size: 0x00009860, Max: 0x00100000, ABSOLUTE, COMPRESSED[0x00008ee0])

    Execution Region ER_IROM1 (Exec base: 0x08000000, Load base: 0x08000000, Size: 0x00008bd4, Max: 0x00100000, ABSOLUTE)

    Exec Addr    Load Addr    Size         Type   Attr      Idx    E Section Name        Object

    0x08000000   0x08000000   0x00000188   Data   RO          625    RESET               startup_stm32f40_41xxx.o
    0x08000188   0x08000188   0x00000008   Code   RO         1056  * !!!main             c_w.l(__main.o)
    0x08000190   0x08000190   0x00000034   Code   RO         1217    !!!scatter          c_w.l(__scatter.o)
    0x080001c4   0x080001c4   0x0000005a   Code   RO         1215    !!dczerorl2         c_w.l(__dczerorl2.o)
    0x0800021e   0x0800021e   0x00000002   PAD
    0x08000220   0x08000220   0x0000001c   Code   RO         1219    !!handler_zi        c_w.l(__scatter_zi.o)
    0x0800023c   0x0800023c   0x00000002   Code   RO         1087    .ARM.Collect$$libinit$$00000000  c_w.l(libinit.o)
    0x0800023e   0x0800023e   0x00000004   Code   RO         1093    .ARM.Collect$$libinit$$00000001  c_w.l(libinit2.o)
    0x08000242   0x08000242   0x00000000   Code   RO         1096    .ARM.Collect$$libinit$$00000004  c_w.l(libinit2.o)
    0x08000242   0x08000242   0x00000000   Code   RO         1099    .ARM.Collect$$libinit$$0000000A  c_w.l(libinit2.o)
    0x08000242   0x08000242   0x00000000   Code   RO         1101    .ARM.Collect$$libinit$$0000000C  c_w.l(libinit2.o)
    0x08000242   0x08000242   0x00000000   Code   RO         1103    .ARM.Collect$$libinit$$0000000E  c_w.l(libinit2.o)
    0x08000242   0x08000242   0x00000000   Code   RO         1106    .ARM.Collect$$libinit$$00000011  c_w.l(libinit2.o)
    0x08000242   0x08000242   0x00000000   Code   RO         1108    .ARM.Collect$$libinit$$00000013  c_w.l(libinit2.o)
    0x08000242   0x08000242   0x00000000   Code   RO         1110    .ARM.Collect$$libinit$$00000015  c_w.l(libinit2.o)
    0x08000242   0x08000242   0x00000000   Code   RO         1112    .ARM.Collect$$libinit$$00000017  c_w.l(libinit2.o)
    0x08000242   0x08000242   0x00000000   Code   RO         1114    .ARM.Collect$$libinit$$00000019  c_w.l(libinit2.o)
    0x08000242   0x08000242   0x00000000   Code   RO         1116    .ARM.Collect$$libinit$$0000001B  c_w.l(libinit2.o)
    0x08000242   0x08000242   0x00000000   Code   RO         1118    .ARM.Collect$$libinit$$0000001D  c_w.l(libinit2.o)
    0x08000242   0x08000242   0x00000000   Code   RO         1120    .ARM.Collect$$libinit$$0000001F  c_w.l(libinit2.o)
    0x08000242   0x08000242   0x00000000   Code   RO         1122    .ARM.Collect$$libinit$$00000021  c_w.l(libinit2.o)
    0x08000242   0x08000242   0x00000000   Code   RO         1124    .ARM.Collect$$libinit$$00000023  c_w.l(libinit2.o)
    0x08000242   0x08000242   0x00000000   Code   RO         1126    .ARM.Collect$$libinit$$00000025  c_w.l(libinit2.o)
    0x08000242   0x08000242   0x00000000   Code   RO         1130    .ARM.Collect$$libinit$$0000002C  c_w.l(libinit2.o)
    0x08000242   0x08000242   0x00000000   Code   RO         1132    .ARM.Collect$$libinit$$0000002E  c_w.l(libinit2.o)
    0x08000242   0x08000242   0x00000000   Code   RO         1134    .ARM.Collect$$libinit$$00000030  c_w.l(libinit2.o)
    0x08000242   0x08000242   0x00000000   Code   RO         1136    .ARM.Collect$$libinit$$00000032  c_w.l(libinit2.o)
    0x08000242   0x08000242   0x00000002   Code   RO         1137    .ARM.Collect$$libinit$$00000033  c_w.l(libinit2.o)
    0x08000244   0x08000244   0x00000002   Code   RO         1155    .ARM.Collect$$libshutdown$$00000000  c_w.l(libshutdown.o)
    0x08000246   0x08000246   0x00000000   Code   RO         1165    .ARM.Collect$$libshutdown$$00000002  c_w.l(libshutdown2.o)
    0x08000246   0x08000246   0x00000000   Code   RO         1167    .ARM.Collect$$libshutdown$$00000004  c_w.l(libshutdown2.o)
    0x08000246   0x08000246   0x00000000   Code   RO         1169    .ARM.Collect$$libshutdown$$00000006  c_w.l(libshutdown2.o)
    0x08000246   0x08000246   0x00000000   Code   RO         1172    .ARM.Collect$$libshutdown$$00000009  c_w.l(libshutdown2.o)
    0x08000246   0x08000246   0x00000000   Code   RO         1175    .ARM.Collect$$libshutdown$$0000000C  c_w.l(libshutdown2.o)
    0x08000246   0x08000246   0x00000000   Code   RO         1177    .ARM.Collect$$libshutdown$$0000000E  c_w.l(libshutdown2.o)
    0x08000246   0x08000246   0x00000000   Code   RO         1180    .ARM.Collect$$libshutdown$$00000011  c_w.l(libshutdown2.o)
    0x08000246   0x08000246   0x00000002   Code   RO         1181    .ARM.Collect$$libshutdown$$00000012  c_w.l(libshutdown2.o)
    0x08000248   0x08000248   0x00000000   Code   RO         1060    .ARM.Collect$$rtentry$$00000000  c_w.l(__rtentry.o)
    0x08000248   0x08000248   0x00000000   Code   RO         1064    .ARM.Collect$$rtentry$$00000002  c_w.l(__rtentry2.o)
    0x08000248   0x08000248   0x00000006   Code   RO         1076    .ARM.Collect$$rtentry$$00000004  c_w.l(__rtentry4.o)
    0x0800024e   0x0800024e   0x00000000   Code   RO         1066    .ARM.Collect$$rtentry$$00000009  c_w.l(__rtentry2.o)
    0x0800024e   0x0800024e   0x00000004   Code   RO         1067    .ARM.Collect$$rtentry$$0000000A  c_w.l(__rtentry2.o)
    0x08000252   0x08000252   0x00000000   Code   RO         1069    .ARM.Collect$$rtentry$$0000000C  c_w.l(__rtentry2.o)
    0x08000252   0x08000252   0x00000008   Code   RO         1070    .ARM.Collect$$rtentry$$0000000D  c_w.l(__rtentry2.o)
    0x0800025a   0x0800025a   0x00000002   Code   RO         1091    .ARM.Collect$$rtexit$$00000000  c_w.l(rtexit.o)
    0x0800025c   0x0800025c   0x00000000   Code   RO         1139    .ARM.Collect$$rtexit$$00000002  c_w.l(rtexit2.o)
    0x0800025c   0x0800025c   0x00000004   Code   RO         1140    .ARM.Collect$$rtexit$$00000003  c_w.l(rtexit2.o)
    0x08000260   0x08000260   0x00000006   Code   RO         1141    .ARM.Collect$$rtexit$$00000004  c_w.l(rtexit2.o)
    0x08000266   0x08000266   0x00000002   PAD
    0x08000268   0x08000268   0x00000084   Code   RO            3    .text               main.o
    0x080002ec   0x080002ec   0x0000001a   Code   RO          227    .text               stm32f4xx_it.o
    0x08000306   0x08000306   0x00000002   PAD
    0x08000308   0x08000308   0x00000210   Code   RO          351    .text               system_stm32f4xx.o
    0x08000518   0x08000518   0x00000040   Code   RO          377    .text               led.o
    0x08000558   0x08000558   0x000001b0   Code   RO          429    .text               canfestival_can.o
    0x08000708   0x08000708   0x00000090   Code   RO          457    .text               canfestival_timer.o
    0x08000798   0x08000798   0x0000016c   Code   RO          487    .text               slave.o
    0x08000904   0x08000904   0x00000104   Code   RO          551    .text               delay.o
    0x08000a08   0x08000a08   0x00000148   Code   RO          594    .text               usart.o
    0x08000b50   0x08000b50   0x00000040   Code   RO          626    .text               startup_stm32f40_41xxx.o
    0x08000b90   0x08000b90   0x000000e0   Code   RO          632    .text               misc.o
    0x08000c70   0x08000c70   0x00000294   Code   RO          652    .text               stm32f4xx_gpio.o
    0x08000f04   0x08000f04   0x0000065c   Code   RO          695    .text               stm32f4xx_rcc.o
    0x08001560   0x08001560   0x00000454   Code   RO          737    .text               stm32f4xx_usart.o
    0x080019b4   0x080019b4   0x000009f0   Code   RO          757    .text               stm32f4xx_can.o
    0x080023a4   0x080023a4   0x00000ca2   Code   RO          777    .text               stm32f4xx_tim.o
    0x08003046   0x08003046   0x00000002   PAD
    0x08003048   0x08003048   0x000002a2   Code   RO          823    .text               emcy.o
    0x080032ea   0x080032ea   0x00000002   PAD
    0x080032ec   0x080032ec   0x000003f8   Code   RO          843    .text               lifegrd.o
    0x080036e4   0x080036e4   0x00000084   Code   RO          863    .text               nmtmaster.o
    0x08003768   0x08003768   0x0000010e   Code   RO          900    .text               nmtslave.o
    0x08003876   0x08003876   0x00000002   PAD
    0x08003878   0x08003878   0x00000260   Code   RO          920    .text               objacces.o
    0x08003ad8   0x08003ad8   0x00000a60   Code   RO          940    .text               pdo.o
    0x08004538   0x08004538   0x00003c7a   Code   RO          960    .text               sdo.o
    0x080081b2   0x080081b2   0x00000002   PAD
    0x080081b4   0x080081b4   0x00000198   Code   RO          980    .text               timer.o
    0x0800834c   0x0800834c   0x00000120   Code   RO         1007    .text               sync.o
    0x0800846c   0x0800846c   0x00000460   Code   RO         1027    .text               states.o
    0x080088cc   0x080088cc   0x00000002   Code   RO         1048    .text               c_w.l(use_no_semi_2.o)
    0x080088ce   0x080088ce   0x00000058   Code   RO         1050    .text               c_w.l(memcmp.o)
    0x08008926   0x08008926   0x0000008a   Code   RO         1052    .text               c_w.l(rt_memcpy_v6.o)
    0x080089b0   0x080089b0   0x00000006   Code   RO         1054    .text               c_w.l(heapauxi.o)
    0x080089b6   0x080089b6   0x00000002   Code   RO         1058    .text               c_w.l(use_no_semi.o)
    0x080089b8   0x080089b8   0x00000064   Code   RO         1061    .text               c_w.l(rt_memcpy_w.o)
    0x08008a1c   0x08008a1c   0x0000004a   Code   RO         1078    .text               c_w.l(sys_stackheap_outer.o)
    0x08008a66   0x08008a66   0x00000012   Code   RO         1080    .text               c_w.l(exit.o)
    0x08008a78   0x08008a78   0x00000008   Code   RO         1088    .text               c_w.l(libspace.o)
    0x08008a80   0x08008a80   0x0000000a   Code   RO         1147    x$fpl$fpinit        fz_wm.l(fpinit.o)
    0x08008a8a   0x08008a8a   0x00000002   PAD
    0x08008a8c   0x08008a8c   0x000000e6   Data   RO          489    .constdata          slave.o
    0x08008b72   0x08008b72   0x00000002   PAD
    0x08008b74   0x08008b74   0x00000040   Data   RO         1028    .constdata          states.o
    0x08008bb4   0x08008bb4   0x00000020   Data   RO         1213    Region$$Table       anon$$obj.o


    Execution Region RW_IRAM1 (Exec base: 0x20000000, Load base: 0x08008bd4, Size: 0x00001538, Max: 0x00020000, ABSOLUTE, COMPRESSED[0x0000030c])

    Exec Addr    Load Addr    Size         Type   Attr      Idx    E Section Name        Object

    0x20000000   COMPRESSED   0x00000014   Data   RW          352    .data               system_stm32f4xx.o
    0x20000014   COMPRESSED   0x00000c50   Data   RW          490    .data               slave.o
    0x20000c64   COMPRESSED   0x00000004   Data   RW          552    .data               delay.o
    0x20000c68   COMPRESSED   0x00000006   Data   RW          596    .data               usart.o
    0x20000c6e   COMPRESSED   0x00000010   Data   RW          696    .data               stm32f4xx_rcc.o
    0x20000c7e   COMPRESSED   0x00000002   PAD
    0x20000c80   COMPRESSED   0x0000000c   Data   RW          982    .data               timer.o
    0x20000c8c        -       0x000000c0   Zero   RW          488    .bss                slave.o
    0x20000d4c        -       0x000000c8   Zero   RW          595    .bss                usart.o
    0x20000e14        -       0x000000c0   Zero   RW          981    .bss                timer.o
    0x20000ed4        -       0x00000060   Zero   RW         1089    .bss                c_w.l(libspace.o)
    0x20000f34   COMPRESSED   0x00000004   PAD
    0x20000f38        -       0x00000200   Zero   RW          624    HEAP                startup_stm32f40_41xxx.o
    0x20001138        -       0x00000400   Zero   RW          623    STACK               startup_stm32f40_41xxx.o


==============================================================================

Image component sizes


      Code (inc. data)   RO Data    RW Data    ZI Data      Debug   Object Name

       432         14          0          0          0       1787   canfestival_can.o
       144          6          0          0          0       1312   canfestival_timer.o
       260          8          0          4          0       1501   delay.o
       674          0          0          0          0       3407   emcy.o
        64          4          0          0          0     237931   led.o
      1016          6          0          0          0       5343   lifegrd.o
       132         10          0          0          0     280447   main.o
       224         20          0          0          0       1837   misc.o
       132          0          0          0          0       1373   nmtmaster.o
       270          0          0          0          0       1112   nmtslave.o
       608         16          0          0          0       3156   objacces.o
      2656          4          0          0          0       8219   pdo.o
     15482        150          0          0          0      20659   sdo.o
       364         14        230       3152        192      20630   slave.o
        64         26        392          0       1536        840   startup_stm32f40_41xxx.o
      1120         22         64          0          0       4411   states.o
      2544         38          0          0          0       8164   stm32f4xx_can.o
       660         44          0          0          0       4177   stm32f4xx_gpio.o
        26          0          0          0          0      49138   stm32f4xx_it.o
      1628         52          0         16          0      13064   stm32f4xx_rcc.o
      3234         60          0          0          0      23032   stm32f4xx_tim.o
      1108         34          0          0          0       7900   stm32f4xx_usart.o
       288          4          0          0          0       2294   sync.o
       528         46          0         20          0       1807   system_stm32f4xx.o
       408         14          0         12        192       3190   timer.o
       328         16          0          6        200       3318   usart.o

    ----------------------------------------------------------------------
     34404        608        720       3212       2120     710049   Object Totals
         0          0         32          0          0          0   (incl. Generated)
        10          0          2          2          0          0   (incl. Padding)

    ----------------------------------------------------------------------

      Code (inc. data)   RO Data    RW Data    ZI Data      Debug   Library Member Name

        90          0          0          0          0          0   __dczerorl2.o
         8          0          0          0          0         68   __main.o
         0          0          0          0          0          0   __rtentry.o
        12          0          0          0          0          0   __rtentry2.o
         6          0          0          0          0          0   __rtentry4.o
        52          8          0          0          0          0   __scatter.o
        28          0          0          0          0          0   __scatter_zi.o
        18          0          0          0          0         80   exit.o
         6          0          0          0          0        152   heapauxi.o
         2          0          0          0          0          0   libinit.o
         6          0          0          0          0          0   libinit2.o
         2          0          0          0          0          0   libshutdown.o
         2          0          0          0          0          0   libshutdown2.o
         8          4          0          0         96         68   libspace.o
        88          0          0          0          0         76   memcmp.o
       138          0          0          0          0         68   rt_memcpy_v6.o
       100          0          0          0          0         80   rt_memcpy_w.o
         2          0          0          0          0          0   rtexit.o
        10          0          0          0          0          0   rtexit2.o
        74          0          0          0          0         80   sys_stackheap_outer.o
         2          0          0          0          0         68   use_no_semi.o
         2          0          0          0          0         68   use_no_semi_2.o
        10          0          0          0          0        116   fpinit.o

    ----------------------------------------------------------------------
       672         12          0          0        100        924   Library Totals
         6          0          0          0          4          0   (incl. Padding)

    ----------------------------------------------------------------------

      Code (inc. data)   RO Data    RW Data    ZI Data      Debug   Library Name

       656         12          0          0         96        808   c_w.l
        10          0          0          0          0        116   fz_wm.l

    ----------------------------------------------------------------------
       672         12          0          0        100        924   Library Totals

    ----------------------------------------------------------------------

==============================================================================


      Code (inc. data)   RO Data    RW Data    ZI Data      Debug   

     35076        620        720       3212       2220     705061   Grand Totals
     35076        620        720        780       2220     705061   ELF Image Totals (compressed)
     35076        620        720        780          0          0   ROM Totals

==============================================================================

    Total RO  Size (Code + RO Data)                35796 (  34.96kB)
    Total RW  Size (RW Data + ZI Data)              5432 (   5.30kB)
    Total ROM Size (Code + RO Data + RW Data)      36576 (  35.72kB)

==============================================================================

